
         /\      Grafana   /‾‾/  
    /\  /  \     |\  __   /  /   
   /  \/    \    | |/ /  /   ‾‾\ 
  /          \   |   (  |  (‾)  |
 / __________ \  |_|\_\  \_____/ 

     execution: local
        script: k6/scenarios/refund-completion-delay-injection.js
        output: -

     scenarios: (100.00%) 1 scenario, 100 max VUs, 1m0s max duration (incl. graceful stop):
              * refund_delay_injection: 20.00 iterations/s for 30s (maxVUs: 40-100, gracefulStop: 30s)

running (14m34.0s), 002/040 VUs, 1 complete and 0 interrupted iterations

running (14m35.0s), 003/040 VUs, 20 complete and 0 interrupted iterations

running (14m36.0s), 004/040 VUs, 39 complete and 0 interrupted iterations

running (14m37.0s), 006/040 VUs, 57 complete and 0 interrupted iterations

running (14m38.0s), 006/040 VUs, 77 complete and 0 interrupted iterations

running (14m39.0s), 006/040 VUs, 97 complete and 0 interrupted iterations

running (14m40.0s), 006/040 VUs, 117 complete and 0 interrupted iterations

running (14m41.0s), 009/040 VUs, 134 complete and 0 interrupted iterations

running (14m42.0s), 018/040 VUs, 145 complete and 0 interrupted iterations

running (14m43.0s), 011/040 VUs, 172 complete and 0 interrupted iterations

running (14m44.0s), 004/040 VUs, 199 complete and 0 interrupted iterations

running (14m45.0s), 003/040 VUs, 220 complete and 0 interrupted iterations

running (14m46.0s), 003/040 VUs, 240 complete and 0 interrupted iterations

running (14m47.0s), 006/040 VUs, 257 complete and 0 interrupted iterations

running (14m48.0s), 006/040 VUs, 277 complete and 0 interrupted iterations

running (14m49.0s), 003/040 VUs, 300 complete and 0 interrupted iterations

running (14m50.0s), 008/040 VUs, 315 complete and 0 interrupted iterations

running (14m51.0s), 005/040 VUs, 338 complete and 0 interrupted iterations

running (14m52.0s), 003/040 VUs, 360 complete and 0 interrupted iterations

running (14m53.0s), 003/040 VUs, 380 complete and 0 interrupted iterations

running (14m54.0s), 003/040 VUs, 400 complete and 0 interrupted iterations

running (14m55.0s), 003/040 VUs, 420 complete and 0 interrupted iterations

running (14m56.0s), 010/040 VUs, 433 complete and 0 interrupted iterations

running (14m57.0s), 005/040 VUs, 458 complete and 0 interrupted iterations

running (14m58.0s), 004/040 VUs, 479 complete and 0 interrupted iterations

running (14m59.0s), 012/040 VUs, 491 complete and 0 interrupted iterations

running (15m00.0s), 005/040 VUs, 518 complete and 0 interrupted iterations

running (15m01.0s), 025/040 VUs, 518 complete and 0 interrupted iterations

running (15m02.0s), 029/040 VUs, 534 complete and 0 interrupted iterations

running (15m03.0s), 004/040 VUs, 579 complete and 0 interrupted iterations

running (15m04.0s), 005/040 VUs, 596 complete and 0 interrupted iterations

  █ TOTAL RESULTS 

    checks_total.......: 1202   1.329004/s
    checks_succeeded...: 99.83% 1200 out of 1202
    checks_failed......: 0.16%  2 out of 1202

    ✗ refund_cancel_delay_injection status is 200
      ↳  99% — ✓ 600 / ✗ 1
    ✗ refund_cancel_delay_injection body.success is true
      ↳  99% — ✓ 600 / ✗ 1

    CUSTOM
    refund_delay_injection_duration...: avg=372.745424 min=45      med=208      max=7144  p(90)=688      p(95)=1179  p(99)=1510 

    HTTP
    http_req_duration.................: avg=532.11ms   min=15.41ms med=189.37ms max=7.14s p(90)=1.25s    p(95)=1.35s p(99)=1.56s
      { expected_response:true }......: avg=532.35ms   min=15.41ms med=189.88ms max=7.14s p(90)=1.25s    p(95)=1.35s p(99)=1.56s
    http_req_failed...................: 0.04%  1 out of 2061
    http_reqs.........................: 2061   2.278766/s

    EXECUTION
    iteration_duration................: avg=373.01ms   min=46.09ms med=208.3ms  max=7.14s p(90)=687.87ms p(95)=1.17s p(99)=1.5s 
    iterations........................: 601    0.664502/s
    vus...............................: 5      min=0         max=29
    vus_max...........................: 40     min=40        max=40

    NETWORK
    data_received.....................: 1.3 MB 1.5 kB/s
    data_sent.........................: 931 kB 1.0 kB/s

running (15m04.4s), 000/040 VUs, 601 complete and 0 interrupted iterations
