
         /\      Grafana   /‾‾/  
    /\  /  \     |\  __   /  /   
   /  \/    \    | |/ /  /   ‾‾\ 
  /          \   |   (  |  (‾)  |
 / __________ \  |_|\_\  \_____/ 

     execution: local
        script: k6/scenarios/refund-completion-delay-injection.js
        output: -

     scenarios: (100.00%) 1 scenario, 100 max VUs, 1m0s max duration (incl. graceful stop):
              * refund_delay_injection: 20.00 iterations/s for 30s (maxVUs: 40-100, gracefulStop: 30s)

running (15m00.0s), 011/040 VUs, 9 complete and 0 interrupted iterations

running (15m01.0s), 012/040 VUs, 28 complete and 0 interrupted iterations

running (15m02.0s), 013/040 VUs, 47 complete and 0 interrupted iterations

running (15m03.0s), 014/040 VUs, 66 complete and 0 interrupted iterations

running (15m04.0s), 014/040 VUs, 86 complete and 0 interrupted iterations

running (15m05.0s), 016/040 VUs, 104 complete and 0 interrupted iterations

running (15m06.0s), 019/040 VUs, 121 complete and 0 interrupted iterations

running (15m07.0s), 019/040 VUs, 141 complete and 0 interrupted iterations

running (15m08.0s), 020/040 VUs, 160 complete and 0 interrupted iterations

running (15m09.0s), 021/040 VUs, 179 complete and 0 interrupted iterations

running (15m10.0s), 022/040 VUs, 198 complete and 0 interrupted iterations

running (15m11.0s), 023/040 VUs, 217 complete and 0 interrupted iterations

running (15m12.0s), 024/040 VUs, 236 complete and 0 interrupted iterations

running (15m13.0s), 025/040 VUs, 255 complete and 0 interrupted iterations

running (15m14.0s), 029/040 VUs, 271 complete and 0 interrupted iterations

running (15m15.0s), 029/040 VUs, 291 complete and 0 interrupted iterations

running (15m16.0s), 030/040 VUs, 310 complete and 0 interrupted iterations

running (15m17.0s), 030/040 VUs, 330 complete and 0 interrupted iterations

running (15m18.0s), 031/040 VUs, 349 complete and 0 interrupted iterations

running (15m19.0s), 033/040 VUs, 367 complete and 0 interrupted iterations

running (15m20.0s), 034/040 VUs, 386 complete and 0 interrupted iterations

running (15m21.0s), 034/040 VUs, 406 complete and 0 interrupted iterations

running (15m22.0s), 036/040 VUs, 424 complete and 0 interrupted iterations

running (15m23.0s), 038/040 VUs, 442 complete and 0 interrupted iterations

running (15m24.0s), 039/040 VUs, 461 complete and 0 interrupted iterations

running (15m25.0s), 038/041 VUs, 481 complete and 0 interrupted iterations

running (15m26.0s), 038/042 VUs, 500 complete and 0 interrupted iterations

running (15m27.0s), 039/042 VUs, 519 complete and 0 interrupted iterations

running (15m28.0s), 041/042 VUs, 537 complete and 0 interrupted iterations

running (15m29.0s), 042/043 VUs, 555 complete and 0 interrupted iterations

running (15m30.0s), 023/043 VUs, 575 complete and 0 interrupted iterations

running (15m31.0s), 003/043 VUs, 595 complete and 0 interrupted iterations

  █ TOTAL RESULTS 

    checks_total.......: 1196   1.284349/s
    checks_succeeded...: 99.66% 1192 out of 1196
    checks_failed......: 0.33%  4 out of 1196

    ✗ refund_cancel_delay_injection status is 200
      ↳  99% — ✓ 596 / ✗ 2
    ✗ refund_cancel_delay_injection body.success is true
      ↳  99% — ✓ 596 / ✗ 2

    CUSTOM
    refund_delay_injection_duration...: avg=1424.62709 min=17      med=1413  max=3497  p(90)=2140.5 p(95)=2279.45 p(99)=2742.78

    HTTP
    http_req_duration.................: avg=850.16ms   min=9.13ms  med=1.02s max=8.2s  p(90)=1.73s  p(95)=1.99s   p(99)=2.49s  
      { expected_response:true }......: avg=850.98ms   min=15.62ms med=1.02s max=8.2s  p(90)=1.73s  p(95)=1.99s   p(99)=2.49s  
    http_req_failed...................: 0.09%  2 out of 2058
    http_reqs.........................: 2058   2.210026/s

    EXECUTION
    dropped_iterations................: 3      0.003222/s
    iteration_duration................: avg=1.42s      min=16.81ms med=1.41s max=3.49s p(90)=2.13s  p(95)=2.27s   p(99)=2.74s  
    iterations........................: 598    0.642175/s
    vus...............................: 3      min=0         max=42
    vus_max...........................: 43     min=40        max=43

    NETWORK
    data_received.....................: 1.3 MB 1.4 kB/s
    data_sent.........................: 930 kB 999 B/s

running (15m31.2s), 000/043 VUs, 598 complete and 0 interrupted iterations
