
         /\      Grafana   /‾‾/  
    /\  /  \     |\  __   /  /   
   /  \/    \    | |/ /  /   ‾‾\ 
  /          \   |   (  |  (‾)  |
 / __________ \  |_|\_\  \_____/ 

     execution: local
        script: k6/scenarios/refund-completion-delay-injection.js
        output: -

     scenarios: (100.00%) 1 scenario, 100 max VUs, 1m0s max duration (incl. graceful stop):
              * refund_delay_injection: 20.00 iterations/s for 30s (maxVUs: 40-100, gracefulStop: 30s)

running (14m26.0s), 002/040 VUs, 0 complete and 0 interrupted iterations

running (14m27.0s), 007/040 VUs, 15 complete and 0 interrupted iterations

running (14m28.0s), 007/040 VUs, 35 complete and 0 interrupted iterations

running (14m29.0s), 007/040 VUs, 55 complete and 0 interrupted iterations

running (14m30.0s), 007/040 VUs, 75 complete and 0 interrupted iterations

running (14m31.0s), 007/040 VUs, 95 complete and 0 interrupted iterations

running (14m32.0s), 007/040 VUs, 115 complete and 0 interrupted iterations

running (14m33.0s), 007/040 VUs, 135 complete and 0 interrupted iterations

running (14m34.0s), 007/040 VUs, 155 complete and 0 interrupted iterations

running (14m35.0s), 007/040 VUs, 175 complete and 0 interrupted iterations

running (14m36.0s), 007/040 VUs, 195 complete and 0 interrupted iterations

running (14m37.0s), 007/040 VUs, 215 complete and 0 interrupted iterations

running (14m38.0s), 007/040 VUs, 235 complete and 0 interrupted iterations

running (14m39.0s), 007/040 VUs, 255 complete and 0 interrupted iterations

running (14m40.0s), 008/040 VUs, 274 complete and 0 interrupted iterations

running (14m41.0s), 007/040 VUs, 295 complete and 0 interrupted iterations

running (14m42.0s), 007/040 VUs, 315 complete and 0 interrupted iterations

running (14m43.0s), 007/040 VUs, 335 complete and 0 interrupted iterations

running (14m44.0s), 007/040 VUs, 355 complete and 0 interrupted iterations

running (14m45.0s), 007/040 VUs, 375 complete and 0 interrupted iterations

running (14m46.0s), 007/040 VUs, 395 complete and 0 interrupted iterations

running (14m47.0s), 007/040 VUs, 415 complete and 0 interrupted iterations

running (14m48.0s), 007/040 VUs, 435 complete and 0 interrupted iterations

running (14m49.0s), 007/040 VUs, 455 complete and 0 interrupted iterations

running (14m50.0s), 007/040 VUs, 475 complete and 0 interrupted iterations

running (14m51.0s), 007/040 VUs, 495 complete and 0 interrupted iterations

running (14m52.0s), 007/040 VUs, 515 complete and 0 interrupted iterations

running (14m53.0s), 007/040 VUs, 535 complete and 0 interrupted iterations

running (14m54.0s), 007/040 VUs, 555 complete and 0 interrupted iterations

running (14m55.0s), 009/040 VUs, 573 complete and 0 interrupted iterations

running (14m56.0s), 007/040 VUs, 594 complete and 0 interrupted iterations

  █ TOTAL RESULTS 

    checks_total.......: 1202    1.341053/s
    checks_succeeded...: 100.00% 1202 out of 1202
    checks_failed......: 0.00%   0 out of 1202

    ✓ refund_cancel_delay_injection status is 200
    ✓ refund_cancel_delay_injection body.success is true

    CUSTOM
    refund_delay_injection_duration...: avg=346.036606 min=331      med=337      max=559      p(90)=358      p(95)=401   p(99)=510     

    HTTP
    http_req_duration.................: avg=520.63ms   min=14.68ms  med=335.83ms max=1.99s    p(90)=1.25s    p(95)=1.32s p(99)=1.49s   
      { expected_response:true }......: avg=520.63ms   min=14.68ms  med=335.83ms max=1.99s    p(90)=1.25s    p(95)=1.32s p(99)=1.49s   
    http_req_failed...................: 0.00%  0 out of 2061
    http_reqs.........................: 2061   2.299426/s

    EXECUTION
    iteration_duration................: avg=346.23ms   min=331.76ms med=336.8ms  max=559.54ms p(90)=358.01ms p(95)=401ms p(99)=510.38ms
    iterations........................: 601    0.670527/s
    vus...............................: 7      min=0         max=9 
    vus_max...........................: 40     min=40        max=40

    NETWORK
    data_received.....................: 1.3 MB 1.5 kB/s
    data_sent.........................: 931 kB 1.0 kB/s

running (14m56.3s), 000/040 VUs, 601 complete and 0 interrupted iterations
