
         /\      Grafana   /‾‾/  
    /\  /  \     |\  __   /  /   
   /  \/    \    | |/ /  /   ‾‾\ 
  /          \   |   (  |  (‾)  |
 / __________ \  |_|\_\  \_____/ 

     execution: local
        script: k6/scenarios/refund-completion-failure.js
        output: -

     scenarios: (100.00%) 1 scenario, 100 max VUs, 45s max duration (incl. graceful stop):
              * refund_completion_failure: 20.00 iterations/s for 15s (maxVUs: 40-100, gracefulStop: 30s)

running (7m14.0s), 001/040 VUs, 4 complete and 0 interrupted iterations

running (7m15.0s), 001/040 VUs, 24 complete and 0 interrupted iterations

running (7m16.0s), 001/040 VUs, 44 complete and 0 interrupted iterations

running (7m17.0s), 001/040 VUs, 64 complete and 0 interrupted iterations

running (7m18.0s), 002/040 VUs, 83 complete and 0 interrupted iterations

running (7m19.0s), 001/040 VUs, 104 complete and 0 interrupted iterations

running (7m20.0s), 001/040 VUs, 124 complete and 0 interrupted iterations

running (7m21.0s), 001/040 VUs, 144 complete and 0 interrupted iterations

running (7m22.0s), 001/040 VUs, 164 complete and 0 interrupted iterations

running (7m23.0s), 001/040 VUs, 184 complete and 0 interrupted iterations

running (7m24.0s), 002/040 VUs, 203 complete and 0 interrupted iterations

running (7m25.0s), 002/040 VUs, 223 complete and 0 interrupted iterations

running (7m26.0s), 004/040 VUs, 241 complete and 0 interrupted iterations

running (7m27.0s), 002/040 VUs, 263 complete and 0 interrupted iterations

running (7m28.0s), 001/040 VUs, 284 complete and 0 interrupted iterations

  █ TOTAL RESULTS 

    checks_total.......: 602     1.341281/s
    checks_succeeded...: 100.00% 602 out of 602
    checks_failed......: 0.00%   0 out of 602

    ✓ refund_cancel_immediate_failure status is 500
    ✓ refund_cancel_immediate_failure body.success is false
    ✓ refund_cancel_processing_before_failure status is 200
    ✓ refund_webhook_failure status is 500

    CUSTOM
    refund_completion_failure_immediate_duration...: avg=55.13245 min=32      med=40      max=291      p(90)=93       p(95)=133      p(99)=188.5  
    refund_completion_failure_webhook_duration.....: avg=20       min=10      med=13      max=262      p(90)=33       p(95)=43.55    p(99)=85.65  

    HTTP
    http_req_duration..............................: avg=374.29ms min=10.11ms med=33.42ms max=1.6s     p(90)=1.24s    p(95)=1.32s    p(99)=1.46s  
      { expected_response:true }...................: avg=488.37ms min=15.01ms med=41.62ms max=1.6s     p(90)=1.26s    p(95)=1.35s    p(99)=1.47s  
    http_req_failed................................: 25.02% 301 out of 1203
    http_reqs......................................: 1203   2.680334/s

    EXECUTION
    iteration_duration.............................: avg=66.23ms  min=32.58ms med=53.3ms  max=300.54ms p(90)=115.52ms p(95)=147.53ms p(99)=239.2ms
    iterations.....................................: 301    0.67064/s
    vus............................................: 1      min=0           max=4 
    vus_max........................................: 40     min=40          max=40

    NETWORK
    data_received..................................: 750 kB 1.7 kB/s
    data_sent......................................: 566 kB 1.3 kB/s

running (7m28.8s), 000/040 VUs, 301 complete and 0 interrupted iterations
