
         /\      Grafana   /‾‾/  
    /\  /  \     |\  __   /  /   
   /  \/    \    | |/ /  /   ‾‾\ 
  /          \   |   (  |  (‾)  |
 / __________ \  |_|\_\  \_____/ 

     execution: local
        script: k6/scenarios/refund-completion-external-delay.js
        output: -

     scenarios: (100.00%) 1 scenario, 100 max VUs, 1m0s max duration (incl. graceful stop):
              * refund_external_delay: 20.00 iterations/s for 30s (maxVUs: 40-100, gracefulStop: 30s)

running (14m31.0s), 001/040 VUs, 5 complete and 0 interrupted iterations

running (14m32.0s), 003/040 VUs, 23 complete and 0 interrupted iterations

running (14m33.0s), 002/040 VUs, 44 complete and 0 interrupted iterations

running (14m34.0s), 001/040 VUs, 65 complete and 0 interrupted iterations

running (14m35.0s), 001/040 VUs, 85 complete and 0 interrupted iterations

running (14m36.0s), 001/040 VUs, 105 complete and 0 interrupted iterations

running (14m37.0s), 001/040 VUs, 125 complete and 0 interrupted iterations

running (14m38.0s), 001/040 VUs, 145 complete and 0 interrupted iterations

running (14m39.0s), 001/040 VUs, 165 complete and 0 interrupted iterations

running (14m40.0s), 001/040 VUs, 185 complete and 0 interrupted iterations

running (14m41.0s), 001/040 VUs, 205 complete and 0 interrupted iterations

running (14m42.0s), 001/040 VUs, 225 complete and 0 interrupted iterations

running (14m43.0s), 001/040 VUs, 245 complete and 0 interrupted iterations

running (14m44.0s), 001/040 VUs, 265 complete and 0 interrupted iterations

running (14m45.0s), 001/040 VUs, 285 complete and 0 interrupted iterations

running (14m46.0s), 001/040 VUs, 305 complete and 0 interrupted iterations

running (14m47.0s), 001/040 VUs, 325 complete and 0 interrupted iterations

running (14m48.0s), 001/040 VUs, 345 complete and 0 interrupted iterations

running (14m49.0s), 001/040 VUs, 365 complete and 0 interrupted iterations

running (14m50.0s), 001/040 VUs, 385 complete and 0 interrupted iterations

running (14m51.0s), 001/040 VUs, 405 complete and 0 interrupted iterations

running (14m52.0s), 001/040 VUs, 425 complete and 0 interrupted iterations

running (14m53.0s), 001/040 VUs, 445 complete and 0 interrupted iterations

running (14m54.0s), 001/040 VUs, 465 complete and 0 interrupted iterations

running (14m55.0s), 001/040 VUs, 485 complete and 0 interrupted iterations

running (14m56.0s), 001/040 VUs, 505 complete and 0 interrupted iterations

running (14m57.0s), 001/040 VUs, 525 complete and 0 interrupted iterations

running (14m58.0s), 001/040 VUs, 545 complete and 0 interrupted iterations

running (14m59.0s), 001/040 VUs, 565 complete and 0 interrupted iterations

running (15m00.0s), 001/040 VUs, 585 complete and 0 interrupted iterations

  █ TOTAL RESULTS 

    checks_total.......: 601    0.667213/s
    checks_succeeded...: 99.00% 595 out of 601
    checks_failed......: 0.99%  6 out of 601

    ✗ refund_cancel_external_delay status is 502(PORTONE_REFUND_FAILED)
      ↳  99% — ✓ 595 / ✗ 6

    CUSTOM
    refund_external_delay_duration...: avg=36.585691 min=15      med=25      max=518      p(90)=36      p(95)=86      p(99)=350     

    HTTP
    http_req_duration................: avg=432.75ms  min=8.71ms  med=32.4ms  max=2.32s    p(90)=1.25s   p(95)=1.32s   p(99)=1.5s    
      { expected_response:true }.....: avg=596.05ms  min=13.87ms med=96.03ms max=2.32s    p(90)=1.26s   p(95)=1.36s   p(99)=1.54s   
    http_req_failed..................: 29.16% 601 out of 2061
    http_reqs........................: 2061   2.288063/s

    EXECUTION
    iteration_duration...............: avg=36.85ms   min=15.41ms med=25.64ms max=517.66ms p(90)=36.93ms p(95)=86.07ms p(99)=350.34ms
    iterations.......................: 601    0.667213/s
    vus..............................: 1      min=0           max=3 
    vus_max..........................: 40     min=40          max=40

    NETWORK
    data_received....................: 1.3 MB 1.4 kB/s
    data_sent........................: 937 kB 1.0 kB/s

running (15m00.8s), 000/040 VUs, 601 complete and 0 interrupted iterations
