
         /\      Grafana   /‾‾/  
    /\  /  \     |\  __   /  /   
   /  \/    \    | |/ /  /   ‾‾\ 
  /          \   |   (  |  (‾)  |
 / __________ \  |_|\_\  \_____/ 


     execution: local
        script: k6/scenarios/restaurant-view-hotpath.js
        output: -

     scenarios: (100.00%) 1 scenario, 60 max VUs, 5m30s max duration (incl. graceful stop):
              * restaurant_view_hotpath: 20.00 iterations/s for 5m0s (maxVUs: 20-60, gracefulStop: 30s)


running (0m01.0s), 01/20 VUs, 9 complete and 0 interrupted iterations
restaurant_view_hotpath   [   0% ] 01/20 VUs  0m00.5s/5m0s  20.00 iters/s

running (0m02.0s), 01/20 VUs, 29 complete and 0 interrupted iterations
restaurant_view_hotpath   [   0% ] 01/20 VUs  0m01.5s/5m0s  20.00 iters/s

running (0m03.0s), 01/20 VUs, 49 complete and 0 interrupted iterations
restaurant_view_hotpath   [   1% ] 01/20 VUs  0m02.5s/5m0s  20.00 iters/s

running (0m04.0s), 01/20 VUs, 69 complete and 0 interrupted iterations
restaurant_view_hotpath   [   1% ] 01/20 VUs  0m03.5s/5m0s  20.00 iters/s

running (0m05.0s), 01/20 VUs, 89 complete and 0 interrupted iterations
restaurant_view_hotpath   [   1% ] 01/20 VUs  0m04.5s/5m0s  20.00 iters/s

running (0m06.0s), 01/20 VUs, 109 complete and 0 interrupted iterations
restaurant_view_hotpath   [   2% ] 01/20 VUs  0m05.5s/5m0s  20.00 iters/s

running (0m07.0s), 01/20 VUs, 129 complete and 0 interrupted iterations
restaurant_view_hotpath   [   2% ] 01/20 VUs  0m06.5s/5m0s  20.00 iters/s

running (0m08.0s), 01/20 VUs, 149 complete and 0 interrupted iterations
restaurant_view_hotpath   [   2% ] 01/20 VUs  0m07.5s/5m0s  20.00 iters/s

running (0m09.0s), 01/20 VUs, 169 complete and 0 interrupted iterations
restaurant_view_hotpath   [   3% ] 01/20 VUs  0m08.5s/5m0s  20.00 iters/s

running (0m10.0s), 01/20 VUs, 189 complete and 0 interrupted iterations
restaurant_view_hotpath   [   3% ] 01/20 VUs  0m09.5s/5m0s  20.00 iters/s

running (0m11.0s), 01/20 VUs, 209 complete and 0 interrupted iterations
restaurant_view_hotpath   [   3% ] 01/20 VUs  0m10.5s/5m0s  20.00 iters/s

running (0m12.0s), 01/20 VUs, 229 complete and 0 interrupted iterations
restaurant_view_hotpath   [   4% ] 01/20 VUs  0m11.5s/5m0s  20.00 iters/s

running (0m13.0s), 01/20 VUs, 249 complete and 0 interrupted iterations
restaurant_view_hotpath   [   4% ] 01/20 VUs  0m12.5s/5m0s  20.00 iters/s

running (0m14.0s), 01/20 VUs, 269 complete and 0 interrupted iterations
restaurant_view_hotpath   [   4% ] 01/20 VUs  0m13.5s/5m0s  20.00 iters/s

running (0m15.0s), 01/20 VUs, 289 complete and 0 interrupted iterations
restaurant_view_hotpath   [   5% ] 01/20 VUs  0m14.5s/5m0s  20.00 iters/s

running (0m16.0s), 01/20 VUs, 309 complete and 0 interrupted iterations
restaurant_view_hotpath   [   5% ] 01/20 VUs  0m15.5s/5m0s  20.00 iters/s

running (0m17.0s), 01/20 VUs, 329 complete and 0 interrupted iterations
restaurant_view_hotpath   [   5% ] 01/20 VUs  0m16.5s/5m0s  20.00 iters/s

running (0m18.0s), 01/20 VUs, 349 complete and 0 interrupted iterations
restaurant_view_hotpath   [   6% ] 01/20 VUs  0m17.5s/5m0s  20.00 iters/s

running (0m19.0s), 01/20 VUs, 369 complete and 0 interrupted iterations
restaurant_view_hotpath   [   6% ] 01/20 VUs  0m18.5s/5m0s  20.00 iters/s

running (0m20.0s), 01/20 VUs, 389 complete and 0 interrupted iterations
restaurant_view_hotpath   [   6% ] 01/20 VUs  0m19.5s/5m0s  20.00 iters/s

running (0m21.0s), 01/20 VUs, 409 complete and 0 interrupted iterations
restaurant_view_hotpath   [   7% ] 01/20 VUs  0m20.5s/5m0s  20.00 iters/s

running (0m22.0s), 01/20 VUs, 429 complete and 0 interrupted iterations
restaurant_view_hotpath   [   7% ] 01/20 VUs  0m21.5s/5m0s  20.00 iters/s

running (0m23.0s), 01/20 VUs, 449 complete and 0 interrupted iterations
restaurant_view_hotpath   [   7% ] 01/20 VUs  0m22.5s/5m0s  20.00 iters/s

running (0m24.0s), 01/20 VUs, 469 complete and 0 interrupted iterations
restaurant_view_hotpath   [   8% ] 01/20 VUs  0m23.5s/5m0s  20.00 iters/s

running (0m25.0s), 01/20 VUs, 489 complete and 0 interrupted iterations
restaurant_view_hotpath   [   8% ] 01/20 VUs  0m24.5s/5m0s  20.00 iters/s

running (0m26.0s), 01/20 VUs, 509 complete and 0 interrupted iterations
restaurant_view_hotpath   [   8% ] 01/20 VUs  0m25.5s/5m0s  20.00 iters/s

running (0m27.0s), 01/20 VUs, 529 complete and 0 interrupted iterations
restaurant_view_hotpath   [   9% ] 01/20 VUs  0m26.5s/5m0s  20.00 iters/s

running (0m28.0s), 01/20 VUs, 549 complete and 0 interrupted iterations
restaurant_view_hotpath   [   9% ] 01/20 VUs  0m27.5s/5m0s  20.00 iters/s

running (0m29.0s), 01/20 VUs, 569 complete and 0 interrupted iterations
restaurant_view_hotpath   [   9% ] 01/20 VUs  0m28.5s/5m0s  20.00 iters/s

running (0m30.0s), 01/20 VUs, 589 complete and 0 interrupted iterations
restaurant_view_hotpath   [  10% ] 01/20 VUs  0m29.5s/5m0s  20.00 iters/s

running (0m31.0s), 01/20 VUs, 609 complete and 0 interrupted iterations
restaurant_view_hotpath   [  10% ] 01/20 VUs  0m30.5s/5m0s  20.00 iters/s

running (0m32.0s), 01/20 VUs, 629 complete and 0 interrupted iterations
restaurant_view_hotpath   [  10% ] 01/20 VUs  0m31.5s/5m0s  20.00 iters/s

running (0m33.0s), 01/20 VUs, 649 complete and 0 interrupted iterations
restaurant_view_hotpath   [  11% ] 01/20 VUs  0m32.5s/5m0s  20.00 iters/s

running (0m34.0s), 01/20 VUs, 669 complete and 0 interrupted iterations
restaurant_view_hotpath   [  11% ] 01/20 VUs  0m33.5s/5m0s  20.00 iters/s

running (0m35.0s), 01/20 VUs, 689 complete and 0 interrupted iterations
restaurant_view_hotpath   [  11% ] 01/20 VUs  0m34.5s/5m0s  20.00 iters/s

running (0m36.0s), 01/20 VUs, 709 complete and 0 interrupted iterations
restaurant_view_hotpath   [  12% ] 01/20 VUs  0m35.5s/5m0s  20.00 iters/s

running (0m37.0s), 01/20 VUs, 729 complete and 0 interrupted iterations
restaurant_view_hotpath   [  12% ] 01/20 VUs  0m36.5s/5m0s  20.00 iters/s

running (0m38.0s), 01/20 VUs, 749 complete and 0 interrupted iterations
restaurant_view_hotpath   [  12% ] 01/20 VUs  0m37.5s/5m0s  20.00 iters/s

running (0m39.0s), 01/20 VUs, 769 complete and 0 interrupted iterations
restaurant_view_hotpath   [  13% ] 01/20 VUs  0m38.5s/5m0s  20.00 iters/s

running (0m40.0s), 01/20 VUs, 789 complete and 0 interrupted iterations
restaurant_view_hotpath   [  13% ] 01/20 VUs  0m39.5s/5m0s  20.00 iters/s

running (0m41.0s), 01/20 VUs, 809 complete and 0 interrupted iterations
restaurant_view_hotpath   [  13% ] 01/20 VUs  0m40.5s/5m0s  20.00 iters/s

running (0m42.0s), 01/20 VUs, 829 complete and 0 interrupted iterations
restaurant_view_hotpath   [  14% ] 01/20 VUs  0m41.5s/5m0s  20.00 iters/s

running (0m43.0s), 01/20 VUs, 849 complete and 0 interrupted iterations
restaurant_view_hotpath   [  14% ] 01/20 VUs  0m42.5s/5m0s  20.00 iters/s

running (0m44.0s), 01/20 VUs, 869 complete and 0 interrupted iterations
restaurant_view_hotpath   [  14% ] 01/20 VUs  0m43.5s/5m0s  20.00 iters/s

running (0m45.0s), 01/20 VUs, 889 complete and 0 interrupted iterations
restaurant_view_hotpath   [  15% ] 01/20 VUs  0m44.5s/5m0s  20.00 iters/s

running (0m46.0s), 01/20 VUs, 909 complete and 0 interrupted iterations
restaurant_view_hotpath   [  15% ] 01/20 VUs  0m45.5s/5m0s  20.00 iters/s

running (0m47.0s), 01/20 VUs, 929 complete and 0 interrupted iterations
restaurant_view_hotpath   [  15% ] 01/20 VUs  0m46.5s/5m0s  20.00 iters/s

running (0m48.0s), 01/20 VUs, 949 complete and 0 interrupted iterations
restaurant_view_hotpath   [  16% ] 01/20 VUs  0m47.5s/5m0s  20.00 iters/s

running (0m49.0s), 01/20 VUs, 969 complete and 0 interrupted iterations
restaurant_view_hotpath   [  16% ] 01/20 VUs  0m48.5s/5m0s  20.00 iters/s

running (0m50.0s), 01/20 VUs, 989 complete and 0 interrupted iterations
restaurant_view_hotpath   [  16% ] 01/20 VUs  0m49.5s/5m0s  20.00 iters/s

running (0m51.0s), 01/20 VUs, 1009 complete and 0 interrupted iterations
restaurant_view_hotpath   [  17% ] 01/20 VUs  0m50.5s/5m0s  20.00 iters/s

running (0m52.0s), 01/20 VUs, 1029 complete and 0 interrupted iterations
restaurant_view_hotpath   [  17% ] 01/20 VUs  0m51.5s/5m0s  20.00 iters/s

running (0m53.0s), 01/20 VUs, 1049 complete and 0 interrupted iterations
restaurant_view_hotpath   [  17% ] 01/20 VUs  0m52.5s/5m0s  20.00 iters/s

running (0m54.0s), 01/20 VUs, 1069 complete and 0 interrupted iterations
restaurant_view_hotpath   [  18% ] 01/20 VUs  0m53.5s/5m0s  20.00 iters/s

running (0m55.0s), 01/20 VUs, 1089 complete and 0 interrupted iterations
restaurant_view_hotpath   [  18% ] 01/20 VUs  0m54.5s/5m0s  20.00 iters/s

running (0m56.0s), 01/20 VUs, 1109 complete and 0 interrupted iterations
restaurant_view_hotpath   [  18% ] 01/20 VUs  0m55.5s/5m0s  20.00 iters/s

running (0m57.0s), 01/20 VUs, 1129 complete and 0 interrupted iterations
restaurant_view_hotpath   [  19% ] 01/20 VUs  0m56.5s/5m0s  20.00 iters/s

running (0m58.0s), 01/20 VUs, 1149 complete and 0 interrupted iterations
restaurant_view_hotpath   [  19% ] 01/20 VUs  0m57.5s/5m0s  20.00 iters/s

running (0m59.0s), 01/20 VUs, 1169 complete and 0 interrupted iterations
restaurant_view_hotpath   [  19% ] 01/20 VUs  0m58.5s/5m0s  20.00 iters/s

running (1m00.0s), 01/20 VUs, 1189 complete and 0 interrupted iterations
restaurant_view_hotpath   [  20% ] 01/20 VUs  0m59.5s/5m0s  20.00 iters/s

running (1m01.0s), 01/20 VUs, 1209 complete and 0 interrupted iterations
restaurant_view_hotpath   [  20% ] 01/20 VUs  1m00.5s/5m0s  20.00 iters/s

running (1m02.0s), 01/20 VUs, 1229 complete and 0 interrupted iterations
restaurant_view_hotpath   [  20% ] 01/20 VUs  1m01.5s/5m0s  20.00 iters/s

running (1m03.0s), 01/20 VUs, 1249 complete and 0 interrupted iterations
restaurant_view_hotpath   [  21% ] 01/20 VUs  1m02.5s/5m0s  20.00 iters/s

running (1m04.0s), 01/20 VUs, 1269 complete and 0 interrupted iterations
restaurant_view_hotpath   [  21% ] 01/20 VUs  1m03.5s/5m0s  20.00 iters/s

running (1m05.0s), 01/20 VUs, 1289 complete and 0 interrupted iterations
restaurant_view_hotpath   [  21% ] 01/20 VUs  1m04.5s/5m0s  20.00 iters/s

running (1m06.0s), 01/20 VUs, 1309 complete and 0 interrupted iterations
restaurant_view_hotpath   [  22% ] 01/20 VUs  1m05.5s/5m0s  20.00 iters/s

running (1m07.0s), 01/20 VUs, 1329 complete and 0 interrupted iterations
restaurant_view_hotpath   [  22% ] 01/20 VUs  1m06.5s/5m0s  20.00 iters/s

running (1m08.0s), 01/20 VUs, 1349 complete and 0 interrupted iterations
restaurant_view_hotpath   [  22% ] 01/20 VUs  1m07.5s/5m0s  20.00 iters/s

running (1m09.0s), 01/20 VUs, 1369 complete and 0 interrupted iterations
restaurant_view_hotpath   [  23% ] 01/20 VUs  1m08.5s/5m0s  20.00 iters/s

running (1m10.0s), 01/20 VUs, 1389 complete and 0 interrupted iterations
restaurant_view_hotpath   [  23% ] 01/20 VUs  1m09.5s/5m0s  20.00 iters/s

running (1m11.0s), 01/20 VUs, 1409 complete and 0 interrupted iterations
restaurant_view_hotpath   [  23% ] 01/20 VUs  1m10.5s/5m0s  20.00 iters/s

running (1m12.0s), 01/20 VUs, 1429 complete and 0 interrupted iterations
restaurant_view_hotpath   [  24% ] 01/20 VUs  1m11.5s/5m0s  20.00 iters/s

running (1m13.0s), 01/20 VUs, 1449 complete and 0 interrupted iterations
restaurant_view_hotpath   [  24% ] 01/20 VUs  1m12.5s/5m0s  20.00 iters/s

running (1m14.0s), 01/20 VUs, 1469 complete and 0 interrupted iterations
restaurant_view_hotpath   [  24% ] 01/20 VUs  1m13.5s/5m0s  20.00 iters/s

running (1m15.0s), 01/20 VUs, 1489 complete and 0 interrupted iterations
restaurant_view_hotpath   [  25% ] 01/20 VUs  1m14.5s/5m0s  20.00 iters/s

running (1m16.0s), 01/20 VUs, 1509 complete and 0 interrupted iterations
restaurant_view_hotpath   [  25% ] 01/20 VUs  1m15.5s/5m0s  20.00 iters/s

running (1m17.0s), 01/20 VUs, 1529 complete and 0 interrupted iterations
restaurant_view_hotpath   [  25% ] 01/20 VUs  1m16.5s/5m0s  20.00 iters/s

running (1m18.0s), 01/20 VUs, 1549 complete and 0 interrupted iterations
restaurant_view_hotpath   [  26% ] 01/20 VUs  1m17.5s/5m0s  20.00 iters/s

running (1m19.0s), 01/20 VUs, 1569 complete and 0 interrupted iterations
restaurant_view_hotpath   [  26% ] 01/20 VUs  1m18.5s/5m0s  20.00 iters/s

running (1m20.0s), 01/20 VUs, 1589 complete and 0 interrupted iterations
restaurant_view_hotpath   [  26% ] 01/20 VUs  1m19.5s/5m0s  20.00 iters/s

running (1m21.0s), 01/20 VUs, 1609 complete and 0 interrupted iterations
restaurant_view_hotpath   [  27% ] 01/20 VUs  1m20.5s/5m0s  20.00 iters/s

running (1m22.0s), 01/20 VUs, 1629 complete and 0 interrupted iterations
restaurant_view_hotpath   [  27% ] 01/20 VUs  1m21.5s/5m0s  20.00 iters/s

running (1m23.0s), 01/20 VUs, 1649 complete and 0 interrupted iterations
restaurant_view_hotpath   [  27% ] 01/20 VUs  1m22.5s/5m0s  20.00 iters/s

running (1m24.0s), 01/20 VUs, 1669 complete and 0 interrupted iterations
restaurant_view_hotpath   [  28% ] 01/20 VUs  1m23.5s/5m0s  20.00 iters/s

running (1m25.0s), 01/20 VUs, 1689 complete and 0 interrupted iterations
restaurant_view_hotpath   [  28% ] 01/20 VUs  1m24.5s/5m0s  20.00 iters/s

running (1m26.0s), 01/20 VUs, 1709 complete and 0 interrupted iterations
restaurant_view_hotpath   [  28% ] 01/20 VUs  1m25.5s/5m0s  20.00 iters/s

running (1m27.0s), 01/20 VUs, 1729 complete and 0 interrupted iterations
restaurant_view_hotpath   [  29% ] 01/20 VUs  1m26.5s/5m0s  20.00 iters/s

running (1m28.0s), 01/20 VUs, 1749 complete and 0 interrupted iterations
restaurant_view_hotpath   [  29% ] 01/20 VUs  1m27.5s/5m0s  20.00 iters/s

running (1m29.0s), 01/20 VUs, 1769 complete and 0 interrupted iterations
restaurant_view_hotpath   [  29% ] 01/20 VUs  1m28.5s/5m0s  20.00 iters/s

running (1m30.0s), 01/20 VUs, 1789 complete and 0 interrupted iterations
restaurant_view_hotpath   [  30% ] 01/20 VUs  1m29.5s/5m0s  20.00 iters/s

running (1m31.0s), 01/20 VUs, 1809 complete and 0 interrupted iterations
restaurant_view_hotpath   [  30% ] 01/20 VUs  1m30.5s/5m0s  20.00 iters/s

running (1m32.0s), 01/20 VUs, 1829 complete and 0 interrupted iterations
restaurant_view_hotpath   [  30% ] 01/20 VUs  1m31.5s/5m0s  20.00 iters/s

running (1m33.0s), 01/20 VUs, 1849 complete and 0 interrupted iterations
restaurant_view_hotpath   [  31% ] 01/20 VUs  1m32.5s/5m0s  20.00 iters/s

running (1m34.0s), 01/20 VUs, 1869 complete and 0 interrupted iterations
restaurant_view_hotpath   [  31% ] 01/20 VUs  1m33.5s/5m0s  20.00 iters/s

running (1m35.0s), 01/20 VUs, 1889 complete and 0 interrupted iterations
restaurant_view_hotpath   [  31% ] 01/20 VUs  1m34.5s/5m0s  20.00 iters/s

running (1m36.0s), 01/20 VUs, 1909 complete and 0 interrupted iterations
restaurant_view_hotpath   [  32% ] 01/20 VUs  1m35.5s/5m0s  20.00 iters/s

running (1m37.0s), 01/20 VUs, 1929 complete and 0 interrupted iterations
restaurant_view_hotpath   [  32% ] 01/20 VUs  1m36.5s/5m0s  20.00 iters/s

running (1m38.0s), 01/20 VUs, 1949 complete and 0 interrupted iterations
restaurant_view_hotpath   [  32% ] 01/20 VUs  1m37.5s/5m0s  20.00 iters/s

running (1m39.0s), 01/20 VUs, 1969 complete and 0 interrupted iterations
restaurant_view_hotpath   [  33% ] 01/20 VUs  1m38.5s/5m0s  20.00 iters/s

running (1m40.0s), 01/20 VUs, 1989 complete and 0 interrupted iterations
restaurant_view_hotpath   [  33% ] 01/20 VUs  1m39.5s/5m0s  20.00 iters/s

running (1m41.0s), 01/20 VUs, 2009 complete and 0 interrupted iterations
restaurant_view_hotpath   [  33% ] 01/20 VUs  1m40.5s/5m0s  20.00 iters/s

running (1m42.0s), 01/20 VUs, 2029 complete and 0 interrupted iterations
restaurant_view_hotpath   [  34% ] 01/20 VUs  1m41.5s/5m0s  20.00 iters/s

running (1m43.0s), 01/20 VUs, 2049 complete and 0 interrupted iterations
restaurant_view_hotpath   [  34% ] 01/20 VUs  1m42.5s/5m0s  20.00 iters/s

running (1m44.0s), 01/20 VUs, 2069 complete and 0 interrupted iterations
restaurant_view_hotpath   [  34% ] 01/20 VUs  1m43.5s/5m0s  20.00 iters/s

running (1m45.0s), 01/20 VUs, 2089 complete and 0 interrupted iterations
restaurant_view_hotpath   [  35% ] 01/20 VUs  1m44.5s/5m0s  20.00 iters/s

running (1m46.0s), 01/20 VUs, 2109 complete and 0 interrupted iterations
restaurant_view_hotpath   [  35% ] 01/20 VUs  1m45.5s/5m0s  20.00 iters/s

running (1m47.0s), 01/20 VUs, 2129 complete and 0 interrupted iterations
restaurant_view_hotpath   [  35% ] 01/20 VUs  1m46.5s/5m0s  20.00 iters/s

running (1m48.0s), 01/20 VUs, 2149 complete and 0 interrupted iterations
restaurant_view_hotpath   [  36% ] 01/20 VUs  1m47.5s/5m0s  20.00 iters/s

running (1m49.0s), 01/20 VUs, 2169 complete and 0 interrupted iterations
restaurant_view_hotpath   [  36% ] 01/20 VUs  1m48.5s/5m0s  20.00 iters/s

running (1m50.0s), 01/20 VUs, 2189 complete and 0 interrupted iterations
restaurant_view_hotpath   [  36% ] 01/20 VUs  1m49.5s/5m0s  20.00 iters/s

running (1m51.0s), 01/20 VUs, 2209 complete and 0 interrupted iterations
restaurant_view_hotpath   [  37% ] 01/20 VUs  1m50.5s/5m0s  20.00 iters/s

running (1m52.0s), 01/20 VUs, 2229 complete and 0 interrupted iterations
restaurant_view_hotpath   [  37% ] 01/20 VUs  1m51.5s/5m0s  20.00 iters/s

running (1m53.0s), 01/20 VUs, 2249 complete and 0 interrupted iterations
restaurant_view_hotpath   [  37% ] 01/20 VUs  1m52.5s/5m0s  20.00 iters/s

running (1m54.0s), 01/20 VUs, 2269 complete and 0 interrupted iterations
restaurant_view_hotpath   [  38% ] 01/20 VUs  1m53.5s/5m0s  20.00 iters/s

running (1m55.0s), 01/20 VUs, 2289 complete and 0 interrupted iterations
restaurant_view_hotpath   [  38% ] 01/20 VUs  1m54.5s/5m0s  20.00 iters/s

running (1m56.0s), 01/20 VUs, 2309 complete and 0 interrupted iterations
restaurant_view_hotpath   [  38% ] 01/20 VUs  1m55.5s/5m0s  20.00 iters/s

running (1m57.0s), 01/20 VUs, 2329 complete and 0 interrupted iterations
restaurant_view_hotpath   [  39% ] 01/20 VUs  1m56.5s/5m0s  20.00 iters/s

running (1m58.0s), 01/20 VUs, 2349 complete and 0 interrupted iterations
restaurant_view_hotpath   [  39% ] 01/20 VUs  1m57.5s/5m0s  20.00 iters/s

running (1m59.0s), 01/20 VUs, 2369 complete and 0 interrupted iterations
restaurant_view_hotpath   [  39% ] 01/20 VUs  1m58.5s/5m0s  20.00 iters/s

running (2m00.0s), 01/20 VUs, 2389 complete and 0 interrupted iterations
restaurant_view_hotpath   [  40% ] 01/20 VUs  1m59.5s/5m0s  20.00 iters/s

running (2m01.0s), 01/20 VUs, 2409 complete and 0 interrupted iterations
restaurant_view_hotpath   [  40% ] 01/20 VUs  2m00.5s/5m0s  20.00 iters/s

running (2m02.0s), 01/20 VUs, 2429 complete and 0 interrupted iterations
restaurant_view_hotpath   [  40% ] 01/20 VUs  2m01.5s/5m0s  20.00 iters/s

running (2m03.0s), 01/20 VUs, 2449 complete and 0 interrupted iterations
restaurant_view_hotpath   [  41% ] 01/20 VUs  2m02.5s/5m0s  20.00 iters/s

running (2m04.0s), 01/20 VUs, 2469 complete and 0 interrupted iterations
restaurant_view_hotpath   [  41% ] 01/20 VUs  2m03.5s/5m0s  20.00 iters/s

running (2m05.0s), 01/20 VUs, 2489 complete and 0 interrupted iterations
restaurant_view_hotpath   [  41% ] 01/20 VUs  2m04.5s/5m0s  20.00 iters/s

running (2m06.0s), 01/20 VUs, 2509 complete and 0 interrupted iterations
restaurant_view_hotpath   [  42% ] 01/20 VUs  2m05.5s/5m0s  20.00 iters/s

running (2m07.0s), 01/20 VUs, 2529 complete and 0 interrupted iterations
restaurant_view_hotpath   [  42% ] 01/20 VUs  2m06.5s/5m0s  20.00 iters/s

running (2m08.0s), 01/20 VUs, 2549 complete and 0 interrupted iterations
restaurant_view_hotpath   [  42% ] 01/20 VUs  2m07.5s/5m0s  20.00 iters/s

running (2m09.0s), 01/20 VUs, 2569 complete and 0 interrupted iterations
restaurant_view_hotpath   [  43% ] 01/20 VUs  2m08.5s/5m0s  20.00 iters/s

running (2m10.0s), 01/20 VUs, 2589 complete and 0 interrupted iterations
restaurant_view_hotpath   [  43% ] 01/20 VUs  2m09.5s/5m0s  20.00 iters/s

running (2m11.0s), 01/20 VUs, 2609 complete and 0 interrupted iterations
restaurant_view_hotpath   [  43% ] 01/20 VUs  2m10.5s/5m0s  20.00 iters/s

running (2m12.0s), 01/20 VUs, 2629 complete and 0 interrupted iterations
restaurant_view_hotpath   [  44% ] 01/20 VUs  2m11.5s/5m0s  20.00 iters/s

running (2m13.0s), 01/20 VUs, 2649 complete and 0 interrupted iterations
restaurant_view_hotpath   [  44% ] 01/20 VUs  2m12.5s/5m0s  20.00 iters/s

running (2m14.0s), 01/20 VUs, 2669 complete and 0 interrupted iterations
restaurant_view_hotpath   [  44% ] 01/20 VUs  2m13.5s/5m0s  20.00 iters/s

running (2m15.0s), 01/20 VUs, 2689 complete and 0 interrupted iterations
restaurant_view_hotpath   [  45% ] 01/20 VUs  2m14.5s/5m0s  20.00 iters/s

running (2m16.0s), 01/20 VUs, 2709 complete and 0 interrupted iterations
restaurant_view_hotpath   [  45% ] 01/20 VUs  2m15.5s/5m0s  20.00 iters/s

running (2m17.0s), 01/20 VUs, 2729 complete and 0 interrupted iterations
restaurant_view_hotpath   [  45% ] 01/20 VUs  2m16.5s/5m0s  20.00 iters/s

running (2m18.0s), 01/20 VUs, 2749 complete and 0 interrupted iterations
restaurant_view_hotpath   [  46% ] 01/20 VUs  2m17.5s/5m0s  20.00 iters/s

running (2m19.0s), 01/20 VUs, 2769 complete and 0 interrupted iterations
restaurant_view_hotpath   [  46% ] 01/20 VUs  2m18.5s/5m0s  20.00 iters/s

running (2m20.0s), 01/20 VUs, 2789 complete and 0 interrupted iterations
restaurant_view_hotpath   [  46% ] 01/20 VUs  2m19.5s/5m0s  20.00 iters/s

running (2m21.0s), 01/20 VUs, 2809 complete and 0 interrupted iterations
restaurant_view_hotpath   [  47% ] 01/20 VUs  2m20.5s/5m0s  20.00 iters/s

running (2m22.0s), 01/20 VUs, 2829 complete and 0 interrupted iterations
restaurant_view_hotpath   [  47% ] 01/20 VUs  2m21.5s/5m0s  20.00 iters/s

running (2m23.0s), 01/20 VUs, 2849 complete and 0 interrupted iterations
restaurant_view_hotpath   [  47% ] 01/20 VUs  2m22.5s/5m0s  20.00 iters/s

running (2m24.0s), 01/20 VUs, 2869 complete and 0 interrupted iterations
restaurant_view_hotpath   [  48% ] 01/20 VUs  2m23.5s/5m0s  20.00 iters/s

running (2m25.0s), 01/20 VUs, 2889 complete and 0 interrupted iterations
restaurant_view_hotpath   [  48% ] 01/20 VUs  2m24.5s/5m0s  20.00 iters/s

running (2m26.0s), 01/20 VUs, 2909 complete and 0 interrupted iterations
restaurant_view_hotpath   [  48% ] 01/20 VUs  2m25.5s/5m0s  20.00 iters/s

running (2m27.0s), 01/20 VUs, 2929 complete and 0 interrupted iterations
restaurant_view_hotpath   [  49% ] 01/20 VUs  2m26.5s/5m0s  20.00 iters/s

running (2m28.0s), 01/20 VUs, 2949 complete and 0 interrupted iterations
restaurant_view_hotpath   [  49% ] 01/20 VUs  2m27.5s/5m0s  20.00 iters/s

running (2m29.0s), 01/20 VUs, 2969 complete and 0 interrupted iterations
restaurant_view_hotpath   [  49% ] 01/20 VUs  2m28.5s/5m0s  20.00 iters/s

running (2m30.0s), 01/20 VUs, 2989 complete and 0 interrupted iterations
restaurant_view_hotpath   [  50% ] 01/20 VUs  2m29.5s/5m0s  20.00 iters/s

running (2m31.0s), 01/20 VUs, 3009 complete and 0 interrupted iterations
restaurant_view_hotpath   [  50% ] 01/20 VUs  2m30.5s/5m0s  20.00 iters/s

running (2m32.0s), 01/20 VUs, 3029 complete and 0 interrupted iterations
restaurant_view_hotpath   [  50% ] 01/20 VUs  2m31.5s/5m0s  20.00 iters/s

running (2m33.0s), 01/20 VUs, 3049 complete and 0 interrupted iterations
restaurant_view_hotpath   [  51% ] 01/20 VUs  2m32.5s/5m0s  20.00 iters/s

running (2m34.0s), 01/20 VUs, 3069 complete and 0 interrupted iterations
restaurant_view_hotpath   [  51% ] 01/20 VUs  2m33.5s/5m0s  20.00 iters/s

running (2m35.0s), 01/20 VUs, 3089 complete and 0 interrupted iterations
restaurant_view_hotpath   [  51% ] 01/20 VUs  2m34.5s/5m0s  20.00 iters/s

running (2m36.0s), 01/20 VUs, 3109 complete and 0 interrupted iterations
restaurant_view_hotpath   [  52% ] 01/20 VUs  2m35.5s/5m0s  20.00 iters/s

running (2m37.0s), 01/20 VUs, 3129 complete and 0 interrupted iterations
restaurant_view_hotpath   [  52% ] 01/20 VUs  2m36.5s/5m0s  20.00 iters/s

running (2m38.0s), 01/20 VUs, 3149 complete and 0 interrupted iterations
restaurant_view_hotpath   [  52% ] 01/20 VUs  2m37.5s/5m0s  20.00 iters/s

running (2m39.0s), 01/20 VUs, 3169 complete and 0 interrupted iterations
restaurant_view_hotpath   [  53% ] 01/20 VUs  2m38.5s/5m0s  20.00 iters/s

running (2m40.0s), 01/20 VUs, 3189 complete and 0 interrupted iterations
restaurant_view_hotpath   [  53% ] 01/20 VUs  2m39.5s/5m0s  20.00 iters/s

running (2m41.0s), 01/20 VUs, 3209 complete and 0 interrupted iterations
restaurant_view_hotpath   [  53% ] 01/20 VUs  2m40.5s/5m0s  20.00 iters/s

running (2m42.0s), 01/20 VUs, 3229 complete and 0 interrupted iterations
restaurant_view_hotpath   [  54% ] 01/20 VUs  2m41.5s/5m0s  20.00 iters/s

running (2m43.0s), 01/20 VUs, 3249 complete and 0 interrupted iterations
restaurant_view_hotpath   [  54% ] 01/20 VUs  2m42.5s/5m0s  20.00 iters/s

running (2m44.0s), 01/20 VUs, 3269 complete and 0 interrupted iterations
restaurant_view_hotpath   [  54% ] 01/20 VUs  2m43.5s/5m0s  20.00 iters/s

running (2m45.0s), 01/20 VUs, 3289 complete and 0 interrupted iterations
restaurant_view_hotpath   [  55% ] 01/20 VUs  2m44.5s/5m0s  20.00 iters/s

running (2m46.0s), 01/20 VUs, 3309 complete and 0 interrupted iterations
restaurant_view_hotpath   [  55% ] 01/20 VUs  2m45.5s/5m0s  20.00 iters/s

running (2m47.0s), 01/20 VUs, 3329 complete and 0 interrupted iterations
restaurant_view_hotpath   [  55% ] 01/20 VUs  2m46.5s/5m0s  20.00 iters/s

running (2m48.0s), 01/20 VUs, 3349 complete and 0 interrupted iterations
restaurant_view_hotpath   [  56% ] 01/20 VUs  2m47.5s/5m0s  20.00 iters/s

running (2m49.0s), 01/20 VUs, 3369 complete and 0 interrupted iterations
restaurant_view_hotpath   [  56% ] 01/20 VUs  2m48.5s/5m0s  20.00 iters/s

running (2m50.0s), 01/20 VUs, 3389 complete and 0 interrupted iterations
restaurant_view_hotpath   [  56% ] 01/20 VUs  2m49.5s/5m0s  20.00 iters/s

running (2m51.0s), 01/20 VUs, 3409 complete and 0 interrupted iterations
restaurant_view_hotpath   [  57% ] 01/20 VUs  2m50.5s/5m0s  20.00 iters/s

running (2m52.0s), 01/20 VUs, 3429 complete and 0 interrupted iterations
restaurant_view_hotpath   [  57% ] 01/20 VUs  2m51.5s/5m0s  20.00 iters/s

running (2m53.0s), 01/20 VUs, 3449 complete and 0 interrupted iterations
restaurant_view_hotpath   [  57% ] 01/20 VUs  2m52.5s/5m0s  20.00 iters/s

running (2m54.0s), 01/20 VUs, 3469 complete and 0 interrupted iterations
restaurant_view_hotpath   [  58% ] 01/20 VUs  2m53.5s/5m0s  20.00 iters/s

running (2m55.0s), 01/20 VUs, 3489 complete and 0 interrupted iterations
restaurant_view_hotpath   [  58% ] 01/20 VUs  2m54.5s/5m0s  20.00 iters/s

running (2m56.0s), 01/20 VUs, 3509 complete and 0 interrupted iterations
restaurant_view_hotpath   [  58% ] 01/20 VUs  2m55.5s/5m0s  20.00 iters/s

running (2m57.0s), 01/20 VUs, 3529 complete and 0 interrupted iterations
restaurant_view_hotpath   [  59% ] 01/20 VUs  2m56.5s/5m0s  20.00 iters/s

running (2m58.0s), 01/20 VUs, 3549 complete and 0 interrupted iterations
restaurant_view_hotpath   [  59% ] 01/20 VUs  2m57.5s/5m0s  20.00 iters/s

running (2m59.0s), 01/20 VUs, 3569 complete and 0 interrupted iterations
restaurant_view_hotpath   [  59% ] 01/20 VUs  2m58.5s/5m0s  20.00 iters/s

running (3m00.0s), 01/20 VUs, 3589 complete and 0 interrupted iterations
restaurant_view_hotpath   [  60% ] 01/20 VUs  2m59.5s/5m0s  20.00 iters/s

running (3m01.0s), 01/20 VUs, 3609 complete and 0 interrupted iterations
restaurant_view_hotpath   [  60% ] 01/20 VUs  3m00.5s/5m0s  20.00 iters/s

running (3m02.0s), 01/20 VUs, 3629 complete and 0 interrupted iterations
restaurant_view_hotpath   [  60% ] 01/20 VUs  3m01.5s/5m0s  20.00 iters/s

running (3m03.0s), 01/20 VUs, 3649 complete and 0 interrupted iterations
restaurant_view_hotpath   [  61% ] 01/20 VUs  3m02.5s/5m0s  20.00 iters/s

running (3m04.0s), 01/20 VUs, 3669 complete and 0 interrupted iterations
restaurant_view_hotpath   [  61% ] 01/20 VUs  3m03.5s/5m0s  20.00 iters/s

running (3m05.0s), 01/20 VUs, 3689 complete and 0 interrupted iterations
restaurant_view_hotpath   [  61% ] 01/20 VUs  3m04.5s/5m0s  20.00 iters/s

running (3m06.0s), 01/20 VUs, 3709 complete and 0 interrupted iterations
restaurant_view_hotpath   [  62% ] 01/20 VUs  3m05.5s/5m0s  20.00 iters/s

running (3m07.0s), 01/20 VUs, 3729 complete and 0 interrupted iterations
restaurant_view_hotpath   [  62% ] 01/20 VUs  3m06.5s/5m0s  20.00 iters/s

running (3m08.0s), 01/20 VUs, 3749 complete and 0 interrupted iterations
restaurant_view_hotpath   [  62% ] 01/20 VUs  3m07.5s/5m0s  20.00 iters/s

running (3m09.0s), 01/20 VUs, 3769 complete and 0 interrupted iterations
restaurant_view_hotpath   [  63% ] 01/20 VUs  3m08.5s/5m0s  20.00 iters/s

running (3m10.0s), 01/20 VUs, 3789 complete and 0 interrupted iterations
restaurant_view_hotpath   [  63% ] 01/20 VUs  3m09.5s/5m0s  20.00 iters/s

running (3m11.0s), 01/20 VUs, 3809 complete and 0 interrupted iterations
restaurant_view_hotpath   [  63% ] 01/20 VUs  3m10.5s/5m0s  20.00 iters/s

running (3m12.0s), 01/20 VUs, 3829 complete and 0 interrupted iterations
restaurant_view_hotpath   [  64% ] 01/20 VUs  3m11.5s/5m0s  20.00 iters/s

running (3m13.0s), 01/20 VUs, 3849 complete and 0 interrupted iterations
restaurant_view_hotpath   [  64% ] 01/20 VUs  3m12.5s/5m0s  20.00 iters/s

running (3m14.0s), 01/20 VUs, 3869 complete and 0 interrupted iterations
restaurant_view_hotpath   [  64% ] 01/20 VUs  3m13.5s/5m0s  20.00 iters/s

running (3m15.0s), 01/20 VUs, 3889 complete and 0 interrupted iterations
restaurant_view_hotpath   [  65% ] 01/20 VUs  3m14.5s/5m0s  20.00 iters/s

running (3m16.0s), 01/20 VUs, 3909 complete and 0 interrupted iterations
restaurant_view_hotpath   [  65% ] 01/20 VUs  3m15.5s/5m0s  20.00 iters/s

running (3m17.0s), 01/20 VUs, 3929 complete and 0 interrupted iterations
restaurant_view_hotpath   [  65% ] 01/20 VUs  3m16.5s/5m0s  20.00 iters/s

running (3m18.0s), 01/20 VUs, 3949 complete and 0 interrupted iterations
restaurant_view_hotpath   [  66% ] 01/20 VUs  3m17.5s/5m0s  20.00 iters/s

running (3m19.0s), 01/20 VUs, 3969 complete and 0 interrupted iterations
restaurant_view_hotpath   [  66% ] 01/20 VUs  3m18.5s/5m0s  20.00 iters/s

running (3m20.0s), 01/20 VUs, 3989 complete and 0 interrupted iterations
restaurant_view_hotpath   [  66% ] 01/20 VUs  3m19.5s/5m0s  20.00 iters/s

running (3m21.0s), 01/20 VUs, 4009 complete and 0 interrupted iterations
restaurant_view_hotpath   [  67% ] 01/20 VUs  3m20.5s/5m0s  20.00 iters/s

running (3m22.0s), 01/20 VUs, 4029 complete and 0 interrupted iterations
restaurant_view_hotpath   [  67% ] 01/20 VUs  3m21.5s/5m0s  20.00 iters/s

running (3m23.0s), 01/20 VUs, 4049 complete and 0 interrupted iterations
restaurant_view_hotpath   [  67% ] 01/20 VUs  3m22.5s/5m0s  20.00 iters/s

running (3m24.0s), 01/20 VUs, 4069 complete and 0 interrupted iterations
restaurant_view_hotpath   [  68% ] 01/20 VUs  3m23.5s/5m0s  20.00 iters/s

running (3m25.0s), 01/20 VUs, 4089 complete and 0 interrupted iterations
restaurant_view_hotpath   [  68% ] 01/20 VUs  3m24.5s/5m0s  20.00 iters/s

running (3m26.0s), 01/20 VUs, 4109 complete and 0 interrupted iterations
restaurant_view_hotpath   [  68% ] 01/20 VUs  3m25.5s/5m0s  20.00 iters/s

running (3m27.0s), 01/20 VUs, 4129 complete and 0 interrupted iterations
restaurant_view_hotpath   [  69% ] 01/20 VUs  3m26.5s/5m0s  20.00 iters/s

running (3m28.0s), 01/20 VUs, 4149 complete and 0 interrupted iterations
restaurant_view_hotpath   [  69% ] 01/20 VUs  3m27.5s/5m0s  20.00 iters/s

running (3m29.0s), 01/20 VUs, 4169 complete and 0 interrupted iterations
restaurant_view_hotpath   [  69% ] 01/20 VUs  3m28.5s/5m0s  20.00 iters/s

running (3m30.0s), 01/20 VUs, 4189 complete and 0 interrupted iterations
restaurant_view_hotpath   [  70% ] 01/20 VUs  3m29.5s/5m0s  20.00 iters/s

running (3m31.0s), 01/20 VUs, 4209 complete and 0 interrupted iterations
restaurant_view_hotpath   [  70% ] 01/20 VUs  3m30.5s/5m0s  20.00 iters/s

running (3m32.0s), 01/20 VUs, 4229 complete and 0 interrupted iterations
restaurant_view_hotpath   [  70% ] 01/20 VUs  3m31.5s/5m0s  20.00 iters/s

running (3m33.0s), 01/20 VUs, 4249 complete and 0 interrupted iterations
restaurant_view_hotpath   [  71% ] 01/20 VUs  3m32.5s/5m0s  20.00 iters/s

running (3m34.0s), 01/20 VUs, 4269 complete and 0 interrupted iterations
restaurant_view_hotpath   [  71% ] 01/20 VUs  3m33.5s/5m0s  20.00 iters/s

running (3m35.0s), 01/20 VUs, 4289 complete and 0 interrupted iterations
restaurant_view_hotpath   [  71% ] 01/20 VUs  3m34.5s/5m0s  20.00 iters/s

running (3m36.0s), 01/20 VUs, 4309 complete and 0 interrupted iterations
restaurant_view_hotpath   [  72% ] 01/20 VUs  3m35.5s/5m0s  20.00 iters/s

running (3m37.0s), 01/20 VUs, 4329 complete and 0 interrupted iterations
restaurant_view_hotpath   [  72% ] 01/20 VUs  3m36.5s/5m0s  20.00 iters/s

running (3m38.0s), 01/20 VUs, 4349 complete and 0 interrupted iterations
restaurant_view_hotpath   [  72% ] 01/20 VUs  3m37.5s/5m0s  20.00 iters/s

running (3m39.0s), 01/20 VUs, 4369 complete and 0 interrupted iterations
restaurant_view_hotpath   [  73% ] 01/20 VUs  3m38.5s/5m0s  20.00 iters/s

running (3m40.0s), 01/20 VUs, 4389 complete and 0 interrupted iterations
restaurant_view_hotpath   [  73% ] 01/20 VUs  3m39.5s/5m0s  20.00 iters/s

running (3m41.0s), 01/20 VUs, 4409 complete and 0 interrupted iterations
restaurant_view_hotpath   [  73% ] 01/20 VUs  3m40.5s/5m0s  20.00 iters/s

running (3m42.0s), 01/20 VUs, 4429 complete and 0 interrupted iterations
restaurant_view_hotpath   [  74% ] 01/20 VUs  3m41.5s/5m0s  20.00 iters/s

running (3m43.0s), 01/20 VUs, 4449 complete and 0 interrupted iterations
restaurant_view_hotpath   [  74% ] 01/20 VUs  3m42.5s/5m0s  20.00 iters/s

running (3m44.0s), 01/20 VUs, 4469 complete and 0 interrupted iterations
restaurant_view_hotpath   [  74% ] 01/20 VUs  3m43.5s/5m0s  20.00 iters/s

running (3m45.0s), 01/20 VUs, 4489 complete and 0 interrupted iterations
restaurant_view_hotpath   [  75% ] 01/20 VUs  3m44.5s/5m0s  20.00 iters/s

running (3m46.0s), 01/20 VUs, 4509 complete and 0 interrupted iterations
restaurant_view_hotpath   [  75% ] 01/20 VUs  3m45.5s/5m0s  20.00 iters/s

running (3m47.0s), 01/20 VUs, 4529 complete and 0 interrupted iterations
restaurant_view_hotpath   [  75% ] 01/20 VUs  3m46.5s/5m0s  20.00 iters/s

running (3m48.0s), 01/20 VUs, 4549 complete and 0 interrupted iterations
restaurant_view_hotpath   [  76% ] 01/20 VUs  3m47.5s/5m0s  20.00 iters/s

running (3m49.0s), 01/20 VUs, 4569 complete and 0 interrupted iterations
restaurant_view_hotpath   [  76% ] 01/20 VUs  3m48.5s/5m0s  20.00 iters/s

running (3m50.0s), 01/20 VUs, 4589 complete and 0 interrupted iterations
restaurant_view_hotpath   [  76% ] 01/20 VUs  3m49.5s/5m0s  20.00 iters/s

running (3m51.0s), 01/20 VUs, 4609 complete and 0 interrupted iterations
restaurant_view_hotpath   [  77% ] 01/20 VUs  3m50.5s/5m0s  20.00 iters/s

running (3m52.0s), 01/20 VUs, 4629 complete and 0 interrupted iterations
restaurant_view_hotpath   [  77% ] 01/20 VUs  3m51.5s/5m0s  20.00 iters/s

running (3m53.0s), 01/20 VUs, 4649 complete and 0 interrupted iterations
restaurant_view_hotpath   [  77% ] 01/20 VUs  3m52.5s/5m0s  20.00 iters/s

running (3m54.0s), 01/20 VUs, 4669 complete and 0 interrupted iterations
restaurant_view_hotpath   [  78% ] 01/20 VUs  3m53.5s/5m0s  20.00 iters/s

running (3m55.0s), 01/20 VUs, 4689 complete and 0 interrupted iterations
restaurant_view_hotpath   [  78% ] 01/20 VUs  3m54.5s/5m0s  20.00 iters/s

running (3m56.0s), 01/20 VUs, 4709 complete and 0 interrupted iterations
restaurant_view_hotpath   [  78% ] 01/20 VUs  3m55.5s/5m0s  20.00 iters/s

running (3m57.0s), 01/20 VUs, 4729 complete and 0 interrupted iterations
restaurant_view_hotpath   [  79% ] 01/20 VUs  3m56.5s/5m0s  20.00 iters/s

running (3m58.0s), 01/20 VUs, 4749 complete and 0 interrupted iterations
restaurant_view_hotpath   [  79% ] 01/20 VUs  3m57.5s/5m0s  20.00 iters/s

running (3m59.0s), 01/20 VUs, 4769 complete and 0 interrupted iterations
restaurant_view_hotpath   [  79% ] 01/20 VUs  3m58.5s/5m0s  20.00 iters/s

running (4m00.0s), 01/20 VUs, 4789 complete and 0 interrupted iterations
restaurant_view_hotpath   [  80% ] 01/20 VUs  3m59.5s/5m0s  20.00 iters/s

running (4m01.0s), 01/20 VUs, 4809 complete and 0 interrupted iterations
restaurant_view_hotpath   [  80% ] 01/20 VUs  4m00.5s/5m0s  20.00 iters/s

running (4m02.0s), 01/20 VUs, 4829 complete and 0 interrupted iterations
restaurant_view_hotpath   [  80% ] 01/20 VUs  4m01.5s/5m0s  20.00 iters/s

running (4m03.0s), 01/20 VUs, 4849 complete and 0 interrupted iterations
restaurant_view_hotpath   [  81% ] 01/20 VUs  4m02.5s/5m0s  20.00 iters/s

running (4m04.0s), 01/20 VUs, 4869 complete and 0 interrupted iterations
restaurant_view_hotpath   [  81% ] 01/20 VUs  4m03.5s/5m0s  20.00 iters/s

running (4m05.0s), 01/20 VUs, 4889 complete and 0 interrupted iterations
restaurant_view_hotpath   [  81% ] 01/20 VUs  4m04.5s/5m0s  20.00 iters/s

running (4m06.0s), 01/20 VUs, 4909 complete and 0 interrupted iterations
restaurant_view_hotpath   [  82% ] 01/20 VUs  4m05.5s/5m0s  20.00 iters/s

running (4m07.0s), 01/20 VUs, 4929 complete and 0 interrupted iterations
restaurant_view_hotpath   [  82% ] 01/20 VUs  4m06.5s/5m0s  20.00 iters/s

running (4m08.0s), 01/20 VUs, 4949 complete and 0 interrupted iterations
restaurant_view_hotpath   [  82% ] 01/20 VUs  4m07.5s/5m0s  20.00 iters/s

running (4m09.0s), 01/20 VUs, 4969 complete and 0 interrupted iterations
restaurant_view_hotpath   [  83% ] 01/20 VUs  4m08.5s/5m0s  20.00 iters/s

running (4m10.0s), 01/20 VUs, 4989 complete and 0 interrupted iterations
restaurant_view_hotpath   [  83% ] 01/20 VUs  4m09.5s/5m0s  20.00 iters/s

running (4m11.0s), 01/20 VUs, 5009 complete and 0 interrupted iterations
restaurant_view_hotpath   [  83% ] 01/20 VUs  4m10.5s/5m0s  20.00 iters/s

running (4m12.0s), 01/20 VUs, 5029 complete and 0 interrupted iterations
restaurant_view_hotpath   [  84% ] 01/20 VUs  4m11.5s/5m0s  20.00 iters/s

running (4m13.0s), 01/20 VUs, 5049 complete and 0 interrupted iterations
restaurant_view_hotpath   [  84% ] 01/20 VUs  4m12.5s/5m0s  20.00 iters/s

running (4m14.0s), 01/20 VUs, 5069 complete and 0 interrupted iterations
restaurant_view_hotpath   [  84% ] 01/20 VUs  4m13.5s/5m0s  20.00 iters/s

running (4m15.0s), 01/20 VUs, 5089 complete and 0 interrupted iterations
restaurant_view_hotpath   [  85% ] 01/20 VUs  4m14.5s/5m0s  20.00 iters/s

running (4m16.0s), 01/20 VUs, 5109 complete and 0 interrupted iterations
restaurant_view_hotpath   [  85% ] 01/20 VUs  4m15.5s/5m0s  20.00 iters/s

running (4m17.0s), 01/20 VUs, 5129 complete and 0 interrupted iterations
restaurant_view_hotpath   [  85% ] 01/20 VUs  4m16.5s/5m0s  20.00 iters/s

running (4m18.0s), 01/20 VUs, 5149 complete and 0 interrupted iterations
restaurant_view_hotpath   [  86% ] 01/20 VUs  4m17.5s/5m0s  20.00 iters/s

running (4m19.0s), 01/20 VUs, 5169 complete and 0 interrupted iterations
restaurant_view_hotpath   [  86% ] 01/20 VUs  4m18.5s/5m0s  20.00 iters/s

running (4m20.0s), 01/20 VUs, 5189 complete and 0 interrupted iterations
restaurant_view_hotpath   [  86% ] 01/20 VUs  4m19.5s/5m0s  20.00 iters/s

running (4m21.0s), 01/20 VUs, 5209 complete and 0 interrupted iterations
restaurant_view_hotpath   [  87% ] 01/20 VUs  4m20.5s/5m0s  20.00 iters/s

running (4m22.0s), 01/20 VUs, 5229 complete and 0 interrupted iterations
restaurant_view_hotpath   [  87% ] 01/20 VUs  4m21.5s/5m0s  20.00 iters/s

running (4m23.0s), 01/20 VUs, 5249 complete and 0 interrupted iterations
restaurant_view_hotpath   [  87% ] 01/20 VUs  4m22.5s/5m0s  20.00 iters/s

running (4m24.0s), 01/20 VUs, 5269 complete and 0 interrupted iterations
restaurant_view_hotpath   [  88% ] 01/20 VUs  4m23.5s/5m0s  20.00 iters/s

running (4m25.0s), 01/20 VUs, 5289 complete and 0 interrupted iterations
restaurant_view_hotpath   [  88% ] 01/20 VUs  4m24.5s/5m0s  20.00 iters/s

running (4m26.0s), 01/20 VUs, 5309 complete and 0 interrupted iterations
restaurant_view_hotpath   [  88% ] 01/20 VUs  4m25.5s/5m0s  20.00 iters/s

running (4m27.0s), 01/20 VUs, 5329 complete and 0 interrupted iterations
restaurant_view_hotpath   [  89% ] 01/20 VUs  4m26.5s/5m0s  20.00 iters/s

running (4m28.0s), 01/20 VUs, 5349 complete and 0 interrupted iterations
restaurant_view_hotpath   [  89% ] 01/20 VUs  4m27.5s/5m0s  20.00 iters/s

running (4m29.0s), 01/20 VUs, 5369 complete and 0 interrupted iterations
restaurant_view_hotpath   [  89% ] 01/20 VUs  4m28.5s/5m0s  20.00 iters/s

running (4m30.0s), 01/20 VUs, 5389 complete and 0 interrupted iterations
restaurant_view_hotpath   [  90% ] 01/20 VUs  4m29.5s/5m0s  20.00 iters/s

running (4m31.0s), 01/20 VUs, 5409 complete and 0 interrupted iterations
restaurant_view_hotpath   [  90% ] 01/20 VUs  4m30.5s/5m0s  20.00 iters/s

running (4m32.0s), 01/20 VUs, 5429 complete and 0 interrupted iterations
restaurant_view_hotpath   [  90% ] 01/20 VUs  4m31.5s/5m0s  20.00 iters/s

running (4m33.0s), 01/20 VUs, 5449 complete and 0 interrupted iterations
restaurant_view_hotpath   [  91% ] 01/20 VUs  4m32.5s/5m0s  20.00 iters/s

running (4m34.0s), 01/20 VUs, 5469 complete and 0 interrupted iterations
restaurant_view_hotpath   [  91% ] 01/20 VUs  4m33.5s/5m0s  20.00 iters/s

running (4m35.0s), 01/20 VUs, 5489 complete and 0 interrupted iterations
restaurant_view_hotpath   [  91% ] 01/20 VUs  4m34.5s/5m0s  20.00 iters/s

running (4m36.0s), 01/20 VUs, 5509 complete and 0 interrupted iterations
restaurant_view_hotpath   [  92% ] 01/20 VUs  4m35.5s/5m0s  20.00 iters/s

running (4m37.0s), 01/20 VUs, 5529 complete and 0 interrupted iterations
restaurant_view_hotpath   [  92% ] 01/20 VUs  4m36.5s/5m0s  20.00 iters/s

running (4m38.0s), 01/20 VUs, 5549 complete and 0 interrupted iterations
restaurant_view_hotpath   [  92% ] 01/20 VUs  4m37.5s/5m0s  20.00 iters/s

running (4m39.0s), 01/20 VUs, 5569 complete and 0 interrupted iterations
restaurant_view_hotpath   [  93% ] 01/20 VUs  4m38.5s/5m0s  20.00 iters/s

running (4m40.0s), 01/20 VUs, 5589 complete and 0 interrupted iterations
restaurant_view_hotpath   [  93% ] 01/20 VUs  4m39.5s/5m0s  20.00 iters/s

running (4m41.0s), 01/20 VUs, 5609 complete and 0 interrupted iterations
restaurant_view_hotpath   [  93% ] 01/20 VUs  4m40.5s/5m0s  20.00 iters/s

running (4m42.0s), 01/20 VUs, 5629 complete and 0 interrupted iterations
restaurant_view_hotpath   [  94% ] 01/20 VUs  4m41.5s/5m0s  20.00 iters/s

running (4m43.0s), 01/20 VUs, 5649 complete and 0 interrupted iterations
restaurant_view_hotpath   [  94% ] 01/20 VUs  4m42.5s/5m0s  20.00 iters/s

running (4m44.0s), 01/20 VUs, 5669 complete and 0 interrupted iterations
restaurant_view_hotpath   [  94% ] 01/20 VUs  4m43.5s/5m0s  20.00 iters/s

running (4m45.0s), 01/20 VUs, 5689 complete and 0 interrupted iterations
restaurant_view_hotpath   [  95% ] 01/20 VUs  4m44.5s/5m0s  20.00 iters/s

running (4m46.0s), 01/20 VUs, 5709 complete and 0 interrupted iterations
restaurant_view_hotpath   [  95% ] 01/20 VUs  4m45.5s/5m0s  20.00 iters/s

running (4m47.0s), 01/20 VUs, 5729 complete and 0 interrupted iterations
restaurant_view_hotpath   [  95% ] 01/20 VUs  4m46.5s/5m0s  20.00 iters/s

running (4m48.0s), 01/20 VUs, 5749 complete and 0 interrupted iterations
restaurant_view_hotpath   [  96% ] 01/20 VUs  4m47.5s/5m0s  20.00 iters/s

running (4m49.0s), 01/20 VUs, 5769 complete and 0 interrupted iterations
restaurant_view_hotpath   [  96% ] 01/20 VUs  4m48.5s/5m0s  20.00 iters/s

running (4m50.0s), 01/20 VUs, 5789 complete and 0 interrupted iterations
restaurant_view_hotpath   [  96% ] 01/20 VUs  4m49.5s/5m0s  20.00 iters/s

running (4m51.0s), 01/20 VUs, 5809 complete and 0 interrupted iterations
restaurant_view_hotpath   [  97% ] 01/20 VUs  4m50.5s/5m0s  20.00 iters/s

running (4m52.0s), 01/20 VUs, 5829 complete and 0 interrupted iterations
restaurant_view_hotpath   [  97% ] 01/20 VUs  4m51.5s/5m0s  20.00 iters/s

running (4m53.0s), 01/20 VUs, 5849 complete and 0 interrupted iterations
restaurant_view_hotpath   [  97% ] 01/20 VUs  4m52.5s/5m0s  20.00 iters/s

running (4m54.0s), 01/20 VUs, 5869 complete and 0 interrupted iterations
restaurant_view_hotpath   [  98% ] 01/20 VUs  4m53.5s/5m0s  20.00 iters/s

running (4m55.0s), 01/20 VUs, 5889 complete and 0 interrupted iterations
restaurant_view_hotpath   [  98% ] 01/20 VUs  4m54.5s/5m0s  20.00 iters/s

running (4m56.0s), 01/20 VUs, 5909 complete and 0 interrupted iterations
restaurant_view_hotpath   [  98% ] 01/20 VUs  4m55.5s/5m0s  20.00 iters/s

running (4m57.0s), 01/20 VUs, 5929 complete and 0 interrupted iterations
restaurant_view_hotpath   [  99% ] 01/20 VUs  4m56.5s/5m0s  20.00 iters/s

running (4m58.0s), 01/20 VUs, 5949 complete and 0 interrupted iterations
restaurant_view_hotpath   [  99% ] 01/20 VUs  4m57.5s/5m0s  20.00 iters/s

running (4m59.0s), 01/20 VUs, 5969 complete and 0 interrupted iterations
restaurant_view_hotpath   [  99% ] 01/20 VUs  4m58.5s/5m0s  20.00 iters/s

running (5m00.0s), 01/20 VUs, 5989 complete and 0 interrupted iterations
restaurant_view_hotpath   [ 100% ] 01/20 VUs  4m59.5s/5m0s  20.00 iters/s


  █ TOTAL RESULTS 

    checks_total.......: 12002   39.932426/s
    checks_succeeded...: 100.00% 12002 out of 12002
    checks_failed......: 0.00%   0 out of 12002

    ✓ hotpath_restaurant_detail status is 200
    ✓ hotpath_restaurant_detail body.success is true

    HTTP
    http_req_duration..............: avg=11.36ms min=6.86ms med=9.79ms  max=274.05ms p(90)=12.94ms p(95)=16.49ms p(99)=40ms
      { expected_response:true }...: avg=11.36ms min=6.86ms med=9.79ms  max=274.05ms p(90)=12.94ms p(95)=16.49ms p(99)=40ms
    http_req_failed................: 0.00%  0 out of 6006
    http_reqs......................: 6006   19.982849/s

    EXECUTION
    iteration_duration.............: avg=11.66ms min=7.1ms  med=10.11ms max=274.25ms p(90)=13.43ms p(95)=17.6ms  p(99)=38ms
    iterations.....................: 6001   19.966213/s
    vus............................: 1      min=1         max=1 
    vus_max........................: 20     min=20        max=20

    NETWORK
    data_received..................: 4.2 MB 14 kB/s
    data_sent......................: 560 kB 1.9 kB/s




running (5m00.6s), 00/20 VUs, 6001 complete and 0 interrupted iterations
restaurant_view_hotpath ✓ [ 100% ] 00/20 VUs  5m0s  20.00 iters/s
