
         /\      Grafana   /‾‾/  
    /\  /  \     |\  __   /  /   
   /  \/    \    | |/ /  /   ‾‾\ 
  /          \   |   (  |  (‾)  |
 / __________ \  |_|\_\  \_____/ 


     execution: local
        script: k6/scenarios/restaurant-view-hotpath.js
        output: -

     scenarios: (100.00%) 1 scenario, 60 max VUs, 5m30s max duration (incl. graceful stop):
              * restaurant_view_hotpath: 20.00 iterations/s for 5m0s (maxVUs: 20-60, gracefulStop: 30s)


running (0m01.0s), 07/20 VUs, 3 complete and 0 interrupted iterations
restaurant_view_hotpath   [   0% ] 07/20 VUs  0m00.5s/5m0s  20.00 iters/s

running (0m02.0s), 11/20 VUs, 19 complete and 0 interrupted iterations
restaurant_view_hotpath   [   0% ] 11/20 VUs  0m01.5s/5m0s  20.00 iters/s

running (0m03.0s), 17/20 VUs, 33 complete and 0 interrupted iterations
restaurant_view_hotpath   [   1% ] 17/20 VUs  0m02.5s/5m0s  20.00 iters/s

running (0m04.0s), 19/20 VUs, 51 complete and 0 interrupted iterations
restaurant_view_hotpath   [   1% ] 19/20 VUs  0m03.5s/5m0s  20.00 iters/s

running (0m05.0s), 18/21 VUs, 71 complete and 0 interrupted iterations
restaurant_view_hotpath   [   1% ] 18/21 VUs  0m04.5s/5m0s  20.00 iters/s

running (0m06.0s), 21/23 VUs, 86 complete and 0 interrupted iterations
restaurant_view_hotpath   [   2% ] 21/23 VUs  0m05.5s/5m0s  20.00 iters/s

running (0m07.0s), 24/24 VUs, 102 complete and 0 interrupted iterations
restaurant_view_hotpath   [   2% ] 24/24 VUs  0m06.5s/5m0s  20.00 iters/s

running (0m08.0s), 23/25 VUs, 122 complete and 0 interrupted iterations
restaurant_view_hotpath   [   2% ] 23/25 VUs  0m07.5s/5m0s  20.00 iters/s

running (0m09.0s), 24/25 VUs, 141 complete and 0 interrupted iterations
restaurant_view_hotpath   [   3% ] 24/25 VUs  0m08.5s/5m0s  20.00 iters/s

running (0m10.0s), 22/27 VUs, 161 complete and 0 interrupted iterations
restaurant_view_hotpath   [   3% ] 22/27 VUs  0m09.5s/5m0s  20.00 iters/s

running (0m11.0s), 24/27 VUs, 179 complete and 0 interrupted iterations
restaurant_view_hotpath   [   3% ] 24/27 VUs  0m10.5s/5m0s  20.00 iters/s

running (0m12.0s), 22/27 VUs, 201 complete and 0 interrupted iterations
restaurant_view_hotpath   [   4% ] 22/27 VUs  0m11.5s/5m0s  20.00 iters/s

running (0m13.0s), 22/27 VUs, 221 complete and 0 interrupted iterations
restaurant_view_hotpath   [   4% ] 22/27 VUs  0m12.5s/5m0s  20.00 iters/s

running (0m14.0s), 26/28 VUs, 236 complete and 0 interrupted iterations
restaurant_view_hotpath   [   4% ] 26/28 VUs  0m13.5s/5m0s  20.00 iters/s

running (0m15.0s), 28/28 VUs, 254 complete and 0 interrupted iterations
restaurant_view_hotpath   [   5% ] 28/28 VUs  0m14.5s/5m0s  20.00 iters/s

running (0m16.0s), 26/29 VUs, 275 complete and 0 interrupted iterations
restaurant_view_hotpath   [   5% ] 26/29 VUs  0m15.5s/5m0s  20.00 iters/s

running (0m17.0s), 25/29 VUs, 296 complete and 0 interrupted iterations
restaurant_view_hotpath   [   5% ] 25/29 VUs  0m16.5s/5m0s  20.00 iters/s

running (0m18.0s), 23/29 VUs, 318 complete and 0 interrupted iterations
restaurant_view_hotpath   [   6% ] 23/29 VUs  0m17.5s/5m0s  20.00 iters/s

running (0m19.0s), 21/29 VUs, 340 complete and 0 interrupted iterations
restaurant_view_hotpath   [   6% ] 21/29 VUs  0m18.5s/5m0s  20.00 iters/s

running (0m20.0s), 17/29 VUs, 364 complete and 0 interrupted iterations
restaurant_view_hotpath   [   6% ] 17/29 VUs  0m19.5s/5m0s  20.00 iters/s

running (0m21.0s), 16/29 VUs, 385 complete and 0 interrupted iterations
restaurant_view_hotpath   [   7% ] 16/29 VUs  0m20.5s/5m0s  20.00 iters/s

running (0m22.0s), 15/29 VUs, 406 complete and 0 interrupted iterations
restaurant_view_hotpath   [   7% ] 15/29 VUs  0m21.5s/5m0s  20.00 iters/s

running (0m23.0s), 11/29 VUs, 430 complete and 0 interrupted iterations
restaurant_view_hotpath   [   7% ] 11/29 VUs  0m22.5s/5m0s  20.00 iters/s

running (0m24.0s), 06/29 VUs, 455 complete and 0 interrupted iterations
restaurant_view_hotpath   [   8% ] 06/29 VUs  0m23.5s/5m0s  20.00 iters/s

running (0m25.0s), 06/29 VUs, 475 complete and 0 interrupted iterations
restaurant_view_hotpath   [   8% ] 06/29 VUs  0m24.5s/5m0s  20.00 iters/s

running (0m26.0s), 05/29 VUs, 496 complete and 0 interrupted iterations
restaurant_view_hotpath   [   8% ] 05/29 VUs  0m25.5s/5m0s  20.00 iters/s

running (0m27.0s), 04/29 VUs, 517 complete and 0 interrupted iterations
restaurant_view_hotpath   [   9% ] 04/29 VUs  0m26.5s/5m0s  20.00 iters/s

running (0m28.0s), 04/29 VUs, 537 complete and 0 interrupted iterations
restaurant_view_hotpath   [   9% ] 04/29 VUs  0m27.5s/5m0s  20.00 iters/s

running (0m29.0s), 06/29 VUs, 555 complete and 0 interrupted iterations
restaurant_view_hotpath   [   9% ] 06/29 VUs  0m28.5s/5m0s  20.00 iters/s

running (0m30.0s), 05/29 VUs, 576 complete and 0 interrupted iterations
restaurant_view_hotpath   [  10% ] 05/29 VUs  0m29.5s/5m0s  20.00 iters/s

running (0m31.0s), 05/29 VUs, 596 complete and 0 interrupted iterations
restaurant_view_hotpath   [  10% ] 05/29 VUs  0m30.5s/5m0s  20.00 iters/s

running (0m32.0s), 05/29 VUs, 616 complete and 0 interrupted iterations
restaurant_view_hotpath   [  10% ] 05/29 VUs  0m31.5s/5m0s  20.00 iters/s

running (0m33.0s), 04/29 VUs, 637 complete and 0 interrupted iterations
restaurant_view_hotpath   [  11% ] 04/29 VUs  0m32.5s/5m0s  20.00 iters/s

running (0m34.0s), 04/29 VUs, 657 complete and 0 interrupted iterations
restaurant_view_hotpath   [  11% ] 04/29 VUs  0m33.5s/5m0s  20.00 iters/s

running (0m35.0s), 04/29 VUs, 677 complete and 0 interrupted iterations
restaurant_view_hotpath   [  11% ] 04/29 VUs  0m34.5s/5m0s  20.00 iters/s

running (0m36.0s), 04/29 VUs, 697 complete and 0 interrupted iterations
restaurant_view_hotpath   [  12% ] 04/29 VUs  0m35.5s/5m0s  20.00 iters/s

running (0m37.0s), 04/29 VUs, 717 complete and 0 interrupted iterations
restaurant_view_hotpath   [  12% ] 04/29 VUs  0m36.5s/5m0s  20.00 iters/s

running (0m38.0s), 04/29 VUs, 737 complete and 0 interrupted iterations
restaurant_view_hotpath   [  12% ] 04/29 VUs  0m37.5s/5m0s  20.00 iters/s

running (0m39.0s), 05/29 VUs, 756 complete and 0 interrupted iterations
restaurant_view_hotpath   [  13% ] 05/29 VUs  0m38.5s/5m0s  20.00 iters/s

running (0m40.0s), 04/29 VUs, 777 complete and 0 interrupted iterations
restaurant_view_hotpath   [  13% ] 04/29 VUs  0m39.5s/5m0s  20.00 iters/s

running (0m41.0s), 04/29 VUs, 797 complete and 0 interrupted iterations
restaurant_view_hotpath   [  13% ] 04/29 VUs  0m40.5s/5m0s  20.00 iters/s

running (0m42.0s), 04/29 VUs, 817 complete and 0 interrupted iterations
restaurant_view_hotpath   [  14% ] 04/29 VUs  0m41.5s/5m0s  20.00 iters/s

running (0m43.0s), 04/29 VUs, 837 complete and 0 interrupted iterations
restaurant_view_hotpath   [  14% ] 04/29 VUs  0m42.5s/5m0s  20.00 iters/s

running (0m44.0s), 04/29 VUs, 857 complete and 0 interrupted iterations
restaurant_view_hotpath   [  14% ] 04/29 VUs  0m43.5s/5m0s  20.00 iters/s

running (0m45.0s), 04/29 VUs, 877 complete and 0 interrupted iterations
restaurant_view_hotpath   [  15% ] 04/29 VUs  0m44.5s/5m0s  20.00 iters/s

running (0m46.0s), 04/29 VUs, 897 complete and 0 interrupted iterations
restaurant_view_hotpath   [  15% ] 04/29 VUs  0m45.5s/5m0s  20.00 iters/s

running (0m47.0s), 04/29 VUs, 917 complete and 0 interrupted iterations
restaurant_view_hotpath   [  15% ] 04/29 VUs  0m46.5s/5m0s  20.00 iters/s

running (0m48.0s), 04/29 VUs, 937 complete and 0 interrupted iterations
restaurant_view_hotpath   [  16% ] 04/29 VUs  0m47.5s/5m0s  20.00 iters/s

running (0m49.0s), 18/29 VUs, 943 complete and 0 interrupted iterations
restaurant_view_hotpath   [  16% ] 18/29 VUs  0m48.5s/5m0s  20.00 iters/s

running (0m50.0s), 20/29 VUs, 961 complete and 0 interrupted iterations
restaurant_view_hotpath   [  16% ] 20/29 VUs  0m49.5s/5m0s  20.00 iters/s

running (0m51.0s), 34/35 VUs, 961 complete and 0 interrupted iterations
restaurant_view_hotpath   [  17% ] 34/35 VUs  0m50.5s/5m0s  20.00 iters/s

running (0m52.0s), 32/37 VUs, 981 complete and 0 interrupted iterations
restaurant_view_hotpath   [  17% ] 32/37 VUs  0m51.5s/5m0s  20.00 iters/s

running (0m53.0s), 27/37 VUs, 1006 complete and 0 interrupted iterations
restaurant_view_hotpath   [  17% ] 27/37 VUs  0m52.5s/5m0s  20.00 iters/s

running (0m54.0s), 20/37 VUs, 1033 complete and 0 interrupted iterations
restaurant_view_hotpath   [  18% ] 20/37 VUs  0m53.5s/5m0s  20.00 iters/s

running (0m55.0s), 15/37 VUs, 1058 complete and 0 interrupted iterations
restaurant_view_hotpath   [  18% ] 15/37 VUs  0m54.5s/5m0s  20.00 iters/s

running (0m56.0s), 09/37 VUs, 1084 complete and 0 interrupted iterations
restaurant_view_hotpath   [  18% ] 09/37 VUs  0m55.5s/5m0s  20.00 iters/s

running (0m57.0s), 04/37 VUs, 1109 complete and 0 interrupted iterations
restaurant_view_hotpath   [  19% ] 04/37 VUs  0m56.5s/5m0s  20.00 iters/s

running (0m58.0s), 04/37 VUs, 1129 complete and 0 interrupted iterations
restaurant_view_hotpath   [  19% ] 04/37 VUs  0m57.5s/5m0s  20.00 iters/s

running (0m59.0s), 04/37 VUs, 1149 complete and 0 interrupted iterations
restaurant_view_hotpath   [  19% ] 04/37 VUs  0m58.5s/5m0s  20.00 iters/s

running (1m00.0s), 04/37 VUs, 1169 complete and 0 interrupted iterations
restaurant_view_hotpath   [  20% ] 04/37 VUs  0m59.5s/5m0s  20.00 iters/s

running (1m01.0s), 04/37 VUs, 1189 complete and 0 interrupted iterations
restaurant_view_hotpath   [  20% ] 04/37 VUs  1m00.5s/5m0s  20.00 iters/s

running (1m02.0s), 04/37 VUs, 1209 complete and 0 interrupted iterations
restaurant_view_hotpath   [  20% ] 04/37 VUs  1m01.5s/5m0s  20.00 iters/s

running (1m03.0s), 04/37 VUs, 1229 complete and 0 interrupted iterations
restaurant_view_hotpath   [  21% ] 04/37 VUs  1m02.5s/5m0s  20.00 iters/s

running (1m04.0s), 04/37 VUs, 1249 complete and 0 interrupted iterations
restaurant_view_hotpath   [  21% ] 04/37 VUs  1m03.5s/5m0s  20.00 iters/s

running (1m05.0s), 04/37 VUs, 1269 complete and 0 interrupted iterations
restaurant_view_hotpath   [  21% ] 04/37 VUs  1m04.5s/5m0s  20.00 iters/s

running (1m06.0s), 04/37 VUs, 1289 complete and 0 interrupted iterations
restaurant_view_hotpath   [  22% ] 04/37 VUs  1m05.5s/5m0s  20.00 iters/s

running (1m07.0s), 04/37 VUs, 1309 complete and 0 interrupted iterations
restaurant_view_hotpath   [  22% ] 04/37 VUs  1m06.5s/5m0s  20.00 iters/s

running (1m08.0s), 04/37 VUs, 1329 complete and 0 interrupted iterations
restaurant_view_hotpath   [  22% ] 04/37 VUs  1m07.5s/5m0s  20.00 iters/s

running (1m09.0s), 04/37 VUs, 1349 complete and 0 interrupted iterations
restaurant_view_hotpath   [  23% ] 04/37 VUs  1m08.5s/5m0s  20.00 iters/s

running (1m10.0s), 04/37 VUs, 1369 complete and 0 interrupted iterations
restaurant_view_hotpath   [  23% ] 04/37 VUs  1m09.5s/5m0s  20.00 iters/s

running (1m11.0s), 04/37 VUs, 1389 complete and 0 interrupted iterations
restaurant_view_hotpath   [  23% ] 04/37 VUs  1m10.5s/5m0s  20.00 iters/s

running (1m12.0s), 04/37 VUs, 1409 complete and 0 interrupted iterations
restaurant_view_hotpath   [  24% ] 04/37 VUs  1m11.5s/5m0s  20.00 iters/s

running (1m13.0s), 04/37 VUs, 1429 complete and 0 interrupted iterations
restaurant_view_hotpath   [  24% ] 04/37 VUs  1m12.5s/5m0s  20.00 iters/s

running (1m14.0s), 05/37 VUs, 1448 complete and 0 interrupted iterations
restaurant_view_hotpath   [  24% ] 05/37 VUs  1m13.5s/5m0s  20.00 iters/s

running (1m15.0s), 05/37 VUs, 1468 complete and 0 interrupted iterations
restaurant_view_hotpath   [  25% ] 05/37 VUs  1m14.5s/5m0s  20.00 iters/s

running (1m16.0s), 05/37 VUs, 1488 complete and 0 interrupted iterations
restaurant_view_hotpath   [  25% ] 05/37 VUs  1m15.5s/5m0s  20.00 iters/s

running (1m17.0s), 04/37 VUs, 1509 complete and 0 interrupted iterations
restaurant_view_hotpath   [  25% ] 04/37 VUs  1m16.5s/5m0s  20.00 iters/s

running (1m18.0s), 04/37 VUs, 1529 complete and 0 interrupted iterations
restaurant_view_hotpath   [  26% ] 04/37 VUs  1m17.5s/5m0s  20.00 iters/s

running (1m19.0s), 06/37 VUs, 1547 complete and 0 interrupted iterations
restaurant_view_hotpath   [  26% ] 06/37 VUs  1m18.5s/5m0s  20.00 iters/s

running (1m20.0s), 04/37 VUs, 1569 complete and 0 interrupted iterations
restaurant_view_hotpath   [  26% ] 04/37 VUs  1m19.5s/5m0s  20.00 iters/s

running (1m21.0s), 11/37 VUs, 1582 complete and 0 interrupted iterations
restaurant_view_hotpath   [  27% ] 11/37 VUs  1m20.5s/5m0s  20.00 iters/s

running (1m22.0s), 04/37 VUs, 1609 complete and 0 interrupted iterations
restaurant_view_hotpath   [  27% ] 04/37 VUs  1m21.5s/5m0s  20.00 iters/s

running (1m23.0s), 04/37 VUs, 1629 complete and 0 interrupted iterations
restaurant_view_hotpath   [  27% ] 04/37 VUs  1m22.5s/5m0s  20.00 iters/s

running (1m24.0s), 04/37 VUs, 1649 complete and 0 interrupted iterations
restaurant_view_hotpath   [  28% ] 04/37 VUs  1m23.5s/5m0s  20.00 iters/s

running (1m25.0s), 04/37 VUs, 1669 complete and 0 interrupted iterations
restaurant_view_hotpath   [  28% ] 04/37 VUs  1m24.5s/5m0s  20.00 iters/s

running (1m26.0s), 04/37 VUs, 1689 complete and 0 interrupted iterations
restaurant_view_hotpath   [  28% ] 04/37 VUs  1m25.5s/5m0s  20.00 iters/s

running (1m27.0s), 04/37 VUs, 1709 complete and 0 interrupted iterations
restaurant_view_hotpath   [  29% ] 04/37 VUs  1m26.5s/5m0s  20.00 iters/s

running (1m28.0s), 04/37 VUs, 1729 complete and 0 interrupted iterations
restaurant_view_hotpath   [  29% ] 04/37 VUs  1m27.5s/5m0s  20.00 iters/s

running (1m29.0s), 04/37 VUs, 1749 complete and 0 interrupted iterations
restaurant_view_hotpath   [  29% ] 04/37 VUs  1m28.5s/5m0s  20.00 iters/s

running (1m30.0s), 04/37 VUs, 1769 complete and 0 interrupted iterations
restaurant_view_hotpath   [  30% ] 04/37 VUs  1m29.5s/5m0s  20.00 iters/s

running (1m31.0s), 04/37 VUs, 1789 complete and 0 interrupted iterations
restaurant_view_hotpath   [  30% ] 04/37 VUs  1m30.5s/5m0s  20.00 iters/s

running (1m32.0s), 04/37 VUs, 1809 complete and 0 interrupted iterations
restaurant_view_hotpath   [  30% ] 04/37 VUs  1m31.5s/5m0s  20.00 iters/s

running (1m33.0s), 04/37 VUs, 1829 complete and 0 interrupted iterations
restaurant_view_hotpath   [  31% ] 04/37 VUs  1m32.5s/5m0s  20.00 iters/s

running (1m34.0s), 04/37 VUs, 1849 complete and 0 interrupted iterations
restaurant_view_hotpath   [  31% ] 04/37 VUs  1m33.5s/5m0s  20.00 iters/s

running (1m35.0s), 08/37 VUs, 1865 complete and 0 interrupted iterations
restaurant_view_hotpath   [  31% ] 08/37 VUs  1m34.5s/5m0s  20.00 iters/s

running (1m36.0s), 04/37 VUs, 1889 complete and 0 interrupted iterations
restaurant_view_hotpath   [  32% ] 04/37 VUs  1m35.5s/5m0s  20.00 iters/s

running (1m37.0s), 04/37 VUs, 1909 complete and 0 interrupted iterations
restaurant_view_hotpath   [  32% ] 04/37 VUs  1m36.5s/5m0s  20.00 iters/s

running (1m38.0s), 04/37 VUs, 1929 complete and 0 interrupted iterations
restaurant_view_hotpath   [  32% ] 04/37 VUs  1m37.5s/5m0s  20.00 iters/s

running (1m39.0s), 05/37 VUs, 1948 complete and 0 interrupted iterations
restaurant_view_hotpath   [  33% ] 05/37 VUs  1m38.5s/5m0s  20.00 iters/s

running (1m40.0s), 04/37 VUs, 1969 complete and 0 interrupted iterations
restaurant_view_hotpath   [  33% ] 04/37 VUs  1m39.5s/5m0s  20.00 iters/s

running (1m41.0s), 04/37 VUs, 1989 complete and 0 interrupted iterations
restaurant_view_hotpath   [  33% ] 04/37 VUs  1m40.5s/5m0s  20.00 iters/s

running (1m42.0s), 05/37 VUs, 2008 complete and 0 interrupted iterations
restaurant_view_hotpath   [  34% ] 05/37 VUs  1m41.5s/5m0s  20.00 iters/s

running (1m43.0s), 04/37 VUs, 2029 complete and 0 interrupted iterations
restaurant_view_hotpath   [  34% ] 04/37 VUs  1m42.5s/5m0s  20.00 iters/s

running (1m44.0s), 04/37 VUs, 2049 complete and 0 interrupted iterations
restaurant_view_hotpath   [  34% ] 04/37 VUs  1m43.5s/5m0s  20.00 iters/s

running (1m45.0s), 03/37 VUs, 2070 complete and 0 interrupted iterations
restaurant_view_hotpath   [  35% ] 03/37 VUs  1m44.5s/5m0s  20.00 iters/s

running (1m46.0s), 04/37 VUs, 2089 complete and 0 interrupted iterations
restaurant_view_hotpath   [  35% ] 04/37 VUs  1m45.5s/5m0s  20.00 iters/s

running (1m47.0s), 04/37 VUs, 2109 complete and 0 interrupted iterations
restaurant_view_hotpath   [  35% ] 04/37 VUs  1m46.5s/5m0s  20.00 iters/s

running (1m48.0s), 04/37 VUs, 2129 complete and 0 interrupted iterations
restaurant_view_hotpath   [  36% ] 04/37 VUs  1m47.5s/5m0s  20.00 iters/s

running (1m49.0s), 10/37 VUs, 2143 complete and 0 interrupted iterations
restaurant_view_hotpath   [  36% ] 10/37 VUs  1m48.5s/5m0s  20.00 iters/s

running (1m50.0s), 15/37 VUs, 2158 complete and 0 interrupted iterations
restaurant_view_hotpath   [  36% ] 15/37 VUs  1m49.5s/5m0s  20.00 iters/s

running (1m51.0s), 27/37 VUs, 2166 complete and 0 interrupted iterations
restaurant_view_hotpath   [  37% ] 27/37 VUs  1m50.5s/5m0s  20.00 iters/s

running (1m52.0s), 22/37 VUs, 2191 complete and 0 interrupted iterations
restaurant_view_hotpath   [  37% ] 22/37 VUs  1m51.5s/5m0s  20.00 iters/s

running (1m53.0s), 15/37 VUs, 2218 complete and 0 interrupted iterations
restaurant_view_hotpath   [  37% ] 15/37 VUs  1m52.5s/5m0s  20.00 iters/s

running (1m54.0s), 05/37 VUs, 2248 complete and 0 interrupted iterations
restaurant_view_hotpath   [  38% ] 05/37 VUs  1m53.5s/5m0s  20.00 iters/s

running (1m55.0s), 04/37 VUs, 2269 complete and 0 interrupted iterations
restaurant_view_hotpath   [  38% ] 04/37 VUs  1m54.5s/5m0s  20.00 iters/s

running (1m56.0s), 04/37 VUs, 2289 complete and 0 interrupted iterations
restaurant_view_hotpath   [  38% ] 04/37 VUs  1m55.5s/5m0s  20.00 iters/s

running (1m57.0s), 04/37 VUs, 2309 complete and 0 interrupted iterations
restaurant_view_hotpath   [  39% ] 04/37 VUs  1m56.5s/5m0s  20.00 iters/s

running (1m58.0s), 04/37 VUs, 2329 complete and 0 interrupted iterations
restaurant_view_hotpath   [  39% ] 04/37 VUs  1m57.5s/5m0s  20.00 iters/s

running (1m59.0s), 04/37 VUs, 2349 complete and 0 interrupted iterations
restaurant_view_hotpath   [  39% ] 04/37 VUs  1m58.5s/5m0s  20.00 iters/s

running (2m00.0s), 05/37 VUs, 2368 complete and 0 interrupted iterations
restaurant_view_hotpath   [  40% ] 05/37 VUs  1m59.5s/5m0s  20.00 iters/s

running (2m01.0s), 04/37 VUs, 2389 complete and 0 interrupted iterations
restaurant_view_hotpath   [  40% ] 04/37 VUs  2m00.5s/5m0s  20.00 iters/s

running (2m02.0s), 04/37 VUs, 2409 complete and 0 interrupted iterations
restaurant_view_hotpath   [  40% ] 04/37 VUs  2m01.5s/5m0s  20.00 iters/s

running (2m03.0s), 04/37 VUs, 2429 complete and 0 interrupted iterations
restaurant_view_hotpath   [  41% ] 04/37 VUs  2m02.5s/5m0s  20.00 iters/s

running (2m04.0s), 04/37 VUs, 2449 complete and 0 interrupted iterations
restaurant_view_hotpath   [  41% ] 04/37 VUs  2m03.5s/5m0s  20.00 iters/s

running (2m05.0s), 04/37 VUs, 2469 complete and 0 interrupted iterations
restaurant_view_hotpath   [  41% ] 04/37 VUs  2m04.5s/5m0s  20.00 iters/s

running (2m06.0s), 10/37 VUs, 2483 complete and 0 interrupted iterations
restaurant_view_hotpath   [  42% ] 10/37 VUs  2m05.5s/5m0s  20.00 iters/s

running (2m07.0s), 04/37 VUs, 2509 complete and 0 interrupted iterations
restaurant_view_hotpath   [  42% ] 04/37 VUs  2m06.5s/5m0s  20.00 iters/s

running (2m08.0s), 04/37 VUs, 2529 complete and 0 interrupted iterations
restaurant_view_hotpath   [  42% ] 04/37 VUs  2m07.5s/5m0s  20.00 iters/s

running (2m09.0s), 06/37 VUs, 2547 complete and 0 interrupted iterations
restaurant_view_hotpath   [  43% ] 06/37 VUs  2m08.5s/5m0s  20.00 iters/s

running (2m10.0s), 05/37 VUs, 2568 complete and 0 interrupted iterations
restaurant_view_hotpath   [  43% ] 05/37 VUs  2m09.5s/5m0s  20.00 iters/s

running (2m11.0s), 04/37 VUs, 2589 complete and 0 interrupted iterations
restaurant_view_hotpath   [  43% ] 04/37 VUs  2m10.5s/5m0s  20.00 iters/s

running (2m12.0s), 05/37 VUs, 2608 complete and 0 interrupted iterations
restaurant_view_hotpath   [  44% ] 05/37 VUs  2m11.5s/5m0s  20.00 iters/s

running (2m13.0s), 04/37 VUs, 2629 complete and 0 interrupted iterations
restaurant_view_hotpath   [  44% ] 04/37 VUs  2m12.5s/5m0s  20.00 iters/s

running (2m14.0s), 04/37 VUs, 2649 complete and 0 interrupted iterations
restaurant_view_hotpath   [  44% ] 04/37 VUs  2m13.5s/5m0s  20.00 iters/s

running (2m15.0s), 04/37 VUs, 2669 complete and 0 interrupted iterations
restaurant_view_hotpath   [  45% ] 04/37 VUs  2m14.5s/5m0s  20.00 iters/s

running (2m16.0s), 04/37 VUs, 2689 complete and 0 interrupted iterations
restaurant_view_hotpath   [  45% ] 04/37 VUs  2m15.5s/5m0s  20.00 iters/s

running (2m17.0s), 04/37 VUs, 2709 complete and 0 interrupted iterations
restaurant_view_hotpath   [  45% ] 04/37 VUs  2m16.5s/5m0s  20.00 iters/s

running (2m18.0s), 04/37 VUs, 2729 complete and 0 interrupted iterations
restaurant_view_hotpath   [  46% ] 04/37 VUs  2m17.5s/5m0s  20.00 iters/s

running (2m19.0s), 04/37 VUs, 2749 complete and 0 interrupted iterations
restaurant_view_hotpath   [  46% ] 04/37 VUs  2m18.5s/5m0s  20.00 iters/s

running (2m20.0s), 04/37 VUs, 2769 complete and 0 interrupted iterations
restaurant_view_hotpath   [  46% ] 04/37 VUs  2m19.5s/5m0s  20.00 iters/s

running (2m21.0s), 05/37 VUs, 2788 complete and 0 interrupted iterations
restaurant_view_hotpath   [  47% ] 05/37 VUs  2m20.5s/5m0s  20.00 iters/s

running (2m22.0s), 04/37 VUs, 2809 complete and 0 interrupted iterations
restaurant_view_hotpath   [  47% ] 04/37 VUs  2m21.5s/5m0s  20.00 iters/s

running (2m23.0s), 04/37 VUs, 2829 complete and 0 interrupted iterations
restaurant_view_hotpath   [  47% ] 04/37 VUs  2m22.5s/5m0s  20.00 iters/s

running (2m24.0s), 05/37 VUs, 2848 complete and 0 interrupted iterations
restaurant_view_hotpath   [  48% ] 05/37 VUs  2m23.5s/5m0s  20.00 iters/s

running (2m25.0s), 04/37 VUs, 2869 complete and 0 interrupted iterations
restaurant_view_hotpath   [  48% ] 04/37 VUs  2m24.5s/5m0s  20.00 iters/s

running (2m26.0s), 04/37 VUs, 2889 complete and 0 interrupted iterations
restaurant_view_hotpath   [  48% ] 04/37 VUs  2m25.5s/5m0s  20.00 iters/s

running (2m27.0s), 04/37 VUs, 2909 complete and 0 interrupted iterations
restaurant_view_hotpath   [  49% ] 04/37 VUs  2m26.5s/5m0s  20.00 iters/s

running (2m28.0s), 04/37 VUs, 2929 complete and 0 interrupted iterations
restaurant_view_hotpath   [  49% ] 04/37 VUs  2m27.5s/5m0s  20.00 iters/s

running (2m29.0s), 06/37 VUs, 2947 complete and 0 interrupted iterations
restaurant_view_hotpath   [  49% ] 06/37 VUs  2m28.5s/5m0s  20.00 iters/s

running (2m30.0s), 04/37 VUs, 2969 complete and 0 interrupted iterations
restaurant_view_hotpath   [  50% ] 04/37 VUs  2m29.5s/5m0s  20.00 iters/s

running (2m31.0s), 04/37 VUs, 2989 complete and 0 interrupted iterations
restaurant_view_hotpath   [  50% ] 04/37 VUs  2m30.5s/5m0s  20.00 iters/s

running (2m32.0s), 04/37 VUs, 3009 complete and 0 interrupted iterations
restaurant_view_hotpath   [  50% ] 04/37 VUs  2m31.5s/5m0s  20.00 iters/s

running (2m33.0s), 04/37 VUs, 3029 complete and 0 interrupted iterations
restaurant_view_hotpath   [  51% ] 04/37 VUs  2m32.5s/5m0s  20.00 iters/s

running (2m34.0s), 04/37 VUs, 3049 complete and 0 interrupted iterations
restaurant_view_hotpath   [  51% ] 04/37 VUs  2m33.5s/5m0s  20.00 iters/s

running (2m35.0s), 04/37 VUs, 3069 complete and 0 interrupted iterations
restaurant_view_hotpath   [  51% ] 04/37 VUs  2m34.5s/5m0s  20.00 iters/s

running (2m36.0s), 04/37 VUs, 3089 complete and 0 interrupted iterations
restaurant_view_hotpath   [  52% ] 04/37 VUs  2m35.5s/5m0s  20.00 iters/s

running (2m37.0s), 04/37 VUs, 3109 complete and 0 interrupted iterations
restaurant_view_hotpath   [  52% ] 04/37 VUs  2m36.5s/5m0s  20.00 iters/s

running (2m38.0s), 04/37 VUs, 3129 complete and 0 interrupted iterations
restaurant_view_hotpath   [  52% ] 04/37 VUs  2m37.5s/5m0s  20.00 iters/s

running (2m39.0s), 05/37 VUs, 3148 complete and 0 interrupted iterations
restaurant_view_hotpath   [  53% ] 05/37 VUs  2m38.5s/5m0s  20.00 iters/s

running (2m40.0s), 05/37 VUs, 3168 complete and 0 interrupted iterations
restaurant_view_hotpath   [  53% ] 05/37 VUs  2m39.5s/5m0s  20.00 iters/s

running (2m41.0s), 04/37 VUs, 3189 complete and 0 interrupted iterations
restaurant_view_hotpath   [  53% ] 04/37 VUs  2m40.5s/5m0s  20.00 iters/s

running (2m42.0s), 05/37 VUs, 3208 complete and 0 interrupted iterations
restaurant_view_hotpath   [  54% ] 05/37 VUs  2m41.5s/5m0s  20.00 iters/s

running (2m43.0s), 04/37 VUs, 3229 complete and 0 interrupted iterations
restaurant_view_hotpath   [  54% ] 04/37 VUs  2m42.5s/5m0s  20.00 iters/s

running (2m44.0s), 04/37 VUs, 3249 complete and 0 interrupted iterations
restaurant_view_hotpath   [  54% ] 04/37 VUs  2m43.5s/5m0s  20.00 iters/s

running (2m45.0s), 04/37 VUs, 3269 complete and 0 interrupted iterations
restaurant_view_hotpath   [  55% ] 04/37 VUs  2m44.5s/5m0s  20.00 iters/s

running (2m46.0s), 04/37 VUs, 3289 complete and 0 interrupted iterations
restaurant_view_hotpath   [  55% ] 04/37 VUs  2m45.5s/5m0s  20.00 iters/s

running (2m47.0s), 04/37 VUs, 3309 complete and 0 interrupted iterations
restaurant_view_hotpath   [  55% ] 04/37 VUs  2m46.5s/5m0s  20.00 iters/s

running (2m48.0s), 04/37 VUs, 3329 complete and 0 interrupted iterations
restaurant_view_hotpath   [  56% ] 04/37 VUs  2m47.5s/5m0s  20.00 iters/s

running (2m49.0s), 09/37 VUs, 3344 complete and 0 interrupted iterations
restaurant_view_hotpath   [  56% ] 09/37 VUs  2m48.5s/5m0s  20.00 iters/s

running (2m50.0s), 17/37 VUs, 3356 complete and 0 interrupted iterations
restaurant_view_hotpath   [  56% ] 17/37 VUs  2m49.5s/5m0s  20.00 iters/s

running (2m51.0s), 24/37 VUs, 3369 complete and 0 interrupted iterations
restaurant_view_hotpath   [  57% ] 24/37 VUs  2m50.5s/5m0s  20.00 iters/s

running (2m52.0s), 16/37 VUs, 3397 complete and 0 interrupted iterations
restaurant_view_hotpath   [  57% ] 16/37 VUs  2m51.5s/5m0s  20.00 iters/s

running (2m53.0s), 05/37 VUs, 3428 complete and 0 interrupted iterations
restaurant_view_hotpath   [  57% ] 05/37 VUs  2m52.5s/5m0s  20.00 iters/s

running (2m54.0s), 05/37 VUs, 3448 complete and 0 interrupted iterations
restaurant_view_hotpath   [  58% ] 05/37 VUs  2m53.5s/5m0s  20.00 iters/s

running (2m55.0s), 04/37 VUs, 3469 complete and 0 interrupted iterations
restaurant_view_hotpath   [  58% ] 04/37 VUs  2m54.5s/5m0s  20.00 iters/s

running (2m56.0s), 04/37 VUs, 3489 complete and 0 interrupted iterations
restaurant_view_hotpath   [  58% ] 04/37 VUs  2m55.5s/5m0s  20.00 iters/s

running (2m57.0s), 05/37 VUs, 3508 complete and 0 interrupted iterations
restaurant_view_hotpath   [  59% ] 05/37 VUs  2m56.5s/5m0s  20.00 iters/s

running (2m58.0s), 04/37 VUs, 3529 complete and 0 interrupted iterations
restaurant_view_hotpath   [  59% ] 04/37 VUs  2m57.5s/5m0s  20.00 iters/s

running (2m59.0s), 04/37 VUs, 3549 complete and 0 interrupted iterations
restaurant_view_hotpath   [  59% ] 04/37 VUs  2m58.5s/5m0s  20.00 iters/s

running (3m00.0s), 06/37 VUs, 3567 complete and 0 interrupted iterations
restaurant_view_hotpath   [  60% ] 06/37 VUs  2m59.5s/5m0s  20.00 iters/s

running (3m01.0s), 04/37 VUs, 3589 complete and 0 interrupted iterations
restaurant_view_hotpath   [  60% ] 04/37 VUs  3m00.5s/5m0s  20.00 iters/s

running (3m02.0s), 04/37 VUs, 3609 complete and 0 interrupted iterations
restaurant_view_hotpath   [  60% ] 04/37 VUs  3m01.5s/5m0s  20.00 iters/s

running (3m03.0s), 05/37 VUs, 3628 complete and 0 interrupted iterations
restaurant_view_hotpath   [  61% ] 05/37 VUs  3m02.5s/5m0s  20.00 iters/s

running (3m04.0s), 04/37 VUs, 3649 complete and 0 interrupted iterations
restaurant_view_hotpath   [  61% ] 04/37 VUs  3m03.5s/5m0s  20.00 iters/s

running (3m05.0s), 04/37 VUs, 3669 complete and 0 interrupted iterations
restaurant_view_hotpath   [  61% ] 04/37 VUs  3m04.5s/5m0s  20.00 iters/s

running (3m06.0s), 04/37 VUs, 3689 complete and 0 interrupted iterations
restaurant_view_hotpath   [  62% ] 04/37 VUs  3m05.5s/5m0s  20.00 iters/s

running (3m07.0s), 04/37 VUs, 3709 complete and 0 interrupted iterations
restaurant_view_hotpath   [  62% ] 04/37 VUs  3m06.5s/5m0s  20.00 iters/s

running (3m08.0s), 04/37 VUs, 3729 complete and 0 interrupted iterations
restaurant_view_hotpath   [  62% ] 04/37 VUs  3m07.5s/5m0s  20.00 iters/s

running (3m09.0s), 04/37 VUs, 3749 complete and 0 interrupted iterations
restaurant_view_hotpath   [  63% ] 04/37 VUs  3m08.5s/5m0s  20.00 iters/s

running (3m10.0s), 04/37 VUs, 3769 complete and 0 interrupted iterations
restaurant_view_hotpath   [  63% ] 04/37 VUs  3m09.5s/5m0s  20.00 iters/s

running (3m11.0s), 04/37 VUs, 3789 complete and 0 interrupted iterations
restaurant_view_hotpath   [  63% ] 04/37 VUs  3m10.5s/5m0s  20.00 iters/s

running (3m12.0s), 04/37 VUs, 3809 complete and 0 interrupted iterations
restaurant_view_hotpath   [  64% ] 04/37 VUs  3m11.5s/5m0s  20.00 iters/s

running (3m13.0s), 04/37 VUs, 3829 complete and 0 interrupted iterations
restaurant_view_hotpath   [  64% ] 04/37 VUs  3m12.5s/5m0s  20.00 iters/s

running (3m14.0s), 04/37 VUs, 3849 complete and 0 interrupted iterations
restaurant_view_hotpath   [  64% ] 04/37 VUs  3m13.5s/5m0s  20.00 iters/s

running (3m15.0s), 04/37 VUs, 3869 complete and 0 interrupted iterations
restaurant_view_hotpath   [  65% ] 04/37 VUs  3m14.5s/5m0s  20.00 iters/s

running (3m16.0s), 04/37 VUs, 3889 complete and 0 interrupted iterations
restaurant_view_hotpath   [  65% ] 04/37 VUs  3m15.5s/5m0s  20.00 iters/s

running (3m17.0s), 04/37 VUs, 3909 complete and 0 interrupted iterations
restaurant_view_hotpath   [  65% ] 04/37 VUs  3m16.5s/5m0s  20.00 iters/s

running (3m18.0s), 04/37 VUs, 3929 complete and 0 interrupted iterations
restaurant_view_hotpath   [  66% ] 04/37 VUs  3m17.5s/5m0s  20.00 iters/s

running (3m19.0s), 06/37 VUs, 3947 complete and 0 interrupted iterations
restaurant_view_hotpath   [  66% ] 06/37 VUs  3m18.5s/5m0s  20.00 iters/s

running (3m20.0s), 04/37 VUs, 3969 complete and 0 interrupted iterations
restaurant_view_hotpath   [  66% ] 04/37 VUs  3m19.5s/5m0s  20.00 iters/s

running (3m21.0s), 04/37 VUs, 3989 complete and 0 interrupted iterations
restaurant_view_hotpath   [  67% ] 04/37 VUs  3m20.5s/5m0s  20.00 iters/s

running (3m22.0s), 04/37 VUs, 4009 complete and 0 interrupted iterations
restaurant_view_hotpath   [  67% ] 04/37 VUs  3m21.5s/5m0s  20.00 iters/s

running (3m23.0s), 04/37 VUs, 4029 complete and 0 interrupted iterations
restaurant_view_hotpath   [  67% ] 04/37 VUs  3m22.5s/5m0s  20.00 iters/s

running (3m24.0s), 04/37 VUs, 4049 complete and 0 interrupted iterations
restaurant_view_hotpath   [  68% ] 04/37 VUs  3m23.5s/5m0s  20.00 iters/s

running (3m25.0s), 04/37 VUs, 4069 complete and 0 interrupted iterations
restaurant_view_hotpath   [  68% ] 04/37 VUs  3m24.5s/5m0s  20.00 iters/s

running (3m26.0s), 04/37 VUs, 4089 complete and 0 interrupted iterations
restaurant_view_hotpath   [  68% ] 04/37 VUs  3m25.5s/5m0s  20.00 iters/s

running (3m27.0s), 04/37 VUs, 4109 complete and 0 interrupted iterations
restaurant_view_hotpath   [  69% ] 04/37 VUs  3m26.5s/5m0s  20.00 iters/s

running (3m28.0s), 04/37 VUs, 4129 complete and 0 interrupted iterations
restaurant_view_hotpath   [  69% ] 04/37 VUs  3m27.5s/5m0s  20.00 iters/s

running (3m29.0s), 04/37 VUs, 4149 complete and 0 interrupted iterations
restaurant_view_hotpath   [  69% ] 04/37 VUs  3m28.5s/5m0s  20.00 iters/s

running (3m30.0s), 04/37 VUs, 4169 complete and 0 interrupted iterations
restaurant_view_hotpath   [  70% ] 04/37 VUs  3m29.5s/5m0s  20.00 iters/s

running (3m31.0s), 04/37 VUs, 4189 complete and 0 interrupted iterations
restaurant_view_hotpath   [  70% ] 04/37 VUs  3m30.5s/5m0s  20.00 iters/s

running (3m32.0s), 04/37 VUs, 4209 complete and 0 interrupted iterations
restaurant_view_hotpath   [  70% ] 04/37 VUs  3m31.5s/5m0s  20.00 iters/s

running (3m33.0s), 04/37 VUs, 4229 complete and 0 interrupted iterations
restaurant_view_hotpath   [  71% ] 04/37 VUs  3m32.5s/5m0s  20.00 iters/s

running (3m34.0s), 04/37 VUs, 4249 complete and 0 interrupted iterations
restaurant_view_hotpath   [  71% ] 04/37 VUs  3m33.5s/5m0s  20.00 iters/s

running (3m35.0s), 05/37 VUs, 4268 complete and 0 interrupted iterations
restaurant_view_hotpath   [  71% ] 05/37 VUs  3m34.5s/5m0s  20.00 iters/s

running (3m36.0s), 04/37 VUs, 4289 complete and 0 interrupted iterations
restaurant_view_hotpath   [  72% ] 04/37 VUs  3m35.5s/5m0s  20.00 iters/s

running (3m37.0s), 04/37 VUs, 4309 complete and 0 interrupted iterations
restaurant_view_hotpath   [  72% ] 04/37 VUs  3m36.5s/5m0s  20.00 iters/s

running (3m38.0s), 04/37 VUs, 4329 complete and 0 interrupted iterations
restaurant_view_hotpath   [  72% ] 04/37 VUs  3m37.5s/5m0s  20.00 iters/s

running (3m39.0s), 04/37 VUs, 4349 complete and 0 interrupted iterations
restaurant_view_hotpath   [  73% ] 04/37 VUs  3m38.5s/5m0s  20.00 iters/s

running (3m40.0s), 05/37 VUs, 4368 complete and 0 interrupted iterations
restaurant_view_hotpath   [  73% ] 05/37 VUs  3m39.5s/5m0s  20.00 iters/s

running (3m41.0s), 04/37 VUs, 4389 complete and 0 interrupted iterations
restaurant_view_hotpath   [  73% ] 04/37 VUs  3m40.5s/5m0s  20.00 iters/s

running (3m42.0s), 04/37 VUs, 4409 complete and 0 interrupted iterations
restaurant_view_hotpath   [  74% ] 04/37 VUs  3m41.5s/5m0s  20.00 iters/s

running (3m43.0s), 04/37 VUs, 4429 complete and 0 interrupted iterations
restaurant_view_hotpath   [  74% ] 04/37 VUs  3m42.5s/5m0s  20.00 iters/s

running (3m44.0s), 04/37 VUs, 4449 complete and 0 interrupted iterations
restaurant_view_hotpath   [  74% ] 04/37 VUs  3m43.5s/5m0s  20.00 iters/s

running (3m45.0s), 04/37 VUs, 4469 complete and 0 interrupted iterations
restaurant_view_hotpath   [  75% ] 04/37 VUs  3m44.5s/5m0s  20.00 iters/s

running (3m46.0s), 04/37 VUs, 4489 complete and 0 interrupted iterations
restaurant_view_hotpath   [  75% ] 04/37 VUs  3m45.5s/5m0s  20.00 iters/s

running (3m47.0s), 04/37 VUs, 4509 complete and 0 interrupted iterations
restaurant_view_hotpath   [  75% ] 04/37 VUs  3m46.5s/5m0s  20.00 iters/s

running (3m48.0s), 04/37 VUs, 4529 complete and 0 interrupted iterations
restaurant_view_hotpath   [  76% ] 04/37 VUs  3m47.5s/5m0s  20.00 iters/s

running (3m49.0s), 09/37 VUs, 4544 complete and 0 interrupted iterations
restaurant_view_hotpath   [  76% ] 09/37 VUs  3m48.5s/5m0s  20.00 iters/s

running (3m50.0s), 15/37 VUs, 4558 complete and 0 interrupted iterations
restaurant_view_hotpath   [  76% ] 15/37 VUs  3m49.5s/5m0s  20.00 iters/s

running (3m51.0s), 25/37 VUs, 4568 complete and 0 interrupted iterations
restaurant_view_hotpath   [  77% ] 25/37 VUs  3m50.5s/5m0s  20.00 iters/s

running (3m52.0s), 21/37 VUs, 4592 complete and 0 interrupted iterations
restaurant_view_hotpath   [  77% ] 21/37 VUs  3m51.5s/5m0s  20.00 iters/s

running (3m53.0s), 12/37 VUs, 4621 complete and 0 interrupted iterations
restaurant_view_hotpath   [  77% ] 12/37 VUs  3m52.5s/5m0s  20.00 iters/s

running (3m54.0s), 04/37 VUs, 4649 complete and 0 interrupted iterations
restaurant_view_hotpath   [  78% ] 04/37 VUs  3m53.5s/5m0s  20.00 iters/s

running (3m55.0s), 05/37 VUs, 4668 complete and 0 interrupted iterations
restaurant_view_hotpath   [  78% ] 05/37 VUs  3m54.5s/5m0s  20.00 iters/s

running (3m56.0s), 04/37 VUs, 4689 complete and 0 interrupted iterations
restaurant_view_hotpath   [  78% ] 04/37 VUs  3m55.5s/5m0s  20.00 iters/s

running (3m57.0s), 04/37 VUs, 4709 complete and 0 interrupted iterations
restaurant_view_hotpath   [  79% ] 04/37 VUs  3m56.5s/5m0s  20.00 iters/s

running (3m58.0s), 04/37 VUs, 4729 complete and 0 interrupted iterations
restaurant_view_hotpath   [  79% ] 04/37 VUs  3m57.5s/5m0s  20.00 iters/s

running (3m59.0s), 04/37 VUs, 4749 complete and 0 interrupted iterations
restaurant_view_hotpath   [  79% ] 04/37 VUs  3m58.5s/5m0s  20.00 iters/s

running (4m00.0s), 04/37 VUs, 4769 complete and 0 interrupted iterations
restaurant_view_hotpath   [  80% ] 04/37 VUs  3m59.5s/5m0s  20.00 iters/s

running (4m01.0s), 04/37 VUs, 4789 complete and 0 interrupted iterations
restaurant_view_hotpath   [  80% ] 04/37 VUs  4m00.5s/5m0s  20.00 iters/s

running (4m02.0s), 04/37 VUs, 4809 complete and 0 interrupted iterations
restaurant_view_hotpath   [  80% ] 04/37 VUs  4m01.5s/5m0s  20.00 iters/s

running (4m03.0s), 04/37 VUs, 4829 complete and 0 interrupted iterations
restaurant_view_hotpath   [  81% ] 04/37 VUs  4m02.5s/5m0s  20.00 iters/s

running (4m04.0s), 04/37 VUs, 4849 complete and 0 interrupted iterations
restaurant_view_hotpath   [  81% ] 04/37 VUs  4m03.5s/5m0s  20.00 iters/s

running (4m05.0s), 05/37 VUs, 4868 complete and 0 interrupted iterations
restaurant_view_hotpath   [  81% ] 05/37 VUs  4m04.5s/5m0s  20.00 iters/s

running (4m06.0s), 05/37 VUs, 4888 complete and 0 interrupted iterations
restaurant_view_hotpath   [  82% ] 05/37 VUs  4m05.5s/5m0s  20.00 iters/s

running (4m07.0s), 04/37 VUs, 4909 complete and 0 interrupted iterations
restaurant_view_hotpath   [  82% ] 04/37 VUs  4m06.5s/5m0s  20.00 iters/s

running (4m08.0s), 04/37 VUs, 4929 complete and 0 interrupted iterations
restaurant_view_hotpath   [  82% ] 04/37 VUs  4m07.5s/5m0s  20.00 iters/s

running (4m09.0s), 05/37 VUs, 4948 complete and 0 interrupted iterations
restaurant_view_hotpath   [  83% ] 05/37 VUs  4m08.5s/5m0s  20.00 iters/s

running (4m10.0s), 04/37 VUs, 4969 complete and 0 interrupted iterations
restaurant_view_hotpath   [  83% ] 04/37 VUs  4m09.5s/5m0s  20.00 iters/s

running (4m11.0s), 04/37 VUs, 4989 complete and 0 interrupted iterations
restaurant_view_hotpath   [  83% ] 04/37 VUs  4m10.5s/5m0s  20.00 iters/s

running (4m12.0s), 04/37 VUs, 5009 complete and 0 interrupted iterations
restaurant_view_hotpath   [  84% ] 04/37 VUs  4m11.5s/5m0s  20.00 iters/s

running (4m13.0s), 04/37 VUs, 5029 complete and 0 interrupted iterations
restaurant_view_hotpath   [  84% ] 04/37 VUs  4m12.5s/5m0s  20.00 iters/s

running (4m14.0s), 04/37 VUs, 5049 complete and 0 interrupted iterations
restaurant_view_hotpath   [  84% ] 04/37 VUs  4m13.5s/5m0s  20.00 iters/s

running (4m15.0s), 04/37 VUs, 5069 complete and 0 interrupted iterations
restaurant_view_hotpath   [  85% ] 04/37 VUs  4m14.5s/5m0s  20.00 iters/s

running (4m16.0s), 04/37 VUs, 5089 complete and 0 interrupted iterations
restaurant_view_hotpath   [  85% ] 04/37 VUs  4m15.5s/5m0s  20.00 iters/s

running (4m17.0s), 06/37 VUs, 5107 complete and 0 interrupted iterations
restaurant_view_hotpath   [  85% ] 06/37 VUs  4m16.5s/5m0s  20.00 iters/s

running (4m18.0s), 04/37 VUs, 5129 complete and 0 interrupted iterations
restaurant_view_hotpath   [  86% ] 04/37 VUs  4m17.5s/5m0s  20.00 iters/s

running (4m19.0s), 06/37 VUs, 5147 complete and 0 interrupted iterations
restaurant_view_hotpath   [  86% ] 06/37 VUs  4m18.5s/5m0s  20.00 iters/s

running (4m20.0s), 04/37 VUs, 5169 complete and 0 interrupted iterations
restaurant_view_hotpath   [  86% ] 04/37 VUs  4m19.5s/5m0s  20.00 iters/s

running (4m21.0s), 04/37 VUs, 5189 complete and 0 interrupted iterations
restaurant_view_hotpath   [  87% ] 04/37 VUs  4m20.5s/5m0s  20.00 iters/s

running (4m22.0s), 04/37 VUs, 5209 complete and 0 interrupted iterations
restaurant_view_hotpath   [  87% ] 04/37 VUs  4m21.5s/5m0s  20.00 iters/s

running (4m23.0s), 04/37 VUs, 5229 complete and 0 interrupted iterations
restaurant_view_hotpath   [  87% ] 04/37 VUs  4m22.5s/5m0s  20.00 iters/s

running (4m24.0s), 06/37 VUs, 5247 complete and 0 interrupted iterations
restaurant_view_hotpath   [  88% ] 06/37 VUs  4m23.5s/5m0s  20.00 iters/s

running (4m25.0s), 04/37 VUs, 5269 complete and 0 interrupted iterations
restaurant_view_hotpath   [  88% ] 04/37 VUs  4m24.5s/5m0s  20.00 iters/s

running (4m26.0s), 04/37 VUs, 5289 complete and 0 interrupted iterations
restaurant_view_hotpath   [  88% ] 04/37 VUs  4m25.5s/5m0s  20.00 iters/s

running (4m27.0s), 04/37 VUs, 5309 complete and 0 interrupted iterations
restaurant_view_hotpath   [  89% ] 04/37 VUs  4m26.5s/5m0s  20.00 iters/s

running (4m28.0s), 04/37 VUs, 5329 complete and 0 interrupted iterations
restaurant_view_hotpath   [  89% ] 04/37 VUs  4m27.5s/5m0s  20.00 iters/s

running (4m29.0s), 04/37 VUs, 5349 complete and 0 interrupted iterations
restaurant_view_hotpath   [  89% ] 04/37 VUs  4m28.5s/5m0s  20.00 iters/s

running (4m30.0s), 04/37 VUs, 5369 complete and 0 interrupted iterations
restaurant_view_hotpath   [  90% ] 04/37 VUs  4m29.5s/5m0s  20.00 iters/s

running (4m31.0s), 04/37 VUs, 5389 complete and 0 interrupted iterations
restaurant_view_hotpath   [  90% ] 04/37 VUs  4m30.5s/5m0s  20.00 iters/s

running (4m32.0s), 04/37 VUs, 5409 complete and 0 interrupted iterations
restaurant_view_hotpath   [  90% ] 04/37 VUs  4m31.5s/5m0s  20.00 iters/s

running (4m33.0s), 04/37 VUs, 5429 complete and 0 interrupted iterations
restaurant_view_hotpath   [  91% ] 04/37 VUs  4m32.5s/5m0s  20.00 iters/s

running (4m34.0s), 04/37 VUs, 5449 complete and 0 interrupted iterations
restaurant_view_hotpath   [  91% ] 04/37 VUs  4m33.5s/5m0s  20.00 iters/s

running (4m35.0s), 04/37 VUs, 5469 complete and 0 interrupted iterations
restaurant_view_hotpath   [  91% ] 04/37 VUs  4m34.5s/5m0s  20.00 iters/s

running (4m36.0s), 04/37 VUs, 5489 complete and 0 interrupted iterations
restaurant_view_hotpath   [  92% ] 04/37 VUs  4m35.5s/5m0s  20.00 iters/s

running (4m37.0s), 04/37 VUs, 5509 complete and 0 interrupted iterations
restaurant_view_hotpath   [  92% ] 04/37 VUs  4m36.5s/5m0s  20.00 iters/s

running (4m38.0s), 04/37 VUs, 5529 complete and 0 interrupted iterations
restaurant_view_hotpath   [  92% ] 04/37 VUs  4m37.5s/5m0s  20.00 iters/s

running (4m39.0s), 04/37 VUs, 5549 complete and 0 interrupted iterations
restaurant_view_hotpath   [  93% ] 04/37 VUs  4m38.5s/5m0s  20.00 iters/s

running (4m40.0s), 04/37 VUs, 5569 complete and 0 interrupted iterations
restaurant_view_hotpath   [  93% ] 04/37 VUs  4m39.5s/5m0s  20.00 iters/s

running (4m41.0s), 04/37 VUs, 5589 complete and 0 interrupted iterations
restaurant_view_hotpath   [  93% ] 04/37 VUs  4m40.5s/5m0s  20.00 iters/s

running (4m42.0s), 04/37 VUs, 5609 complete and 0 interrupted iterations
restaurant_view_hotpath   [  94% ] 04/37 VUs  4m41.5s/5m0s  20.00 iters/s

running (4m43.0s), 04/37 VUs, 5629 complete and 0 interrupted iterations
restaurant_view_hotpath   [  94% ] 04/37 VUs  4m42.5s/5m0s  20.00 iters/s

running (4m44.0s), 04/37 VUs, 5649 complete and 0 interrupted iterations
restaurant_view_hotpath   [  94% ] 04/37 VUs  4m43.5s/5m0s  20.00 iters/s

running (4m45.0s), 04/37 VUs, 5669 complete and 0 interrupted iterations
restaurant_view_hotpath   [  95% ] 04/37 VUs  4m44.5s/5m0s  20.00 iters/s

running (4m46.0s), 04/37 VUs, 5689 complete and 0 interrupted iterations
restaurant_view_hotpath   [  95% ] 04/37 VUs  4m45.5s/5m0s  20.00 iters/s

running (4m47.0s), 04/37 VUs, 5709 complete and 0 interrupted iterations
restaurant_view_hotpath   [  95% ] 04/37 VUs  4m46.5s/5m0s  20.00 iters/s

running (4m48.0s), 04/37 VUs, 5729 complete and 0 interrupted iterations
restaurant_view_hotpath   [  96% ] 04/37 VUs  4m47.5s/5m0s  20.00 iters/s

running (4m49.0s), 08/37 VUs, 5745 complete and 0 interrupted iterations
restaurant_view_hotpath   [  96% ] 08/37 VUs  4m48.5s/5m0s  20.00 iters/s

running (4m50.0s), 18/37 VUs, 5755 complete and 0 interrupted iterations
restaurant_view_hotpath   [  96% ] 18/37 VUs  4m49.5s/5m0s  20.00 iters/s

running (4m51.0s), 33/37 VUs, 5760 complete and 0 interrupted iterations
restaurant_view_hotpath   [  97% ] 33/37 VUs  4m50.5s/5m0s  20.00 iters/s

running (4m52.0s), 29/37 VUs, 5784 complete and 0 interrupted iterations
restaurant_view_hotpath   [  97% ] 29/37 VUs  4m51.5s/5m0s  20.00 iters/s

running (4m53.0s), 19/37 VUs, 5814 complete and 0 interrupted iterations
restaurant_view_hotpath   [  97% ] 19/37 VUs  4m52.5s/5m0s  20.00 iters/s

running (4m54.0s), 12/37 VUs, 5841 complete and 0 interrupted iterations
restaurant_view_hotpath   [  98% ] 12/37 VUs  4m53.5s/5m0s  20.00 iters/s

running (4m55.0s), 04/37 VUs, 5869 complete and 0 interrupted iterations
restaurant_view_hotpath   [  98% ] 04/37 VUs  4m54.5s/5m0s  20.00 iters/s

running (4m56.0s), 04/37 VUs, 5889 complete and 0 interrupted iterations
restaurant_view_hotpath   [  98% ] 04/37 VUs  4m55.5s/5m0s  20.00 iters/s

running (4m57.0s), 04/37 VUs, 5909 complete and 0 interrupted iterations
restaurant_view_hotpath   [  99% ] 04/37 VUs  4m56.5s/5m0s  20.00 iters/s

running (4m58.0s), 04/37 VUs, 5929 complete and 0 interrupted iterations
restaurant_view_hotpath   [  99% ] 04/37 VUs  4m57.5s/5m0s  20.00 iters/s

running (4m59.0s), 04/37 VUs, 5949 complete and 0 interrupted iterations
restaurant_view_hotpath   [  99% ] 04/37 VUs  4m58.5s/5m0s  20.00 iters/s

running (5m00.0s), 04/37 VUs, 5969 complete and 0 interrupted iterations
restaurant_view_hotpath   [ 100% ] 04/37 VUs  4m59.5s/5m0s  20.00 iters/s


  █ TOTAL RESULTS 

    checks_total.......: 11968   39.799918/s
    checks_succeeded...: 100.00% 11968 out of 11968
    checks_failed......: 0.00%   0 out of 11968

    ✓ hotpath_dining_sessions status is 200
    ✓ hotpath_dining_sessions body.success is true

    HTTP
    http_req_duration..............: avg=320.46ms min=29.46ms  med=182.43ms max=2.5s p(90)=861.13ms p(95)=1.15s p(99)=1.65s
      { expected_response:true }...: avg=320.46ms min=29.46ms  med=182.43ms max=2.5s p(90)=861.13ms p(95)=1.15s p(99)=1.65s
    http_req_failed................: 0.00%  0 out of 5989
    http_reqs......................: 5989   19.916587/s

    EXECUTION
    dropped_iterations.............: 17     0.056534/s
    iteration_duration.............: avg=321.88ms min=145.65ms med=183.76ms max=2.5s p(90)=862.8ms  p(95)=1.15s p(99)=1.65s
    iterations.....................: 5984   19.899959/s
    vus............................: 4      min=3         max=34
    vus_max........................: 37     min=20        max=37

    NETWORK
    data_received..................: 111 MB 369 kB/s
    data_sent......................: 750 kB 2.5 kB/s




running (5m00.7s), 00/37 VUs, 5984 complete and 0 interrupted iterations
restaurant_view_hotpath ✓ [ 100% ] 00/37 VUs  5m0s  20.00 iters/s
