
         /\      Grafana   /‾‾/  
    /\  /  \     |\  __   /  /   
   /  \/    \    | |/ /  /   ‾‾\ 
  /          \   |   (  |  (‾)  |
 / __________ \  |_|\_\  \_____/ 


     execution: local
        script: k6/scenarios/restaurant-view-hotpath.js
        output: -

     scenarios: (100.00%) 1 scenario, 60 max VUs, 5m30s max duration (incl. graceful stop):
              * restaurant_view_hotpath: 20.00 iterations/s for 5m0s (maxVUs: 20-60, gracefulStop: 30s)


running (0m01.0s), 09/20 VUs, 0 complete and 0 interrupted iterations
restaurant_view_hotpath   [   0% ] 09/20 VUs  0m00.4s/5m0s  20.00 iters/s

running (0m02.0s), 19/20 VUs, 10 complete and 0 interrupted iterations
restaurant_view_hotpath   [   0% ] 19/20 VUs  0m01.4s/5m0s  20.00 iters/s

running (0m03.0s), 23/24 VUs, 22 complete and 0 interrupted iterations
restaurant_view_hotpath   [   1% ] 23/24 VUs  0m02.4s/5m0s  20.00 iters/s

running (0m04.0s), 28/29 VUs, 32 complete and 0 interrupted iterations
restaurant_view_hotpath   [   1% ] 28/29 VUs  0m03.4s/5m0s  20.00 iters/s

running (0m05.0s), 33/34 VUs, 42 complete and 0 interrupted iterations
restaurant_view_hotpath   [   1% ] 33/34 VUs  0m04.4s/5m0s  20.00 iters/s

running (0m06.0s), 38/38 VUs, 53 complete and 0 interrupted iterations
restaurant_view_hotpath   [   2% ] 38/38 VUs  0m05.4s/5m0s  20.00 iters/s

running (0m07.0s), 41/41 VUs, 67 complete and 0 interrupted iterations
restaurant_view_hotpath   [   2% ] 41/41 VUs  0m06.4s/5m0s  20.00 iters/s

running (0m08.0s), 45/46 VUs, 78 complete and 0 interrupted iterations
restaurant_view_hotpath   [   2% ] 45/46 VUs  0m07.4s/5m0s  20.00 iters/s

running (0m09.0s), 48/50 VUs, 91 complete and 0 interrupted iterations
restaurant_view_hotpath   [   3% ] 48/50 VUs  0m08.4s/5m0s  20.00 iters/s

running (0m10.0s), 53/53 VUs, 103 complete and 0 interrupted iterations
restaurant_view_hotpath   [   3% ] 53/53 VUs  0m09.4s/5m0s  20.00 iters/s

running (0m11.0s), 56/57 VUs, 116 complete and 0 interrupted iterations
restaurant_view_hotpath   [   3% ] 56/57 VUs  0m10.4s/5m0s  20.00 iters/s

running (0m12.0s), 60/60 VUs, 129 complete and 0 interrupted iterations
restaurant_view_hotpath   [   4% ] 60/60 VUs  0m11.4s/5m0s  20.00 iters/s
time="2026-08-12T20:23:24+09:00" level=warning msg="Insufficient VUs, reached 60 active VUs and cannot initialize more" executor=constant-arrival-rate scenario=restaurant_view_hotpath

running (0m13.0s), 60/60 VUs, 142 complete and 0 interrupted iterations
restaurant_view_hotpath   [   4% ] 60/60 VUs  0m12.4s/5m0s  20.00 iters/s

running (0m14.0s), 60/60 VUs, 153 complete and 0 interrupted iterations
restaurant_view_hotpath   [   4% ] 60/60 VUs  0m13.4s/5m0s  20.00 iters/s

running (0m15.0s), 59/60 VUs, 165 complete and 0 interrupted iterations
restaurant_view_hotpath   [   5% ] 59/60 VUs  0m14.4s/5m0s  20.00 iters/s

running (0m16.0s), 59/60 VUs, 180 complete and 0 interrupted iterations
restaurant_view_hotpath   [   5% ] 59/60 VUs  0m15.4s/5m0s  20.00 iters/s

running (0m17.0s), 59/60 VUs, 194 complete and 0 interrupted iterations
restaurant_view_hotpath   [   5% ] 59/60 VUs  0m16.4s/5m0s  20.00 iters/s

running (0m18.0s), 60/60 VUs, 208 complete and 0 interrupted iterations
restaurant_view_hotpath   [   6% ] 60/60 VUs  0m17.4s/5m0s  20.00 iters/s

running (0m19.0s), 60/60 VUs, 220 complete and 0 interrupted iterations
restaurant_view_hotpath   [   6% ] 60/60 VUs  0m18.4s/5m0s  20.00 iters/s

running (0m20.0s), 59/60 VUs, 233 complete and 0 interrupted iterations
restaurant_view_hotpath   [   6% ] 59/60 VUs  0m19.4s/5m0s  20.00 iters/s

running (0m21.0s), 60/60 VUs, 247 complete and 0 interrupted iterations
restaurant_view_hotpath   [   7% ] 60/60 VUs  0m20.4s/5m0s  20.00 iters/s

running (0m22.0s), 59/60 VUs, 263 complete and 0 interrupted iterations
restaurant_view_hotpath   [   7% ] 59/60 VUs  0m21.4s/5m0s  20.00 iters/s

running (0m23.0s), 58/60 VUs, 279 complete and 0 interrupted iterations
restaurant_view_hotpath   [   7% ] 58/60 VUs  0m22.4s/5m0s  20.00 iters/s

running (0m24.0s), 60/60 VUs, 291 complete and 0 interrupted iterations
restaurant_view_hotpath   [   8% ] 60/60 VUs  0m23.4s/5m0s  20.00 iters/s

running (0m25.0s), 60/60 VUs, 304 complete and 0 interrupted iterations
restaurant_view_hotpath   [   8% ] 60/60 VUs  0m24.4s/5m0s  20.00 iters/s

running (0m26.0s), 59/60 VUs, 320 complete and 0 interrupted iterations
restaurant_view_hotpath   [   8% ] 59/60 VUs  0m25.4s/5m0s  20.00 iters/s

running (0m27.0s), 59/60 VUs, 334 complete and 0 interrupted iterations
restaurant_view_hotpath   [   9% ] 59/60 VUs  0m26.4s/5m0s  20.00 iters/s

running (0m28.0s), 60/60 VUs, 350 complete and 0 interrupted iterations
restaurant_view_hotpath   [   9% ] 60/60 VUs  0m27.4s/5m0s  20.00 iters/s

running (0m29.0s), 59/60 VUs, 363 complete and 0 interrupted iterations
restaurant_view_hotpath   [   9% ] 59/60 VUs  0m28.4s/5m0s  20.00 iters/s

running (0m30.0s), 60/60 VUs, 376 complete and 0 interrupted iterations
restaurant_view_hotpath   [  10% ] 60/60 VUs  0m29.4s/5m0s  20.00 iters/s

running (0m31.0s), 60/60 VUs, 393 complete and 0 interrupted iterations
restaurant_view_hotpath   [  10% ] 60/60 VUs  0m30.4s/5m0s  20.00 iters/s

running (0m32.0s), 59/60 VUs, 408 complete and 0 interrupted iterations
restaurant_view_hotpath   [  10% ] 59/60 VUs  0m31.4s/5m0s  20.00 iters/s

running (0m33.0s), 60/60 VUs, 423 complete and 0 interrupted iterations
restaurant_view_hotpath   [  11% ] 60/60 VUs  0m32.4s/5m0s  20.00 iters/s

running (0m34.0s), 59/60 VUs, 438 complete and 0 interrupted iterations
restaurant_view_hotpath   [  11% ] 59/60 VUs  0m33.4s/5m0s  20.00 iters/s

running (0m35.0s), 60/60 VUs, 450 complete and 0 interrupted iterations
restaurant_view_hotpath   [  11% ] 60/60 VUs  0m34.4s/5m0s  20.00 iters/s

running (0m36.0s), 60/60 VUs, 466 complete and 0 interrupted iterations
restaurant_view_hotpath   [  12% ] 60/60 VUs  0m35.4s/5m0s  20.00 iters/s

running (0m37.0s), 59/60 VUs, 484 complete and 0 interrupted iterations
restaurant_view_hotpath   [  12% ] 59/60 VUs  0m36.4s/5m0s  20.00 iters/s

running (0m38.0s), 60/60 VUs, 498 complete and 0 interrupted iterations
restaurant_view_hotpath   [  12% ] 60/60 VUs  0m37.4s/5m0s  20.00 iters/s

running (0m39.0s), 59/60 VUs, 513 complete and 0 interrupted iterations
restaurant_view_hotpath   [  13% ] 59/60 VUs  0m38.4s/5m0s  20.00 iters/s

running (0m40.0s), 58/60 VUs, 530 complete and 0 interrupted iterations
restaurant_view_hotpath   [  13% ] 58/60 VUs  0m39.4s/5m0s  20.00 iters/s

running (0m41.0s), 59/60 VUs, 546 complete and 0 interrupted iterations
restaurant_view_hotpath   [  13% ] 59/60 VUs  0m40.4s/5m0s  20.00 iters/s

running (0m42.0s), 59/60 VUs, 564 complete and 0 interrupted iterations
restaurant_view_hotpath   [  14% ] 59/60 VUs  0m41.4s/5m0s  20.00 iters/s

running (0m43.0s), 58/60 VUs, 581 complete and 0 interrupted iterations
restaurant_view_hotpath   [  14% ] 58/60 VUs  0m42.4s/5m0s  20.00 iters/s

running (0m44.0s), 59/60 VUs, 596 complete and 0 interrupted iterations
restaurant_view_hotpath   [  14% ] 59/60 VUs  0m43.4s/5m0s  20.00 iters/s

running (0m45.0s), 57/60 VUs, 613 complete and 0 interrupted iterations
restaurant_view_hotpath   [  15% ] 57/60 VUs  0m44.4s/5m0s  20.00 iters/s

running (0m46.0s), 60/60 VUs, 628 complete and 0 interrupted iterations
restaurant_view_hotpath   [  15% ] 60/60 VUs  0m45.4s/5m0s  20.00 iters/s

running (0m47.0s), 57/60 VUs, 649 complete and 0 interrupted iterations
restaurant_view_hotpath   [  15% ] 57/60 VUs  0m46.4s/5m0s  20.00 iters/s

running (0m48.0s), 60/60 VUs, 662 complete and 0 interrupted iterations
restaurant_view_hotpath   [  16% ] 60/60 VUs  0m47.4s/5m0s  20.00 iters/s

running (0m49.0s), 59/60 VUs, 675 complete and 0 interrupted iterations
restaurant_view_hotpath   [  16% ] 59/60 VUs  0m48.4s/5m0s  20.00 iters/s

running (0m50.0s), 60/60 VUs, 680 complete and 0 interrupted iterations
restaurant_view_hotpath   [  16% ] 60/60 VUs  0m49.4s/5m0s  20.00 iters/s

running (0m51.0s), 58/60 VUs, 688 complete and 0 interrupted iterations
restaurant_view_hotpath   [  17% ] 58/60 VUs  0m50.4s/5m0s  20.00 iters/s

running (0m52.0s), 60/60 VUs, 701 complete and 0 interrupted iterations
restaurant_view_hotpath   [  17% ] 60/60 VUs  0m51.4s/5m0s  20.00 iters/s

running (0m53.0s), 60/60 VUs, 720 complete and 0 interrupted iterations
restaurant_view_hotpath   [  17% ] 60/60 VUs  0m52.4s/5m0s  20.00 iters/s

running (0m54.0s), 59/60 VUs, 740 complete and 0 interrupted iterations
restaurant_view_hotpath   [  18% ] 59/60 VUs  0m53.4s/5m0s  20.00 iters/s

running (0m55.0s), 60/60 VUs, 758 complete and 0 interrupted iterations
restaurant_view_hotpath   [  18% ] 60/60 VUs  0m54.4s/5m0s  20.00 iters/s

running (0m56.0s), 59/60 VUs, 777 complete and 0 interrupted iterations
restaurant_view_hotpath   [  18% ] 59/60 VUs  0m55.4s/5m0s  20.00 iters/s

running (0m57.0s), 60/60 VUs, 794 complete and 0 interrupted iterations
restaurant_view_hotpath   [  19% ] 60/60 VUs  0m56.4s/5m0s  20.00 iters/s

running (0m58.0s), 59/60 VUs, 814 complete and 0 interrupted iterations
restaurant_view_hotpath   [  19% ] 59/60 VUs  0m57.4s/5m0s  20.00 iters/s

running (0m59.0s), 60/60 VUs, 832 complete and 0 interrupted iterations
restaurant_view_hotpath   [  19% ] 60/60 VUs  0m58.4s/5m0s  20.00 iters/s

running (1m00.0s), 59/60 VUs, 852 complete and 0 interrupted iterations
restaurant_view_hotpath   [  20% ] 59/60 VUs  0m59.4s/5m0s  20.00 iters/s

running (1m01.0s), 60/60 VUs, 871 complete and 0 interrupted iterations
restaurant_view_hotpath   [  20% ] 60/60 VUs  1m00.4s/5m0s  20.00 iters/s

running (1m02.0s), 60/60 VUs, 889 complete and 0 interrupted iterations
restaurant_view_hotpath   [  20% ] 60/60 VUs  1m01.4s/5m0s  20.00 iters/s

running (1m03.0s), 60/60 VUs, 908 complete and 0 interrupted iterations
restaurant_view_hotpath   [  21% ] 60/60 VUs  1m02.4s/5m0s  20.00 iters/s

running (1m04.0s), 58/60 VUs, 929 complete and 0 interrupted iterations
restaurant_view_hotpath   [  21% ] 58/60 VUs  1m03.4s/5m0s  20.00 iters/s

running (1m05.0s), 59/60 VUs, 946 complete and 0 interrupted iterations
restaurant_view_hotpath   [  21% ] 59/60 VUs  1m04.4s/5m0s  20.00 iters/s

running (1m06.0s), 60/60 VUs, 964 complete and 0 interrupted iterations
restaurant_view_hotpath   [  22% ] 60/60 VUs  1m05.4s/5m0s  20.00 iters/s

running (1m07.0s), 59/60 VUs, 984 complete and 0 interrupted iterations
restaurant_view_hotpath   [  22% ] 59/60 VUs  1m06.4s/5m0s  20.00 iters/s

running (1m08.0s), 59/60 VUs, 1004 complete and 0 interrupted iterations
restaurant_view_hotpath   [  22% ] 59/60 VUs  1m07.4s/5m0s  20.00 iters/s

running (1m09.0s), 58/60 VUs, 1025 complete and 0 interrupted iterations
restaurant_view_hotpath   [  23% ] 58/60 VUs  1m08.4s/5m0s  20.00 iters/s

running (1m10.0s), 58/60 VUs, 1045 complete and 0 interrupted iterations
restaurant_view_hotpath   [  23% ] 58/60 VUs  1m09.4s/5m0s  20.00 iters/s

running (1m11.0s), 58/60 VUs, 1065 complete and 0 interrupted iterations
restaurant_view_hotpath   [  23% ] 58/60 VUs  1m10.4s/5m0s  20.00 iters/s

running (1m12.0s), 58/60 VUs, 1085 complete and 0 interrupted iterations
restaurant_view_hotpath   [  24% ] 58/60 VUs  1m11.4s/5m0s  20.00 iters/s

running (1m13.0s), 55/60 VUs, 1108 complete and 0 interrupted iterations
restaurant_view_hotpath   [  24% ] 55/60 VUs  1m12.4s/5m0s  20.00 iters/s

running (1m14.0s), 55/60 VUs, 1128 complete and 0 interrupted iterations
restaurant_view_hotpath   [  24% ] 55/60 VUs  1m13.4s/5m0s  20.00 iters/s

running (1m15.0s), 52/60 VUs, 1151 complete and 0 interrupted iterations
restaurant_view_hotpath   [  25% ] 52/60 VUs  1m14.4s/5m0s  20.00 iters/s

running (1m16.0s), 49/60 VUs, 1174 complete and 0 interrupted iterations
restaurant_view_hotpath   [  25% ] 49/60 VUs  1m15.4s/5m0s  20.00 iters/s

running (1m17.0s), 48/60 VUs, 1195 complete and 0 interrupted iterations
restaurant_view_hotpath   [  25% ] 48/60 VUs  1m16.4s/5m0s  20.00 iters/s

running (1m18.0s), 45/60 VUs, 1218 complete and 0 interrupted iterations
restaurant_view_hotpath   [  26% ] 45/60 VUs  1m17.4s/5m0s  20.00 iters/s

running (1m19.0s), 46/60 VUs, 1237 complete and 0 interrupted iterations
restaurant_view_hotpath   [  26% ] 46/60 VUs  1m18.4s/5m0s  20.00 iters/s

running (1m20.0s), 46/60 VUs, 1257 complete and 0 interrupted iterations
restaurant_view_hotpath   [  26% ] 46/60 VUs  1m19.4s/5m0s  20.00 iters/s

running (1m21.0s), 43/60 VUs, 1280 complete and 0 interrupted iterations
restaurant_view_hotpath   [  27% ] 43/60 VUs  1m20.4s/5m0s  20.00 iters/s

running (1m22.0s), 40/60 VUs, 1303 complete and 0 interrupted iterations
restaurant_view_hotpath   [  27% ] 40/60 VUs  1m21.4s/5m0s  20.00 iters/s

running (1m23.0s), 38/60 VUs, 1325 complete and 0 interrupted iterations
restaurant_view_hotpath   [  27% ] 38/60 VUs  1m22.4s/5m0s  20.00 iters/s

running (1m24.0s), 35/60 VUs, 1348 complete and 0 interrupted iterations
restaurant_view_hotpath   [  28% ] 35/60 VUs  1m23.4s/5m0s  20.00 iters/s

running (1m25.0s), 31/60 VUs, 1372 complete and 0 interrupted iterations
restaurant_view_hotpath   [  28% ] 31/60 VUs  1m24.4s/5m0s  20.00 iters/s

running (1m26.0s), 26/60 VUs, 1397 complete and 0 interrupted iterations
restaurant_view_hotpath   [  28% ] 26/60 VUs  1m25.4s/5m0s  20.00 iters/s

running (1m27.0s), 25/60 VUs, 1418 complete and 0 interrupted iterations
restaurant_view_hotpath   [  29% ] 25/60 VUs  1m26.4s/5m0s  20.00 iters/s

running (1m28.0s), 23/60 VUs, 1440 complete and 0 interrupted iterations
restaurant_view_hotpath   [  29% ] 23/60 VUs  1m27.4s/5m0s  20.00 iters/s

running (1m29.0s), 18/60 VUs, 1465 complete and 0 interrupted iterations
restaurant_view_hotpath   [  29% ] 18/60 VUs  1m28.4s/5m0s  20.00 iters/s

running (1m30.0s), 15/60 VUs, 1488 complete and 0 interrupted iterations
restaurant_view_hotpath   [  30% ] 15/60 VUs  1m29.4s/5m0s  20.00 iters/s

running (1m31.0s), 11/60 VUs, 1512 complete and 0 interrupted iterations
restaurant_view_hotpath   [  30% ] 11/60 VUs  1m30.4s/5m0s  20.00 iters/s

running (1m32.0s), 06/60 VUs, 1537 complete and 0 interrupted iterations
restaurant_view_hotpath   [  30% ] 06/60 VUs  1m31.4s/5m0s  20.00 iters/s

running (1m33.0s), 06/60 VUs, 1557 complete and 0 interrupted iterations
restaurant_view_hotpath   [  31% ] 06/60 VUs  1m32.4s/5m0s  20.00 iters/s

running (1m34.0s), 05/60 VUs, 1578 complete and 0 interrupted iterations
restaurant_view_hotpath   [  31% ] 05/60 VUs  1m33.4s/5m0s  20.00 iters/s

running (1m35.0s), 08/60 VUs, 1595 complete and 0 interrupted iterations
restaurant_view_hotpath   [  31% ] 08/60 VUs  1m34.4s/5m0s  20.00 iters/s

running (1m36.0s), 05/60 VUs, 1618 complete and 0 interrupted iterations
restaurant_view_hotpath   [  32% ] 05/60 VUs  1m35.4s/5m0s  20.00 iters/s

running (1m37.0s), 06/60 VUs, 1637 complete and 0 interrupted iterations
restaurant_view_hotpath   [  32% ] 06/60 VUs  1m36.4s/5m0s  20.00 iters/s

running (1m38.0s), 05/60 VUs, 1658 complete and 0 interrupted iterations
restaurant_view_hotpath   [  32% ] 05/60 VUs  1m37.4s/5m0s  20.00 iters/s

running (1m39.0s), 05/60 VUs, 1678 complete and 0 interrupted iterations
restaurant_view_hotpath   [  33% ] 05/60 VUs  1m38.4s/5m0s  20.00 iters/s

running (1m40.0s), 07/60 VUs, 1696 complete and 0 interrupted iterations
restaurant_view_hotpath   [  33% ] 07/60 VUs  1m39.4s/5m0s  20.00 iters/s

running (1m41.0s), 05/60 VUs, 1718 complete and 0 interrupted iterations
restaurant_view_hotpath   [  33% ] 05/60 VUs  1m40.4s/5m0s  20.00 iters/s

running (1m42.0s), 05/60 VUs, 1738 complete and 0 interrupted iterations
restaurant_view_hotpath   [  34% ] 05/60 VUs  1m41.4s/5m0s  20.00 iters/s

running (1m43.0s), 05/60 VUs, 1758 complete and 0 interrupted iterations
restaurant_view_hotpath   [  34% ] 05/60 VUs  1m42.4s/5m0s  20.00 iters/s

running (1m44.0s), 04/60 VUs, 1779 complete and 0 interrupted iterations
restaurant_view_hotpath   [  34% ] 04/60 VUs  1m43.4s/5m0s  20.00 iters/s

running (1m45.0s), 04/60 VUs, 1799 complete and 0 interrupted iterations
restaurant_view_hotpath   [  35% ] 04/60 VUs  1m44.4s/5m0s  20.00 iters/s

running (1m46.0s), 05/60 VUs, 1818 complete and 0 interrupted iterations
restaurant_view_hotpath   [  35% ] 05/60 VUs  1m45.4s/5m0s  20.00 iters/s

running (1m47.0s), 04/60 VUs, 1839 complete and 0 interrupted iterations
restaurant_view_hotpath   [  35% ] 04/60 VUs  1m46.4s/5m0s  20.00 iters/s

running (1m48.0s), 07/60 VUs, 1856 complete and 0 interrupted iterations
restaurant_view_hotpath   [  36% ] 07/60 VUs  1m47.4s/5m0s  20.00 iters/s

running (1m49.0s), 17/60 VUs, 1866 complete and 0 interrupted iterations
restaurant_view_hotpath   [  36% ] 17/60 VUs  1m48.4s/5m0s  20.00 iters/s

running (1m50.0s), 34/60 VUs, 1869 complete and 0 interrupted iterations
restaurant_view_hotpath   [  36% ] 34/60 VUs  1m49.4s/5m0s  20.00 iters/s

running (1m51.0s), 44/60 VUs, 1879 complete and 0 interrupted iterations
restaurant_view_hotpath   [  37% ] 44/60 VUs  1m50.4s/5m0s  20.00 iters/s

running (1m52.0s), 41/60 VUs, 1902 complete and 0 interrupted iterations
restaurant_view_hotpath   [  37% ] 41/60 VUs  1m51.4s/5m0s  20.00 iters/s

running (1m53.0s), 35/60 VUs, 1928 complete and 0 interrupted iterations
restaurant_view_hotpath   [  37% ] 35/60 VUs  1m52.4s/5m0s  20.00 iters/s

running (1m54.0s), 31/60 VUs, 1952 complete and 0 interrupted iterations
restaurant_view_hotpath   [  38% ] 31/60 VUs  1m53.4s/5m0s  20.00 iters/s

running (1m55.0s), 29/60 VUs, 1974 complete and 0 interrupted iterations
restaurant_view_hotpath   [  38% ] 29/60 VUs  1m54.4s/5m0s  20.00 iters/s

running (1m56.0s), 29/60 VUs, 1994 complete and 0 interrupted iterations
restaurant_view_hotpath   [  38% ] 29/60 VUs  1m55.4s/5m0s  20.00 iters/s

running (1m57.0s), 26/60 VUs, 2017 complete and 0 interrupted iterations
restaurant_view_hotpath   [  39% ] 26/60 VUs  1m56.4s/5m0s  20.00 iters/s

running (1m58.0s), 25/60 VUs, 2038 complete and 0 interrupted iterations
restaurant_view_hotpath   [  39% ] 25/60 VUs  1m57.4s/5m0s  20.00 iters/s

running (1m59.0s), 24/60 VUs, 2059 complete and 0 interrupted iterations
restaurant_view_hotpath   [  39% ] 24/60 VUs  1m58.4s/5m0s  20.00 iters/s

running (2m00.0s), 23/60 VUs, 2080 complete and 0 interrupted iterations
restaurant_view_hotpath   [  40% ] 23/60 VUs  1m59.4s/5m0s  20.00 iters/s

running (2m01.0s), 20/60 VUs, 2103 complete and 0 interrupted iterations
restaurant_view_hotpath   [  40% ] 20/60 VUs  2m00.4s/5m0s  20.00 iters/s

running (2m02.0s), 20/60 VUs, 2123 complete and 0 interrupted iterations
restaurant_view_hotpath   [  40% ] 20/60 VUs  2m01.4s/5m0s  20.00 iters/s

running (2m03.0s), 19/60 VUs, 2144 complete and 0 interrupted iterations
restaurant_view_hotpath   [  41% ] 19/60 VUs  2m02.4s/5m0s  20.00 iters/s

running (2m04.0s), 15/60 VUs, 2168 complete and 0 interrupted iterations
restaurant_view_hotpath   [  41% ] 15/60 VUs  2m03.4s/5m0s  20.00 iters/s

running (2m05.0s), 14/60 VUs, 2189 complete and 0 interrupted iterations
restaurant_view_hotpath   [  41% ] 14/60 VUs  2m04.4s/5m0s  20.00 iters/s

running (2m06.0s), 12/60 VUs, 2211 complete and 0 interrupted iterations
restaurant_view_hotpath   [  42% ] 12/60 VUs  2m05.4s/5m0s  20.00 iters/s

running (2m07.0s), 07/60 VUs, 2236 complete and 0 interrupted iterations
restaurant_view_hotpath   [  42% ] 07/60 VUs  2m06.4s/5m0s  20.00 iters/s

running (2m08.0s), 04/60 VUs, 2259 complete and 0 interrupted iterations
restaurant_view_hotpath   [  42% ] 04/60 VUs  2m07.4s/5m0s  20.00 iters/s

running (2m09.0s), 04/60 VUs, 2279 complete and 0 interrupted iterations
restaurant_view_hotpath   [  43% ] 04/60 VUs  2m08.4s/5m0s  20.00 iters/s

running (2m10.0s), 04/60 VUs, 2299 complete and 0 interrupted iterations
restaurant_view_hotpath   [  43% ] 04/60 VUs  2m09.4s/5m0s  20.00 iters/s

running (2m11.0s), 04/60 VUs, 2319 complete and 0 interrupted iterations
restaurant_view_hotpath   [  43% ] 04/60 VUs  2m10.4s/5m0s  20.00 iters/s

running (2m12.0s), 06/60 VUs, 2337 complete and 0 interrupted iterations
restaurant_view_hotpath   [  44% ] 06/60 VUs  2m11.4s/5m0s  20.00 iters/s

running (2m13.0s), 06/60 VUs, 2357 complete and 0 interrupted iterations
restaurant_view_hotpath   [  44% ] 06/60 VUs  2m12.4s/5m0s  20.00 iters/s

running (2m14.0s), 04/60 VUs, 2379 complete and 0 interrupted iterations
restaurant_view_hotpath   [  44% ] 04/60 VUs  2m13.4s/5m0s  20.00 iters/s

running (2m15.0s), 05/60 VUs, 2398 complete and 0 interrupted iterations
restaurant_view_hotpath   [  45% ] 05/60 VUs  2m14.4s/5m0s  20.00 iters/s

running (2m16.0s), 04/60 VUs, 2419 complete and 0 interrupted iterations
restaurant_view_hotpath   [  45% ] 04/60 VUs  2m15.4s/5m0s  20.00 iters/s

running (2m17.0s), 04/60 VUs, 2439 complete and 0 interrupted iterations
restaurant_view_hotpath   [  45% ] 04/60 VUs  2m16.4s/5m0s  20.00 iters/s

running (2m18.0s), 05/60 VUs, 2458 complete and 0 interrupted iterations
restaurant_view_hotpath   [  46% ] 05/60 VUs  2m17.4s/5m0s  20.00 iters/s

running (2m19.0s), 04/60 VUs, 2479 complete and 0 interrupted iterations
restaurant_view_hotpath   [  46% ] 04/60 VUs  2m18.4s/5m0s  20.00 iters/s

running (2m20.0s), 09/60 VUs, 2494 complete and 0 interrupted iterations
restaurant_view_hotpath   [  46% ] 09/60 VUs  2m19.4s/5m0s  20.00 iters/s

running (2m21.0s), 04/60 VUs, 2519 complete and 0 interrupted iterations
restaurant_view_hotpath   [  47% ] 04/60 VUs  2m20.4s/5m0s  20.00 iters/s

running (2m22.0s), 04/60 VUs, 2539 complete and 0 interrupted iterations
restaurant_view_hotpath   [  47% ] 04/60 VUs  2m21.4s/5m0s  20.00 iters/s

running (2m23.0s), 04/60 VUs, 2559 complete and 0 interrupted iterations
restaurant_view_hotpath   [  47% ] 04/60 VUs  2m22.4s/5m0s  20.00 iters/s

running (2m24.0s), 04/60 VUs, 2579 complete and 0 interrupted iterations
restaurant_view_hotpath   [  48% ] 04/60 VUs  2m23.4s/5m0s  20.00 iters/s

running (2m25.0s), 04/60 VUs, 2599 complete and 0 interrupted iterations
restaurant_view_hotpath   [  48% ] 04/60 VUs  2m24.4s/5m0s  20.00 iters/s

running (2m26.0s), 04/60 VUs, 2619 complete and 0 interrupted iterations
restaurant_view_hotpath   [  48% ] 04/60 VUs  2m25.4s/5m0s  20.00 iters/s

running (2m27.0s), 04/60 VUs, 2639 complete and 0 interrupted iterations
restaurant_view_hotpath   [  49% ] 04/60 VUs  2m26.4s/5m0s  20.00 iters/s

running (2m28.0s), 04/60 VUs, 2659 complete and 0 interrupted iterations
restaurant_view_hotpath   [  49% ] 04/60 VUs  2m27.4s/5m0s  20.00 iters/s

running (2m29.0s), 05/60 VUs, 2678 complete and 0 interrupted iterations
restaurant_view_hotpath   [  49% ] 05/60 VUs  2m28.4s/5m0s  20.00 iters/s

running (2m30.0s), 05/60 VUs, 2698 complete and 0 interrupted iterations
restaurant_view_hotpath   [  50% ] 05/60 VUs  2m29.4s/5m0s  20.00 iters/s

running (2m31.0s), 07/60 VUs, 2716 complete and 0 interrupted iterations
restaurant_view_hotpath   [  50% ] 07/60 VUs  2m30.4s/5m0s  20.00 iters/s

running (2m32.0s), 03/60 VUs, 2740 complete and 0 interrupted iterations
restaurant_view_hotpath   [  50% ] 03/60 VUs  2m31.4s/5m0s  20.00 iters/s

running (2m33.0s), 04/60 VUs, 2759 complete and 0 interrupted iterations
restaurant_view_hotpath   [  51% ] 04/60 VUs  2m32.4s/5m0s  20.00 iters/s

running (2m34.0s), 04/60 VUs, 2779 complete and 0 interrupted iterations
restaurant_view_hotpath   [  51% ] 04/60 VUs  2m33.4s/5m0s  20.00 iters/s

running (2m35.0s), 07/60 VUs, 2796 complete and 0 interrupted iterations
restaurant_view_hotpath   [  51% ] 07/60 VUs  2m34.4s/5m0s  20.00 iters/s

running (2m36.0s), 03/60 VUs, 2820 complete and 0 interrupted iterations
restaurant_view_hotpath   [  52% ] 03/60 VUs  2m35.4s/5m0s  20.00 iters/s

running (2m37.0s), 03/60 VUs, 2840 complete and 0 interrupted iterations
restaurant_view_hotpath   [  52% ] 03/60 VUs  2m36.4s/5m0s  20.00 iters/s

running (2m38.0s), 03/60 VUs, 2860 complete and 0 interrupted iterations
restaurant_view_hotpath   [  52% ] 03/60 VUs  2m37.4s/5m0s  20.00 iters/s

running (2m39.0s), 04/60 VUs, 2879 complete and 0 interrupted iterations
restaurant_view_hotpath   [  53% ] 04/60 VUs  2m38.4s/5m0s  20.00 iters/s

running (2m40.0s), 03/60 VUs, 2900 complete and 0 interrupted iterations
restaurant_view_hotpath   [  53% ] 03/60 VUs  2m39.4s/5m0s  20.00 iters/s

running (2m41.0s), 04/60 VUs, 2919 complete and 0 interrupted iterations
restaurant_view_hotpath   [  53% ] 04/60 VUs  2m40.4s/5m0s  20.00 iters/s

running (2m42.0s), 04/60 VUs, 2939 complete and 0 interrupted iterations
restaurant_view_hotpath   [  54% ] 04/60 VUs  2m41.4s/5m0s  20.00 iters/s

running (2m43.0s), 04/60 VUs, 2959 complete and 0 interrupted iterations
restaurant_view_hotpath   [  54% ] 04/60 VUs  2m42.4s/5m0s  20.00 iters/s

running (2m44.0s), 04/60 VUs, 2979 complete and 0 interrupted iterations
restaurant_view_hotpath   [  54% ] 04/60 VUs  2m43.4s/5m0s  20.00 iters/s

running (2m45.0s), 04/60 VUs, 2999 complete and 0 interrupted iterations
restaurant_view_hotpath   [  55% ] 04/60 VUs  2m44.4s/5m0s  20.00 iters/s

running (2m46.0s), 04/60 VUs, 3019 complete and 0 interrupted iterations
restaurant_view_hotpath   [  55% ] 04/60 VUs  2m45.4s/5m0s  20.00 iters/s

running (2m47.0s), 04/60 VUs, 3039 complete and 0 interrupted iterations
restaurant_view_hotpath   [  55% ] 04/60 VUs  2m46.4s/5m0s  20.00 iters/s

running (2m48.0s), 08/60 VUs, 3055 complete and 0 interrupted iterations
restaurant_view_hotpath   [  56% ] 08/60 VUs  2m47.4s/5m0s  20.00 iters/s

running (2m49.0s), 05/60 VUs, 3078 complete and 0 interrupted iterations
restaurant_view_hotpath   [  56% ] 05/60 VUs  2m48.4s/5m0s  20.00 iters/s

running (2m50.0s), 16/60 VUs, 3087 complete and 0 interrupted iterations
restaurant_view_hotpath   [  56% ] 16/60 VUs  2m49.4s/5m0s  20.00 iters/s

running (2m51.0s), 26/60 VUs, 3097 complete and 0 interrupted iterations
restaurant_view_hotpath   [  57% ] 26/60 VUs  2m50.4s/5m0s  20.00 iters/s

running (2m52.0s), 16/60 VUs, 3127 complete and 0 interrupted iterations
restaurant_view_hotpath   [  57% ] 16/60 VUs  2m51.4s/5m0s  20.00 iters/s

running (2m53.0s), 11/60 VUs, 3152 complete and 0 interrupted iterations
restaurant_view_hotpath   [  57% ] 11/60 VUs  2m52.4s/5m0s  20.00 iters/s

running (2m54.0s), 04/60 VUs, 3179 complete and 0 interrupted iterations
restaurant_view_hotpath   [  58% ] 04/60 VUs  2m53.4s/5m0s  20.00 iters/s

running (2m55.0s), 04/60 VUs, 3199 complete and 0 interrupted iterations
restaurant_view_hotpath   [  58% ] 04/60 VUs  2m54.4s/5m0s  20.00 iters/s

running (2m56.0s), 04/60 VUs, 3219 complete and 0 interrupted iterations
restaurant_view_hotpath   [  58% ] 04/60 VUs  2m55.4s/5m0s  20.00 iters/s

running (2m57.0s), 11/60 VUs, 3232 complete and 0 interrupted iterations
restaurant_view_hotpath   [  59% ] 11/60 VUs  2m56.4s/5m0s  20.00 iters/s

running (2m58.0s), 06/60 VUs, 3257 complete and 0 interrupted iterations
restaurant_view_hotpath   [  59% ] 06/60 VUs  2m57.4s/5m0s  20.00 iters/s

running (2m59.0s), 04/60 VUs, 3279 complete and 0 interrupted iterations
restaurant_view_hotpath   [  59% ] 04/60 VUs  2m58.4s/5m0s  20.00 iters/s

running (3m00.0s), 04/60 VUs, 3299 complete and 0 interrupted iterations
restaurant_view_hotpath   [  60% ] 04/60 VUs  2m59.4s/5m0s  20.00 iters/s

running (3m01.0s), 04/60 VUs, 3319 complete and 0 interrupted iterations
restaurant_view_hotpath   [  60% ] 04/60 VUs  3m00.4s/5m0s  20.00 iters/s

running (3m02.0s), 04/60 VUs, 3339 complete and 0 interrupted iterations
restaurant_view_hotpath   [  60% ] 04/60 VUs  3m01.4s/5m0s  20.00 iters/s

running (3m03.0s), 05/60 VUs, 3358 complete and 0 interrupted iterations
restaurant_view_hotpath   [  61% ] 05/60 VUs  3m02.4s/5m0s  20.00 iters/s

running (3m04.0s), 04/60 VUs, 3379 complete and 0 interrupted iterations
restaurant_view_hotpath   [  61% ] 04/60 VUs  3m03.4s/5m0s  20.00 iters/s

running (3m05.0s), 06/60 VUs, 3397 complete and 0 interrupted iterations
restaurant_view_hotpath   [  61% ] 06/60 VUs  3m04.4s/5m0s  20.00 iters/s

running (3m06.0s), 04/60 VUs, 3419 complete and 0 interrupted iterations
restaurant_view_hotpath   [  62% ] 04/60 VUs  3m05.4s/5m0s  20.00 iters/s

running (3m07.0s), 04/60 VUs, 3439 complete and 0 interrupted iterations
restaurant_view_hotpath   [  62% ] 04/60 VUs  3m06.4s/5m0s  20.00 iters/s

running (3m08.0s), 03/60 VUs, 3460 complete and 0 interrupted iterations
restaurant_view_hotpath   [  62% ] 03/60 VUs  3m07.4s/5m0s  20.00 iters/s

running (3m09.0s), 04/60 VUs, 3479 complete and 0 interrupted iterations
restaurant_view_hotpath   [  63% ] 04/60 VUs  3m08.4s/5m0s  20.00 iters/s

running (3m10.0s), 04/60 VUs, 3499 complete and 0 interrupted iterations
restaurant_view_hotpath   [  63% ] 04/60 VUs  3m09.4s/5m0s  20.00 iters/s

running (3m11.0s), 04/60 VUs, 3519 complete and 0 interrupted iterations
restaurant_view_hotpath   [  63% ] 04/60 VUs  3m10.4s/5m0s  20.00 iters/s

running (3m12.0s), 04/60 VUs, 3539 complete and 0 interrupted iterations
restaurant_view_hotpath   [  64% ] 04/60 VUs  3m11.4s/5m0s  20.00 iters/s

running (3m13.0s), 04/60 VUs, 3559 complete and 0 interrupted iterations
restaurant_view_hotpath   [  64% ] 04/60 VUs  3m12.4s/5m0s  20.00 iters/s

running (3m14.0s), 04/60 VUs, 3579 complete and 0 interrupted iterations
restaurant_view_hotpath   [  64% ] 04/60 VUs  3m13.4s/5m0s  20.00 iters/s

running (3m15.0s), 04/60 VUs, 3599 complete and 0 interrupted iterations
restaurant_view_hotpath   [  65% ] 04/60 VUs  3m14.4s/5m0s  20.00 iters/s

running (3m16.0s), 04/60 VUs, 3619 complete and 0 interrupted iterations
restaurant_view_hotpath   [  65% ] 04/60 VUs  3m15.4s/5m0s  20.00 iters/s

running (3m17.0s), 04/60 VUs, 3639 complete and 0 interrupted iterations
restaurant_view_hotpath   [  65% ] 04/60 VUs  3m16.4s/5m0s  20.00 iters/s

running (3m18.0s), 05/60 VUs, 3658 complete and 0 interrupted iterations
restaurant_view_hotpath   [  66% ] 05/60 VUs  3m17.4s/5m0s  20.00 iters/s

running (3m19.0s), 04/60 VUs, 3679 complete and 0 interrupted iterations
restaurant_view_hotpath   [  66% ] 04/60 VUs  3m18.4s/5m0s  20.00 iters/s

running (3m20.0s), 07/60 VUs, 3696 complete and 0 interrupted iterations
restaurant_view_hotpath   [  66% ] 07/60 VUs  3m19.4s/5m0s  20.00 iters/s

running (3m21.0s), 04/60 VUs, 3719 complete and 0 interrupted iterations
restaurant_view_hotpath   [  67% ] 04/60 VUs  3m20.4s/5m0s  20.00 iters/s

running (3m22.0s), 03/60 VUs, 3740 complete and 0 interrupted iterations
restaurant_view_hotpath   [  67% ] 03/60 VUs  3m21.4s/5m0s  20.00 iters/s

running (3m23.0s), 04/60 VUs, 3759 complete and 0 interrupted iterations
restaurant_view_hotpath   [  67% ] 04/60 VUs  3m22.4s/5m0s  20.00 iters/s

running (3m24.0s), 04/60 VUs, 3779 complete and 0 interrupted iterations
restaurant_view_hotpath   [  68% ] 04/60 VUs  3m23.4s/5m0s  20.00 iters/s

running (3m25.0s), 04/60 VUs, 3799 complete and 0 interrupted iterations
restaurant_view_hotpath   [  68% ] 04/60 VUs  3m24.4s/5m0s  20.00 iters/s

running (3m26.0s), 03/60 VUs, 3820 complete and 0 interrupted iterations
restaurant_view_hotpath   [  68% ] 03/60 VUs  3m25.4s/5m0s  20.00 iters/s

running (3m27.0s), 04/60 VUs, 3839 complete and 0 interrupted iterations
restaurant_view_hotpath   [  69% ] 04/60 VUs  3m26.4s/5m0s  20.00 iters/s

running (3m28.0s), 04/60 VUs, 3859 complete and 0 interrupted iterations
restaurant_view_hotpath   [  69% ] 04/60 VUs  3m27.4s/5m0s  20.00 iters/s

running (3m29.0s), 04/60 VUs, 3879 complete and 0 interrupted iterations
restaurant_view_hotpath   [  69% ] 04/60 VUs  3m28.4s/5m0s  20.00 iters/s

running (3m30.0s), 04/60 VUs, 3899 complete and 0 interrupted iterations
restaurant_view_hotpath   [  70% ] 04/60 VUs  3m29.4s/5m0s  20.00 iters/s

running (3m31.0s), 05/60 VUs, 3918 complete and 0 interrupted iterations
restaurant_view_hotpath   [  70% ] 05/60 VUs  3m30.4s/5m0s  20.00 iters/s

running (3m32.0s), 04/60 VUs, 3939 complete and 0 interrupted iterations
restaurant_view_hotpath   [  70% ] 04/60 VUs  3m31.4s/5m0s  20.00 iters/s

running (3m33.0s), 04/60 VUs, 3959 complete and 0 interrupted iterations
restaurant_view_hotpath   [  71% ] 04/60 VUs  3m32.4s/5m0s  20.00 iters/s

running (3m34.0s), 04/60 VUs, 3979 complete and 0 interrupted iterations
restaurant_view_hotpath   [  71% ] 04/60 VUs  3m33.4s/5m0s  20.00 iters/s

running (3m35.0s), 08/60 VUs, 3995 complete and 0 interrupted iterations
restaurant_view_hotpath   [  71% ] 08/60 VUs  3m34.4s/5m0s  20.00 iters/s

running (3m36.0s), 04/60 VUs, 4019 complete and 0 interrupted iterations
restaurant_view_hotpath   [  72% ] 04/60 VUs  3m35.4s/5m0s  20.00 iters/s

running (3m37.0s), 04/60 VUs, 4039 complete and 0 interrupted iterations
restaurant_view_hotpath   [  72% ] 04/60 VUs  3m36.4s/5m0s  20.00 iters/s

running (3m38.0s), 04/60 VUs, 4059 complete and 0 interrupted iterations
restaurant_view_hotpath   [  72% ] 04/60 VUs  3m37.4s/5m0s  20.00 iters/s

running (3m39.0s), 06/60 VUs, 4077 complete and 0 interrupted iterations
restaurant_view_hotpath   [  73% ] 06/60 VUs  3m38.4s/5m0s  20.00 iters/s

running (3m40.0s), 04/60 VUs, 4099 complete and 0 interrupted iterations
restaurant_view_hotpath   [  73% ] 04/60 VUs  3m39.4s/5m0s  20.00 iters/s

running (3m41.0s), 04/60 VUs, 4119 complete and 0 interrupted iterations
restaurant_view_hotpath   [  73% ] 04/60 VUs  3m40.4s/5m0s  20.00 iters/s

running (3m42.0s), 04/60 VUs, 4139 complete and 0 interrupted iterations
restaurant_view_hotpath   [  74% ] 04/60 VUs  3m41.4s/5m0s  20.00 iters/s

running (3m43.0s), 04/60 VUs, 4159 complete and 0 interrupted iterations
restaurant_view_hotpath   [  74% ] 04/60 VUs  3m42.4s/5m0s  20.00 iters/s

running (3m44.0s), 04/60 VUs, 4179 complete and 0 interrupted iterations
restaurant_view_hotpath   [  74% ] 04/60 VUs  3m43.4s/5m0s  20.00 iters/s

running (3m45.0s), 04/60 VUs, 4199 complete and 0 interrupted iterations
restaurant_view_hotpath   [  75% ] 04/60 VUs  3m44.4s/5m0s  20.00 iters/s

running (3m46.0s), 04/60 VUs, 4219 complete and 0 interrupted iterations
restaurant_view_hotpath   [  75% ] 04/60 VUs  3m45.4s/5m0s  20.00 iters/s

running (3m47.0s), 04/60 VUs, 4239 complete and 0 interrupted iterations
restaurant_view_hotpath   [  75% ] 04/60 VUs  3m46.4s/5m0s  20.00 iters/s

running (3m48.0s), 06/60 VUs, 4257 complete and 0 interrupted iterations
restaurant_view_hotpath   [  76% ] 06/60 VUs  3m47.4s/5m0s  20.00 iters/s

running (3m49.0s), 05/60 VUs, 4278 complete and 0 interrupted iterations
restaurant_view_hotpath   [  76% ] 05/60 VUs  3m48.4s/5m0s  20.00 iters/s

running (3m50.0s), 21/60 VUs, 4282 complete and 0 interrupted iterations
restaurant_view_hotpath   [  76% ] 21/60 VUs  3m49.4s/5m0s  20.00 iters/s

running (3m51.0s), 22/60 VUs, 4301 complete and 0 interrupted iterations
restaurant_view_hotpath   [  77% ] 22/60 VUs  3m50.4s/5m0s  20.00 iters/s

running (3m52.0s), 13/60 VUs, 4330 complete and 0 interrupted iterations
restaurant_view_hotpath   [  77% ] 13/60 VUs  3m51.4s/5m0s  20.00 iters/s

running (3m53.0s), 04/60 VUs, 4359 complete and 0 interrupted iterations
restaurant_view_hotpath   [  77% ] 04/60 VUs  3m52.4s/5m0s  20.00 iters/s

running (3m54.0s), 04/60 VUs, 4379 complete and 0 interrupted iterations
restaurant_view_hotpath   [  78% ] 04/60 VUs  3m53.4s/5m0s  20.00 iters/s

running (3m55.0s), 04/60 VUs, 4399 complete and 0 interrupted iterations
restaurant_view_hotpath   [  78% ] 04/60 VUs  3m54.4s/5m0s  20.00 iters/s

running (3m56.0s), 04/60 VUs, 4419 complete and 0 interrupted iterations
restaurant_view_hotpath   [  78% ] 04/60 VUs  3m55.4s/5m0s  20.00 iters/s

running (3m57.0s), 04/60 VUs, 4439 complete and 0 interrupted iterations
restaurant_view_hotpath   [  79% ] 04/60 VUs  3m56.4s/5m0s  20.00 iters/s

running (3m58.0s), 04/60 VUs, 4459 complete and 0 interrupted iterations
restaurant_view_hotpath   [  79% ] 04/60 VUs  3m57.4s/5m0s  20.00 iters/s

running (3m59.0s), 04/60 VUs, 4479 complete and 0 interrupted iterations
restaurant_view_hotpath   [  79% ] 04/60 VUs  3m58.4s/5m0s  20.00 iters/s

running (4m00.0s), 04/60 VUs, 4499 complete and 0 interrupted iterations
restaurant_view_hotpath   [  80% ] 04/60 VUs  3m59.4s/5m0s  20.00 iters/s

running (4m01.0s), 04/60 VUs, 4519 complete and 0 interrupted iterations
restaurant_view_hotpath   [  80% ] 04/60 VUs  4m00.4s/5m0s  20.00 iters/s

running (4m02.0s), 04/60 VUs, 4539 complete and 0 interrupted iterations
restaurant_view_hotpath   [  80% ] 04/60 VUs  4m01.4s/5m0s  20.00 iters/s

running (4m03.0s), 04/60 VUs, 4559 complete and 0 interrupted iterations
restaurant_view_hotpath   [  81% ] 04/60 VUs  4m02.4s/5m0s  20.00 iters/s

running (4m04.0s), 04/60 VUs, 4579 complete and 0 interrupted iterations
restaurant_view_hotpath   [  81% ] 04/60 VUs  4m03.4s/5m0s  20.00 iters/s

running (4m05.0s), 09/60 VUs, 4594 complete and 0 interrupted iterations
restaurant_view_hotpath   [  81% ] 09/60 VUs  4m04.4s/5m0s  20.00 iters/s

running (4m06.0s), 09/60 VUs, 4614 complete and 0 interrupted iterations
restaurant_view_hotpath   [  82% ] 09/60 VUs  4m05.4s/5m0s  20.00 iters/s

running (4m07.0s), 04/60 VUs, 4639 complete and 0 interrupted iterations
restaurant_view_hotpath   [  82% ] 04/60 VUs  4m06.4s/5m0s  20.00 iters/s

running (4m08.0s), 03/60 VUs, 4660 complete and 0 interrupted iterations
restaurant_view_hotpath   [  82% ] 03/60 VUs  4m07.4s/5m0s  20.00 iters/s

running (4m09.0s), 04/60 VUs, 4679 complete and 0 interrupted iterations
restaurant_view_hotpath   [  83% ] 04/60 VUs  4m08.4s/5m0s  20.00 iters/s

running (4m10.0s), 04/60 VUs, 4699 complete and 0 interrupted iterations
restaurant_view_hotpath   [  83% ] 04/60 VUs  4m09.4s/5m0s  20.00 iters/s

running (4m11.0s), 04/60 VUs, 4719 complete and 0 interrupted iterations
restaurant_view_hotpath   [  83% ] 04/60 VUs  4m10.4s/5m0s  20.00 iters/s

running (4m12.0s), 05/60 VUs, 4738 complete and 0 interrupted iterations
restaurant_view_hotpath   [  84% ] 05/60 VUs  4m11.4s/5m0s  20.00 iters/s

running (4m13.0s), 04/60 VUs, 4759 complete and 0 interrupted iterations
restaurant_view_hotpath   [  84% ] 04/60 VUs  4m12.4s/5m0s  20.00 iters/s

running (4m14.0s), 04/60 VUs, 4779 complete and 0 interrupted iterations
restaurant_view_hotpath   [  84% ] 04/60 VUs  4m13.4s/5m0s  20.00 iters/s

running (4m15.0s), 04/60 VUs, 4799 complete and 0 interrupted iterations
restaurant_view_hotpath   [  85% ] 04/60 VUs  4m14.4s/5m0s  20.00 iters/s

running (4m16.0s), 04/60 VUs, 4819 complete and 0 interrupted iterations
restaurant_view_hotpath   [  85% ] 04/60 VUs  4m15.4s/5m0s  20.00 iters/s

running (4m17.0s), 04/60 VUs, 4839 complete and 0 interrupted iterations
restaurant_view_hotpath   [  85% ] 04/60 VUs  4m16.4s/5m0s  20.00 iters/s

running (4m18.0s), 05/60 VUs, 4858 complete and 0 interrupted iterations
restaurant_view_hotpath   [  86% ] 05/60 VUs  4m17.4s/5m0s  20.00 iters/s

running (4m19.0s), 04/60 VUs, 4879 complete and 0 interrupted iterations
restaurant_view_hotpath   [  86% ] 04/60 VUs  4m18.4s/5m0s  20.00 iters/s

running (4m20.0s), 07/60 VUs, 4896 complete and 0 interrupted iterations
restaurant_view_hotpath   [  86% ] 07/60 VUs  4m19.4s/5m0s  20.00 iters/s

running (4m21.0s), 04/60 VUs, 4919 complete and 0 interrupted iterations
restaurant_view_hotpath   [  87% ] 04/60 VUs  4m20.4s/5m0s  20.00 iters/s

running (4m22.0s), 04/60 VUs, 4939 complete and 0 interrupted iterations
restaurant_view_hotpath   [  87% ] 04/60 VUs  4m21.4s/5m0s  20.00 iters/s

running (4m23.0s), 04/60 VUs, 4959 complete and 0 interrupted iterations
restaurant_view_hotpath   [  87% ] 04/60 VUs  4m22.4s/5m0s  20.00 iters/s

running (4m24.0s), 04/60 VUs, 4979 complete and 0 interrupted iterations
restaurant_view_hotpath   [  88% ] 04/60 VUs  4m23.4s/5m0s  20.00 iters/s

running (4m25.0s), 04/60 VUs, 4999 complete and 0 interrupted iterations
restaurant_view_hotpath   [  88% ] 04/60 VUs  4m24.4s/5m0s  20.00 iters/s

running (4m26.0s), 04/60 VUs, 5019 complete and 0 interrupted iterations
restaurant_view_hotpath   [  88% ] 04/60 VUs  4m25.4s/5m0s  20.00 iters/s

running (4m27.0s), 04/60 VUs, 5039 complete and 0 interrupted iterations
restaurant_view_hotpath   [  89% ] 04/60 VUs  4m26.4s/5m0s  20.00 iters/s

running (4m28.0s), 04/60 VUs, 5059 complete and 0 interrupted iterations
restaurant_view_hotpath   [  89% ] 04/60 VUs  4m27.4s/5m0s  20.00 iters/s

running (4m29.0s), 04/60 VUs, 5079 complete and 0 interrupted iterations
restaurant_view_hotpath   [  89% ] 04/60 VUs  4m28.4s/5m0s  20.00 iters/s

running (4m30.0s), 05/60 VUs, 5098 complete and 0 interrupted iterations
restaurant_view_hotpath   [  90% ] 05/60 VUs  4m29.4s/5m0s  20.00 iters/s

running (4m31.0s), 04/60 VUs, 5119 complete and 0 interrupted iterations
restaurant_view_hotpath   [  90% ] 04/60 VUs  4m30.4s/5m0s  20.00 iters/s

running (4m32.0s), 04/60 VUs, 5139 complete and 0 interrupted iterations
restaurant_view_hotpath   [  90% ] 04/60 VUs  4m31.4s/5m0s  20.00 iters/s

running (4m33.0s), 04/60 VUs, 5159 complete and 0 interrupted iterations
restaurant_view_hotpath   [  91% ] 04/60 VUs  4m32.4s/5m0s  20.00 iters/s

running (4m34.0s), 04/60 VUs, 5179 complete and 0 interrupted iterations
restaurant_view_hotpath   [  91% ] 04/60 VUs  4m33.4s/5m0s  20.00 iters/s

running (4m35.0s), 11/60 VUs, 5192 complete and 0 interrupted iterations
restaurant_view_hotpath   [  91% ] 11/60 VUs  4m34.4s/5m0s  20.00 iters/s

running (4m36.0s), 04/60 VUs, 5219 complete and 0 interrupted iterations
restaurant_view_hotpath   [  92% ] 04/60 VUs  4m35.4s/5m0s  20.00 iters/s

running (4m37.0s), 04/60 VUs, 5239 complete and 0 interrupted iterations
restaurant_view_hotpath   [  92% ] 04/60 VUs  4m36.4s/5m0s  20.00 iters/s

running (4m38.0s), 04/60 VUs, 5259 complete and 0 interrupted iterations
restaurant_view_hotpath   [  92% ] 04/60 VUs  4m37.4s/5m0s  20.00 iters/s

running (4m39.0s), 03/60 VUs, 5280 complete and 0 interrupted iterations
restaurant_view_hotpath   [  93% ] 03/60 VUs  4m38.4s/5m0s  20.00 iters/s

running (4m40.0s), 04/60 VUs, 5299 complete and 0 interrupted iterations
restaurant_view_hotpath   [  93% ] 04/60 VUs  4m39.4s/5m0s  20.00 iters/s

running (4m41.0s), 04/60 VUs, 5319 complete and 0 interrupted iterations
restaurant_view_hotpath   [  93% ] 04/60 VUs  4m40.4s/5m0s  20.00 iters/s

running (4m42.0s), 04/60 VUs, 5339 complete and 0 interrupted iterations
restaurant_view_hotpath   [  94% ] 04/60 VUs  4m41.4s/5m0s  20.00 iters/s

running (4m43.0s), 04/60 VUs, 5359 complete and 0 interrupted iterations
restaurant_view_hotpath   [  94% ] 04/60 VUs  4m42.4s/5m0s  20.00 iters/s

running (4m44.0s), 04/60 VUs, 5379 complete and 0 interrupted iterations
restaurant_view_hotpath   [  94% ] 04/60 VUs  4m43.4s/5m0s  20.00 iters/s

running (4m45.0s), 04/60 VUs, 5399 complete and 0 interrupted iterations
restaurant_view_hotpath   [  95% ] 04/60 VUs  4m44.4s/5m0s  20.00 iters/s

running (4m46.0s), 04/60 VUs, 5419 complete and 0 interrupted iterations
restaurant_view_hotpath   [  95% ] 04/60 VUs  4m45.4s/5m0s  20.00 iters/s

running (4m47.0s), 04/60 VUs, 5439 complete and 0 interrupted iterations
restaurant_view_hotpath   [  95% ] 04/60 VUs  4m46.4s/5m0s  20.00 iters/s

running (4m48.0s), 06/60 VUs, 5457 complete and 0 interrupted iterations
restaurant_view_hotpath   [  96% ] 06/60 VUs  4m47.4s/5m0s  20.00 iters/s

running (4m49.0s), 04/60 VUs, 5479 complete and 0 interrupted iterations
restaurant_view_hotpath   [  96% ] 04/60 VUs  4m48.4s/5m0s  20.00 iters/s

running (4m50.0s), 22/60 VUs, 5481 complete and 0 interrupted iterations
restaurant_view_hotpath   [  96% ] 22/60 VUs  4m49.4s/5m0s  20.00 iters/s

running (4m51.0s), 40/60 VUs, 5483 complete and 0 interrupted iterations
restaurant_view_hotpath   [  97% ] 40/60 VUs  4m50.4s/5m0s  20.00 iters/s

running (4m52.0s), 32/60 VUs, 5511 complete and 0 interrupted iterations
restaurant_view_hotpath   [  97% ] 32/60 VUs  4m51.4s/5m0s  20.00 iters/s

running (4m53.0s), 23/60 VUs, 5540 complete and 0 interrupted iterations
restaurant_view_hotpath   [  97% ] 23/60 VUs  4m52.4s/5m0s  20.00 iters/s

running (4m54.0s), 16/60 VUs, 5567 complete and 0 interrupted iterations
restaurant_view_hotpath   [  98% ] 16/60 VUs  4m53.4s/5m0s  20.00 iters/s

running (4m55.0s), 04/60 VUs, 5599 complete and 0 interrupted iterations
restaurant_view_hotpath   [  98% ] 04/60 VUs  4m54.4s/5m0s  20.00 iters/s

running (4m56.0s), 04/60 VUs, 5619 complete and 0 interrupted iterations
restaurant_view_hotpath   [  98% ] 04/60 VUs  4m55.4s/5m0s  20.00 iters/s

running (4m57.0s), 03/60 VUs, 5640 complete and 0 interrupted iterations
restaurant_view_hotpath   [  99% ] 03/60 VUs  4m56.4s/5m0s  20.00 iters/s

running (4m58.0s), 04/60 VUs, 5659 complete and 0 interrupted iterations
restaurant_view_hotpath   [  99% ] 04/60 VUs  4m57.4s/5m0s  20.00 iters/s

running (4m59.0s), 04/60 VUs, 5679 complete and 0 interrupted iterations
restaurant_view_hotpath   [  99% ] 04/60 VUs  4m58.4s/5m0s  20.00 iters/s

running (5m00.0s), 04/60 VUs, 5699 complete and 0 interrupted iterations
restaurant_view_hotpath   [ 100% ] 04/60 VUs  4m59.4s/5m0s  20.00 iters/s


  █ TOTAL RESULTS 

    checks_total.......: 11430   38.008858/s
    checks_succeeded...: 100.00% 11430 out of 11430
    checks_failed......: 0.00%   0 out of 11430

    ✓ hotpath_dining_sessions status is 200
    ✓ hotpath_dining_sessions body.success is true

    HTTP
    http_req_duration..............: avg=1.07s min=23.08ms  med=231.12ms max=10.05s p(90)=3.53s p(95)=4.03s p(99)=5.06s
      { expected_response:true }...: avg=1.07s min=23.08ms  med=231.12ms max=10.05s p(90)=3.53s p(95)=4.03s p(99)=5.06s
    http_req_failed................: 0.00%  0 out of 5720
    http_reqs......................: 5720   19.021056/s

    EXECUTION
    dropped_iterations.............: 286    0.951053/s
    iteration_duration.............: avg=1.07s min=145.15ms med=232.27ms max=10.05s p(90)=3.54s p(95)=4.03s p(99)=5.06s
    iterations.....................: 5715   19.004429/s
    vus............................: 4      min=3         max=60
    vus_max........................: 60     min=20        max=60

    NETWORK
    data_received..................: 105 MB 349 kB/s
    data_sent......................: 711 kB 2.4 kB/s




running (5m00.7s), 00/60 VUs, 5715 complete and 0 interrupted iterations
restaurant_view_hotpath ✓ [ 100% ] 00/60 VUs  5m0s  20.00 iters/s
