
         /\      Grafana   /‾‾/  
    /\  /  \     |\  __   /  /   
   /  \/    \    | |/ /  /   ‾‾\ 
  /          \   |   (  |  (‾)  |
 / __________ \  |_|\_\  \_____/ 


     execution: local
        script: k6/scenarios/restaurant-view-hotpath.js
        output: -

     scenarios: (100.00%) 1 scenario, 60 max VUs, 5m30s max duration (incl. graceful stop):
              * restaurant_view_hotpath: 20.00 iterations/s for 5m0s (maxVUs: 20-60, gracefulStop: 30s)


Run                       [ 100% ] setup()
restaurant_view_hotpath   [   0% ]

Run                       [ 100% ] setup()
restaurant_view_hotpath   [   0% ]

running (0m03.0s), 11/20 VUs, 7 complete and 0 interrupted iterations
restaurant_view_hotpath   [   0% ] 11/20 VUs  0m00.9s/5m0s  20.00 iters/s

running (0m04.0s), 09/20 VUs, 29 complete and 0 interrupted iterations
restaurant_view_hotpath   [   1% ] 09/20 VUs  0m01.9s/5m0s  20.00 iters/s

running (0m05.0s), 07/20 VUs, 51 complete and 0 interrupted iterations
restaurant_view_hotpath   [   1% ] 07/20 VUs  0m02.9s/5m0s  20.00 iters/s

running (0m06.0s), 07/20 VUs, 71 complete and 0 interrupted iterations
restaurant_view_hotpath   [   1% ] 07/20 VUs  0m03.9s/5m0s  20.00 iters/s

running (0m07.0s), 06/20 VUs, 92 complete and 0 interrupted iterations
restaurant_view_hotpath   [   2% ] 06/20 VUs  0m04.9s/5m0s  20.00 iters/s

running (0m08.0s), 06/20 VUs, 112 complete and 0 interrupted iterations
restaurant_view_hotpath   [   2% ] 06/20 VUs  0m05.9s/5m0s  20.00 iters/s

running (0m09.0s), 07/20 VUs, 131 complete and 0 interrupted iterations
restaurant_view_hotpath   [   2% ] 07/20 VUs  0m06.9s/5m0s  20.00 iters/s

running (0m10.0s), 04/20 VUs, 154 complete and 0 interrupted iterations
restaurant_view_hotpath   [   3% ] 04/20 VUs  0m07.9s/5m0s  20.00 iters/s

running (0m11.0s), 06/20 VUs, 172 complete and 0 interrupted iterations
restaurant_view_hotpath   [   3% ] 06/20 VUs  0m08.9s/5m0s  20.00 iters/s

running (0m12.0s), 06/20 VUs, 192 complete and 0 interrupted iterations
restaurant_view_hotpath   [   3% ] 06/20 VUs  0m09.9s/5m0s  20.00 iters/s

running (0m13.0s), 05/20 VUs, 213 complete and 0 interrupted iterations
restaurant_view_hotpath   [   4% ] 05/20 VUs  0m10.9s/5m0s  20.00 iters/s

running (0m14.0s), 05/20 VUs, 233 complete and 0 interrupted iterations
restaurant_view_hotpath   [   4% ] 05/20 VUs  0m11.9s/5m0s  20.00 iters/s

running (0m15.0s), 04/20 VUs, 254 complete and 0 interrupted iterations
restaurant_view_hotpath   [   4% ] 04/20 VUs  0m12.9s/5m0s  20.00 iters/s

running (0m16.0s), 05/20 VUs, 273 complete and 0 interrupted iterations
restaurant_view_hotpath   [   5% ] 05/20 VUs  0m13.9s/5m0s  20.00 iters/s

running (0m17.0s), 06/20 VUs, 292 complete and 0 interrupted iterations
restaurant_view_hotpath   [   5% ] 06/20 VUs  0m14.9s/5m0s  20.00 iters/s

running (0m18.0s), 04/20 VUs, 314 complete and 0 interrupted iterations
restaurant_view_hotpath   [   5% ] 04/20 VUs  0m15.9s/5m0s  20.00 iters/s

running (0m19.0s), 04/20 VUs, 334 complete and 0 interrupted iterations
restaurant_view_hotpath   [   6% ] 04/20 VUs  0m16.9s/5m0s  20.00 iters/s

running (0m20.0s), 04/20 VUs, 354 complete and 0 interrupted iterations
restaurant_view_hotpath   [   6% ] 04/20 VUs  0m17.9s/5m0s  20.00 iters/s

running (0m21.0s), 06/20 VUs, 372 complete and 0 interrupted iterations
restaurant_view_hotpath   [   6% ] 06/20 VUs  0m18.9s/5m0s  20.00 iters/s

running (0m22.0s), 17/20 VUs, 381 complete and 0 interrupted iterations
restaurant_view_hotpath   [   7% ] 17/20 VUs  0m19.9s/5m0s  20.00 iters/s

running (0m23.0s), 05/20 VUs, 413 complete and 0 interrupted iterations
restaurant_view_hotpath   [   7% ] 05/20 VUs  0m20.9s/5m0s  20.00 iters/s

running (0m24.0s), 05/20 VUs, 433 complete and 0 interrupted iterations
restaurant_view_hotpath   [   7% ] 05/20 VUs  0m21.9s/5m0s  20.00 iters/s

running (0m25.0s), 05/20 VUs, 453 complete and 0 interrupted iterations
restaurant_view_hotpath   [   8% ] 05/20 VUs  0m22.9s/5m0s  20.00 iters/s

running (0m26.0s), 04/20 VUs, 474 complete and 0 interrupted iterations
restaurant_view_hotpath   [   8% ] 04/20 VUs  0m23.9s/5m0s  20.00 iters/s

running (0m27.0s), 03/20 VUs, 495 complete and 0 interrupted iterations
restaurant_view_hotpath   [   8% ] 03/20 VUs  0m24.9s/5m0s  20.00 iters/s

running (0m28.0s), 04/20 VUs, 514 complete and 0 interrupted iterations
restaurant_view_hotpath   [   9% ] 04/20 VUs  0m25.9s/5m0s  20.00 iters/s

running (0m29.0s), 05/20 VUs, 533 complete and 0 interrupted iterations
restaurant_view_hotpath   [   9% ] 05/20 VUs  0m26.9s/5m0s  20.00 iters/s

running (0m30.0s), 03/20 VUs, 555 complete and 0 interrupted iterations
restaurant_view_hotpath   [   9% ] 03/20 VUs  0m27.9s/5m0s  20.00 iters/s

running (0m31.0s), 04/20 VUs, 574 complete and 0 interrupted iterations
restaurant_view_hotpath   [  10% ] 04/20 VUs  0m28.9s/5m0s  20.00 iters/s

running (0m32.0s), 05/20 VUs, 593 complete and 0 interrupted iterations
restaurant_view_hotpath   [  10% ] 05/20 VUs  0m29.9s/5m0s  20.00 iters/s

running (0m33.0s), 04/20 VUs, 614 complete and 0 interrupted iterations
restaurant_view_hotpath   [  10% ] 04/20 VUs  0m30.9s/5m0s  20.00 iters/s

running (0m34.0s), 04/20 VUs, 634 complete and 0 interrupted iterations
restaurant_view_hotpath   [  11% ] 04/20 VUs  0m31.9s/5m0s  20.00 iters/s

running (0m35.0s), 04/20 VUs, 654 complete and 0 interrupted iterations
restaurant_view_hotpath   [  11% ] 04/20 VUs  0m32.9s/5m0s  20.00 iters/s

running (0m36.0s), 05/20 VUs, 673 complete and 0 interrupted iterations
restaurant_view_hotpath   [  11% ] 05/20 VUs  0m33.9s/5m0s  20.00 iters/s

running (0m37.0s), 04/20 VUs, 694 complete and 0 interrupted iterations
restaurant_view_hotpath   [  12% ] 04/20 VUs  0m34.9s/5m0s  20.00 iters/s

running (0m38.0s), 04/20 VUs, 714 complete and 0 interrupted iterations
restaurant_view_hotpath   [  12% ] 04/20 VUs  0m35.9s/5m0s  20.00 iters/s

running (0m39.0s), 04/20 VUs, 734 complete and 0 interrupted iterations
restaurant_view_hotpath   [  12% ] 04/20 VUs  0m36.9s/5m0s  20.00 iters/s

running (0m40.0s), 04/20 VUs, 754 complete and 0 interrupted iterations
restaurant_view_hotpath   [  13% ] 04/20 VUs  0m37.9s/5m0s  20.00 iters/s

running (0m41.0s), 04/20 VUs, 774 complete and 0 interrupted iterations
restaurant_view_hotpath   [  13% ] 04/20 VUs  0m38.9s/5m0s  20.00 iters/s

running (0m42.0s), 04/20 VUs, 794 complete and 0 interrupted iterations
restaurant_view_hotpath   [  13% ] 04/20 VUs  0m39.9s/5m0s  20.00 iters/s

running (0m43.0s), 04/20 VUs, 814 complete and 0 interrupted iterations
restaurant_view_hotpath   [  14% ] 04/20 VUs  0m40.9s/5m0s  20.00 iters/s

running (0m44.0s), 04/20 VUs, 834 complete and 0 interrupted iterations
restaurant_view_hotpath   [  14% ] 04/20 VUs  0m41.9s/5m0s  20.00 iters/s

running (0m45.0s), 04/20 VUs, 854 complete and 0 interrupted iterations
restaurant_view_hotpath   [  14% ] 04/20 VUs  0m42.9s/5m0s  20.00 iters/s

running (0m46.0s), 10/20 VUs, 868 complete and 0 interrupted iterations
restaurant_view_hotpath   [  15% ] 10/20 VUs  0m43.9s/5m0s  20.00 iters/s

running (0m47.0s), 05/20 VUs, 893 complete and 0 interrupted iterations
restaurant_view_hotpath   [  15% ] 05/20 VUs  0m44.9s/5m0s  20.00 iters/s

running (0m48.0s), 04/20 VUs, 914 complete and 0 interrupted iterations
restaurant_view_hotpath   [  15% ] 04/20 VUs  0m45.9s/5m0s  20.00 iters/s

running (0m49.0s), 04/20 VUs, 934 complete and 0 interrupted iterations
restaurant_view_hotpath   [  16% ] 04/20 VUs  0m46.9s/5m0s  20.00 iters/s

running (0m50.0s), 04/20 VUs, 954 complete and 0 interrupted iterations
restaurant_view_hotpath   [  16% ] 04/20 VUs  0m47.9s/5m0s  20.00 iters/s

running (0m51.0s), 04/20 VUs, 974 complete and 0 interrupted iterations
restaurant_view_hotpath   [  16% ] 04/20 VUs  0m48.9s/5m0s  20.00 iters/s

running (0m52.0s), 11/20 VUs, 987 complete and 0 interrupted iterations
restaurant_view_hotpath   [  17% ] 11/20 VUs  0m49.9s/5m0s  20.00 iters/s

running (0m53.0s), 04/20 VUs, 1014 complete and 0 interrupted iterations
restaurant_view_hotpath   [  17% ] 04/20 VUs  0m50.9s/5m0s  20.00 iters/s

running (0m54.0s), 05/20 VUs, 1033 complete and 0 interrupted iterations
restaurant_view_hotpath   [  17% ] 05/20 VUs  0m51.9s/5m0s  20.00 iters/s

running (0m55.0s), 05/20 VUs, 1053 complete and 0 interrupted iterations
restaurant_view_hotpath   [  18% ] 05/20 VUs  0m52.9s/5m0s  20.00 iters/s

running (0m56.0s), 04/20 VUs, 1074 complete and 0 interrupted iterations
restaurant_view_hotpath   [  18% ] 04/20 VUs  0m53.9s/5m0s  20.00 iters/s

running (0m57.0s), 04/20 VUs, 1094 complete and 0 interrupted iterations
restaurant_view_hotpath   [  18% ] 04/20 VUs  0m54.9s/5m0s  20.00 iters/s

running (0m58.0s), 03/20 VUs, 1115 complete and 0 interrupted iterations
restaurant_view_hotpath   [  19% ] 03/20 VUs  0m55.9s/5m0s  20.00 iters/s

running (0m59.0s), 11/20 VUs, 1127 complete and 0 interrupted iterations
restaurant_view_hotpath   [  19% ] 11/20 VUs  0m56.9s/5m0s  20.00 iters/s

running (1m00.0s), 09/20 VUs, 1149 complete and 0 interrupted iterations
restaurant_view_hotpath   [  19% ] 09/20 VUs  0m57.9s/5m0s  20.00 iters/s

running (1m01.0s), 23/23 VUs, 1152 complete and 0 interrupted iterations
restaurant_view_hotpath   [  20% ] 23/23 VUs  0m58.9s/5m0s  20.00 iters/s

running (1m02.0s), 17/26 VUs, 1175 complete and 0 interrupted iterations
restaurant_view_hotpath   [  20% ] 17/26 VUs  0m59.9s/5m0s  20.00 iters/s

running (1m03.0s), 10/26 VUs, 1202 complete and 0 interrupted iterations
restaurant_view_hotpath   [  20% ] 10/26 VUs  1m00.9s/5m0s  20.00 iters/s

running (1m04.0s), 04/26 VUs, 1228 complete and 0 interrupted iterations
restaurant_view_hotpath   [  21% ] 04/26 VUs  1m01.9s/5m0s  20.00 iters/s

running (1m05.0s), 04/26 VUs, 1248 complete and 0 interrupted iterations
restaurant_view_hotpath   [  21% ] 04/26 VUs  1m02.9s/5m0s  20.00 iters/s

running (1m06.0s), 04/26 VUs, 1268 complete and 0 interrupted iterations
restaurant_view_hotpath   [  21% ] 04/26 VUs  1m03.9s/5m0s  20.00 iters/s

running (1m07.0s), 05/26 VUs, 1287 complete and 0 interrupted iterations
restaurant_view_hotpath   [  22% ] 05/26 VUs  1m04.9s/5m0s  20.00 iters/s

running (1m08.0s), 03/26 VUs, 1309 complete and 0 interrupted iterations
restaurant_view_hotpath   [  22% ] 03/26 VUs  1m05.9s/5m0s  20.00 iters/s

running (1m09.0s), 04/26 VUs, 1328 complete and 0 interrupted iterations
restaurant_view_hotpath   [  22% ] 04/26 VUs  1m06.9s/5m0s  20.00 iters/s

running (1m10.0s), 05/26 VUs, 1347 complete and 0 interrupted iterations
restaurant_view_hotpath   [  23% ] 05/26 VUs  1m07.9s/5m0s  20.00 iters/s

running (1m11.0s), 04/26 VUs, 1368 complete and 0 interrupted iterations
restaurant_view_hotpath   [  23% ] 04/26 VUs  1m08.9s/5m0s  20.00 iters/s

running (1m12.0s), 04/26 VUs, 1388 complete and 0 interrupted iterations
restaurant_view_hotpath   [  23% ] 04/26 VUs  1m09.9s/5m0s  20.00 iters/s

running (1m13.0s), 04/26 VUs, 1408 complete and 0 interrupted iterations
restaurant_view_hotpath   [  24% ] 04/26 VUs  1m10.9s/5m0s  20.00 iters/s

running (1m14.0s), 04/26 VUs, 1428 complete and 0 interrupted iterations
restaurant_view_hotpath   [  24% ] 04/26 VUs  1m11.9s/5m0s  20.00 iters/s

running (1m15.0s), 04/26 VUs, 1448 complete and 0 interrupted iterations
restaurant_view_hotpath   [  24% ] 04/26 VUs  1m12.9s/5m0s  20.00 iters/s

running (1m16.0s), 12/26 VUs, 1460 complete and 0 interrupted iterations
restaurant_view_hotpath   [  25% ] 12/26 VUs  1m13.9s/5m0s  20.00 iters/s

running (1m17.0s), 11/26 VUs, 1481 complete and 0 interrupted iterations
restaurant_view_hotpath   [  25% ] 11/26 VUs  1m14.9s/5m0s  20.00 iters/s

running (1m18.0s), 07/26 VUs, 1505 complete and 0 interrupted iterations
restaurant_view_hotpath   [  25% ] 07/26 VUs  1m15.9s/5m0s  20.00 iters/s

running (1m19.0s), 04/26 VUs, 1528 complete and 0 interrupted iterations
restaurant_view_hotpath   [  26% ] 04/26 VUs  1m16.9s/5m0s  20.00 iters/s

running (1m20.0s), 03/26 VUs, 1549 complete and 0 interrupted iterations
restaurant_view_hotpath   [  26% ] 03/26 VUs  1m17.9s/5m0s  20.00 iters/s

running (1m21.0s), 04/26 VUs, 1568 complete and 0 interrupted iterations
restaurant_view_hotpath   [  26% ] 04/26 VUs  1m18.9s/5m0s  20.00 iters/s

running (1m22.0s), 10/26 VUs, 1582 complete and 0 interrupted iterations
restaurant_view_hotpath   [  27% ] 10/26 VUs  1m19.9s/5m0s  20.00 iters/s

running (1m23.0s), 04/26 VUs, 1608 complete and 0 interrupted iterations
restaurant_view_hotpath   [  27% ] 04/26 VUs  1m20.9s/5m0s  20.00 iters/s

running (1m24.0s), 04/26 VUs, 1628 complete and 0 interrupted iterations
restaurant_view_hotpath   [  27% ] 04/26 VUs  1m21.9s/5m0s  20.00 iters/s

running (1m25.0s), 03/26 VUs, 1649 complete and 0 interrupted iterations
restaurant_view_hotpath   [  28% ] 03/26 VUs  1m22.9s/5m0s  20.00 iters/s

running (1m26.0s), 03/26 VUs, 1669 complete and 0 interrupted iterations
restaurant_view_hotpath   [  28% ] 03/26 VUs  1m23.9s/5m0s  20.00 iters/s

running (1m27.0s), 03/26 VUs, 1689 complete and 0 interrupted iterations
restaurant_view_hotpath   [  28% ] 03/26 VUs  1m24.9s/5m0s  20.00 iters/s

running (1m28.0s), 04/26 VUs, 1708 complete and 0 interrupted iterations
restaurant_view_hotpath   [  29% ] 04/26 VUs  1m25.9s/5m0s  20.00 iters/s

running (1m29.0s), 04/26 VUs, 1728 complete and 0 interrupted iterations
restaurant_view_hotpath   [  29% ] 04/26 VUs  1m26.9s/5m0s  20.00 iters/s

running (1m30.0s), 04/26 VUs, 1748 complete and 0 interrupted iterations
restaurant_view_hotpath   [  29% ] 04/26 VUs  1m27.9s/5m0s  20.00 iters/s

running (1m31.0s), 06/26 VUs, 1766 complete and 0 interrupted iterations
restaurant_view_hotpath   [  30% ] 06/26 VUs  1m28.9s/5m0s  20.00 iters/s

running (1m32.0s), 05/26 VUs, 1787 complete and 0 interrupted iterations
restaurant_view_hotpath   [  30% ] 05/26 VUs  1m29.9s/5m0s  20.00 iters/s

running (1m33.0s), 03/26 VUs, 1809 complete and 0 interrupted iterations
restaurant_view_hotpath   [  30% ] 03/26 VUs  1m30.9s/5m0s  20.00 iters/s

running (1m34.0s), 04/26 VUs, 1828 complete and 0 interrupted iterations
restaurant_view_hotpath   [  31% ] 04/26 VUs  1m31.9s/5m0s  20.00 iters/s

running (1m35.0s), 04/26 VUs, 1848 complete and 0 interrupted iterations
restaurant_view_hotpath   [  31% ] 04/26 VUs  1m32.9s/5m0s  20.00 iters/s

running (1m36.0s), 03/26 VUs, 1869 complete and 0 interrupted iterations
restaurant_view_hotpath   [  31% ] 03/26 VUs  1m33.9s/5m0s  20.00 iters/s

running (1m37.0s), 04/26 VUs, 1888 complete and 0 interrupted iterations
restaurant_view_hotpath   [  32% ] 04/26 VUs  1m34.9s/5m0s  20.00 iters/s

running (1m38.0s), 04/26 VUs, 1908 complete and 0 interrupted iterations
restaurant_view_hotpath   [  32% ] 04/26 VUs  1m35.9s/5m0s  20.00 iters/s

running (1m39.0s), 03/26 VUs, 1929 complete and 0 interrupted iterations
restaurant_view_hotpath   [  32% ] 03/26 VUs  1m36.9s/5m0s  20.00 iters/s

running (1m40.0s), 04/26 VUs, 1948 complete and 0 interrupted iterations
restaurant_view_hotpath   [  33% ] 04/26 VUs  1m37.9s/5m0s  20.00 iters/s

running (1m41.0s), 04/26 VUs, 1968 complete and 0 interrupted iterations
restaurant_view_hotpath   [  33% ] 04/26 VUs  1m38.9s/5m0s  20.00 iters/s

running (1m42.0s), 03/26 VUs, 1989 complete and 0 interrupted iterations
restaurant_view_hotpath   [  33% ] 03/26 VUs  1m39.9s/5m0s  20.00 iters/s

running (1m43.0s), 04/26 VUs, 2008 complete and 0 interrupted iterations
restaurant_view_hotpath   [  34% ] 04/26 VUs  1m40.9s/5m0s  20.00 iters/s

running (1m44.0s), 04/26 VUs, 2028 complete and 0 interrupted iterations
restaurant_view_hotpath   [  34% ] 04/26 VUs  1m41.9s/5m0s  20.00 iters/s

running (1m45.0s), 04/26 VUs, 2048 complete and 0 interrupted iterations
restaurant_view_hotpath   [  34% ] 04/26 VUs  1m42.9s/5m0s  20.00 iters/s

running (1m46.0s), 05/26 VUs, 2067 complete and 0 interrupted iterations
restaurant_view_hotpath   [  35% ] 05/26 VUs  1m43.9s/5m0s  20.00 iters/s

running (1m47.0s), 04/26 VUs, 2088 complete and 0 interrupted iterations
restaurant_view_hotpath   [  35% ] 04/26 VUs  1m44.9s/5m0s  20.00 iters/s

running (1m48.0s), 03/26 VUs, 2109 complete and 0 interrupted iterations
restaurant_view_hotpath   [  35% ] 03/26 VUs  1m45.9s/5m0s  20.00 iters/s

running (1m49.0s), 04/26 VUs, 2128 complete and 0 interrupted iterations
restaurant_view_hotpath   [  36% ] 04/26 VUs  1m46.9s/5m0s  20.00 iters/s

running (1m50.0s), 03/26 VUs, 2149 complete and 0 interrupted iterations
restaurant_view_hotpath   [  36% ] 03/26 VUs  1m47.9s/5m0s  20.00 iters/s

running (1m51.0s), 03/26 VUs, 2169 complete and 0 interrupted iterations
restaurant_view_hotpath   [  36% ] 03/26 VUs  1m48.9s/5m0s  20.00 iters/s

running (1m52.0s), 11/26 VUs, 2181 complete and 0 interrupted iterations
restaurant_view_hotpath   [  37% ] 11/26 VUs  1m49.9s/5m0s  20.00 iters/s

running (1m53.0s), 07/26 VUs, 2205 complete and 0 interrupted iterations
restaurant_view_hotpath   [  37% ] 07/26 VUs  1m50.9s/5m0s  20.00 iters/s

running (1m54.0s), 03/26 VUs, 2229 complete and 0 interrupted iterations
restaurant_view_hotpath   [  37% ] 03/26 VUs  1m51.9s/5m0s  20.00 iters/s

running (1m55.0s), 04/26 VUs, 2248 complete and 0 interrupted iterations
restaurant_view_hotpath   [  38% ] 04/26 VUs  1m52.9s/5m0s  20.00 iters/s

running (1m56.0s), 04/26 VUs, 2268 complete and 0 interrupted iterations
restaurant_view_hotpath   [  38% ] 04/26 VUs  1m53.9s/5m0s  20.00 iters/s

running (1m57.0s), 03/26 VUs, 2289 complete and 0 interrupted iterations
restaurant_view_hotpath   [  38% ] 03/26 VUs  1m54.9s/5m0s  20.00 iters/s

running (1m58.0s), 04/26 VUs, 2308 complete and 0 interrupted iterations
restaurant_view_hotpath   [  39% ] 04/26 VUs  1m55.9s/5m0s  20.00 iters/s

running (1m59.0s), 10/26 VUs, 2322 complete and 0 interrupted iterations
restaurant_view_hotpath   [  39% ] 10/26 VUs  1m56.9s/5m0s  20.00 iters/s

running (2m00.0s), 10/26 VUs, 2342 complete and 0 interrupted iterations
restaurant_view_hotpath   [  39% ] 10/26 VUs  1m57.9s/5m0s  20.00 iters/s

running (2m01.0s), 26/27 VUs, 2345 complete and 0 interrupted iterations
restaurant_view_hotpath   [  40% ] 26/27 VUs  1m58.9s/5m0s  20.00 iters/s

running (2m02.0s), 25/28 VUs, 2365 complete and 0 interrupted iterations
restaurant_view_hotpath   [  40% ] 25/28 VUs  1m59.9s/5m0s  20.00 iters/s

running (2m03.0s), 17/28 VUs, 2393 complete and 0 interrupted iterations
restaurant_view_hotpath   [  40% ] 17/28 VUs  2m00.9s/5m0s  20.00 iters/s

running (2m04.0s), 11/28 VUs, 2419 complete and 0 interrupted iterations
restaurant_view_hotpath   [  41% ] 11/28 VUs  2m01.9s/5m0s  20.00 iters/s

running (2m05.0s), 03/28 VUs, 2447 complete and 0 interrupted iterations
restaurant_view_hotpath   [  41% ] 03/28 VUs  2m02.9s/5m0s  20.00 iters/s

running (2m06.0s), 03/28 VUs, 2467 complete and 0 interrupted iterations
restaurant_view_hotpath   [  41% ] 03/28 VUs  2m03.9s/5m0s  20.00 iters/s

running (2m07.0s), 04/28 VUs, 2486 complete and 0 interrupted iterations
restaurant_view_hotpath   [  42% ] 04/28 VUs  2m04.9s/5m0s  20.00 iters/s

running (2m08.0s), 06/28 VUs, 2504 complete and 0 interrupted iterations
restaurant_view_hotpath   [  42% ] 06/28 VUs  2m05.9s/5m0s  20.00 iters/s

running (2m09.0s), 03/28 VUs, 2527 complete and 0 interrupted iterations
restaurant_view_hotpath   [  42% ] 03/28 VUs  2m06.9s/5m0s  20.00 iters/s

running (2m10.0s), 03/28 VUs, 2547 complete and 0 interrupted iterations
restaurant_view_hotpath   [  43% ] 03/28 VUs  2m07.9s/5m0s  20.00 iters/s

running (2m11.0s), 03/28 VUs, 2567 complete and 0 interrupted iterations
restaurant_view_hotpath   [  43% ] 03/28 VUs  2m08.9s/5m0s  20.00 iters/s

running (2m12.0s), 03/28 VUs, 2587 complete and 0 interrupted iterations
restaurant_view_hotpath   [  43% ] 03/28 VUs  2m09.9s/5m0s  20.00 iters/s

running (2m13.0s), 03/28 VUs, 2607 complete and 0 interrupted iterations
restaurant_view_hotpath   [  44% ] 03/28 VUs  2m10.9s/5m0s  20.00 iters/s

running (2m14.0s), 04/28 VUs, 2626 complete and 0 interrupted iterations
restaurant_view_hotpath   [  44% ] 04/28 VUs  2m11.9s/5m0s  20.00 iters/s

running (2m15.0s), 03/28 VUs, 2647 complete and 0 interrupted iterations
restaurant_view_hotpath   [  44% ] 03/28 VUs  2m12.9s/5m0s  20.00 iters/s

running (2m16.0s), 09/28 VUs, 2661 complete and 0 interrupted iterations
restaurant_view_hotpath   [  45% ] 09/28 VUs  2m13.9s/5m0s  20.00 iters/s

running (2m17.0s), 05/28 VUs, 2685 complete and 0 interrupted iterations
restaurant_view_hotpath   [  45% ] 05/28 VUs  2m14.9s/5m0s  20.00 iters/s

running (2m18.0s), 04/28 VUs, 2706 complete and 0 interrupted iterations
restaurant_view_hotpath   [  45% ] 04/28 VUs  2m15.9s/5m0s  20.00 iters/s

running (2m19.0s), 04/28 VUs, 2726 complete and 0 interrupted iterations
restaurant_view_hotpath   [  46% ] 04/28 VUs  2m16.9s/5m0s  20.00 iters/s

running (2m20.0s), 04/28 VUs, 2746 complete and 0 interrupted iterations
restaurant_view_hotpath   [  46% ] 04/28 VUs  2m17.9s/5m0s  20.00 iters/s

running (2m21.0s), 03/28 VUs, 2767 complete and 0 interrupted iterations
restaurant_view_hotpath   [  46% ] 03/28 VUs  2m18.9s/5m0s  20.00 iters/s

running (2m22.0s), 04/28 VUs, 2786 complete and 0 interrupted iterations
restaurant_view_hotpath   [  47% ] 04/28 VUs  2m19.9s/5m0s  20.00 iters/s

running (2m23.0s), 04/28 VUs, 2806 complete and 0 interrupted iterations
restaurant_view_hotpath   [  47% ] 04/28 VUs  2m20.9s/5m0s  20.00 iters/s

running (2m24.0s), 04/28 VUs, 2826 complete and 0 interrupted iterations
restaurant_view_hotpath   [  47% ] 04/28 VUs  2m21.9s/5m0s  20.00 iters/s

running (2m25.0s), 03/28 VUs, 2847 complete and 0 interrupted iterations
restaurant_view_hotpath   [  48% ] 03/28 VUs  2m22.9s/5m0s  20.00 iters/s

running (2m26.0s), 04/28 VUs, 2866 complete and 0 interrupted iterations
restaurant_view_hotpath   [  48% ] 04/28 VUs  2m23.9s/5m0s  20.00 iters/s

running (2m27.0s), 03/28 VUs, 2887 complete and 0 interrupted iterations
restaurant_view_hotpath   [  48% ] 03/28 VUs  2m24.9s/5m0s  20.00 iters/s

running (2m28.0s), 03/28 VUs, 2907 complete and 0 interrupted iterations
restaurant_view_hotpath   [  49% ] 03/28 VUs  2m25.9s/5m0s  20.00 iters/s

running (2m29.0s), 04/28 VUs, 2926 complete and 0 interrupted iterations
restaurant_view_hotpath   [  49% ] 04/28 VUs  2m26.9s/5m0s  20.00 iters/s

running (2m30.0s), 04/28 VUs, 2946 complete and 0 interrupted iterations
restaurant_view_hotpath   [  49% ] 04/28 VUs  2m27.9s/5m0s  20.00 iters/s

running (2m31.0s), 04/28 VUs, 2966 complete and 0 interrupted iterations
restaurant_view_hotpath   [  50% ] 04/28 VUs  2m28.9s/5m0s  20.00 iters/s

running (2m32.0s), 05/28 VUs, 2985 complete and 0 interrupted iterations
restaurant_view_hotpath   [  50% ] 05/28 VUs  2m29.9s/5m0s  20.00 iters/s

running (2m33.0s), 04/28 VUs, 3006 complete and 0 interrupted iterations
restaurant_view_hotpath   [  50% ] 04/28 VUs  2m30.9s/5m0s  20.00 iters/s

running (2m34.0s), 04/28 VUs, 3026 complete and 0 interrupted iterations
restaurant_view_hotpath   [  51% ] 04/28 VUs  2m31.9s/5m0s  20.00 iters/s

running (2m35.0s), 04/28 VUs, 3046 complete and 0 interrupted iterations
restaurant_view_hotpath   [  51% ] 04/28 VUs  2m32.9s/5m0s  20.00 iters/s

running (2m36.0s), 03/28 VUs, 3067 complete and 0 interrupted iterations
restaurant_view_hotpath   [  51% ] 03/28 VUs  2m33.9s/5m0s  20.00 iters/s

running (2m37.0s), 04/28 VUs, 3086 complete and 0 interrupted iterations
restaurant_view_hotpath   [  52% ] 04/28 VUs  2m34.9s/5m0s  20.00 iters/s

running (2m38.0s), 03/28 VUs, 3107 complete and 0 interrupted iterations
restaurant_view_hotpath   [  52% ] 03/28 VUs  2m35.9s/5m0s  20.00 iters/s

running (2m39.0s), 03/28 VUs, 3127 complete and 0 interrupted iterations
restaurant_view_hotpath   [  52% ] 03/28 VUs  2m36.9s/5m0s  20.00 iters/s

running (2m40.0s), 05/28 VUs, 3145 complete and 0 interrupted iterations
restaurant_view_hotpath   [  53% ] 05/28 VUs  2m37.9s/5m0s  20.00 iters/s

running (2m41.0s), 03/28 VUs, 3167 complete and 0 interrupted iterations
restaurant_view_hotpath   [  53% ] 03/28 VUs  2m38.9s/5m0s  20.00 iters/s

running (2m42.0s), 06/28 VUs, 3184 complete and 0 interrupted iterations
restaurant_view_hotpath   [  53% ] 06/28 VUs  2m39.9s/5m0s  20.00 iters/s

running (2m43.0s), 04/28 VUs, 3206 complete and 0 interrupted iterations
restaurant_view_hotpath   [  54% ] 04/28 VUs  2m40.9s/5m0s  20.00 iters/s

running (2m44.0s), 03/28 VUs, 3227 complete and 0 interrupted iterations
restaurant_view_hotpath   [  54% ] 03/28 VUs  2m41.9s/5m0s  20.00 iters/s

running (2m45.0s), 03/28 VUs, 3247 complete and 0 interrupted iterations
restaurant_view_hotpath   [  54% ] 03/28 VUs  2m42.9s/5m0s  20.00 iters/s

running (2m46.0s), 04/28 VUs, 3266 complete and 0 interrupted iterations
restaurant_view_hotpath   [  55% ] 04/28 VUs  2m43.9s/5m0s  20.00 iters/s

running (2m47.0s), 05/28 VUs, 3285 complete and 0 interrupted iterations
restaurant_view_hotpath   [  55% ] 05/28 VUs  2m44.9s/5m0s  20.00 iters/s

running (2m48.0s), 04/28 VUs, 3306 complete and 0 interrupted iterations
restaurant_view_hotpath   [  55% ] 04/28 VUs  2m45.9s/5m0s  20.00 iters/s

running (2m49.0s), 03/28 VUs, 3327 complete and 0 interrupted iterations
restaurant_view_hotpath   [  56% ] 03/28 VUs  2m46.9s/5m0s  20.00 iters/s

running (2m50.0s), 03/28 VUs, 3347 complete and 0 interrupted iterations
restaurant_view_hotpath   [  56% ] 03/28 VUs  2m47.9s/5m0s  20.00 iters/s

running (2m51.0s), 04/28 VUs, 3366 complete and 0 interrupted iterations
restaurant_view_hotpath   [  56% ] 04/28 VUs  2m48.9s/5m0s  20.00 iters/s

running (2m52.0s), 06/28 VUs, 3384 complete and 0 interrupted iterations
restaurant_view_hotpath   [  57% ] 06/28 VUs  2m49.9s/5m0s  20.00 iters/s

running (2m53.0s), 03/28 VUs, 3407 complete and 0 interrupted iterations
restaurant_view_hotpath   [  57% ] 03/28 VUs  2m50.9s/5m0s  20.00 iters/s

running (2m54.0s), 08/28 VUs, 3422 complete and 0 interrupted iterations
restaurant_view_hotpath   [  57% ] 08/28 VUs  2m51.9s/5m0s  20.00 iters/s

running (2m55.0s), 04/28 VUs, 3446 complete and 0 interrupted iterations
restaurant_view_hotpath   [  58% ] 04/28 VUs  2m52.9s/5m0s  20.00 iters/s

running (2m56.0s), 03/28 VUs, 3467 complete and 0 interrupted iterations
restaurant_view_hotpath   [  58% ] 03/28 VUs  2m53.9s/5m0s  20.00 iters/s

running (2m57.0s), 04/28 VUs, 3486 complete and 0 interrupted iterations
restaurant_view_hotpath   [  58% ] 04/28 VUs  2m54.9s/5m0s  20.00 iters/s

running (2m58.0s), 04/28 VUs, 3506 complete and 0 interrupted iterations
restaurant_view_hotpath   [  59% ] 04/28 VUs  2m55.9s/5m0s  20.00 iters/s

running (2m59.0s), 13/28 VUs, 3517 complete and 0 interrupted iterations
restaurant_view_hotpath   [  59% ] 13/28 VUs  2m56.9s/5m0s  20.00 iters/s

running (3m00.0s), 13/28 VUs, 3537 complete and 0 interrupted iterations
restaurant_view_hotpath   [  59% ] 13/28 VUs  2m57.9s/5m0s  20.00 iters/s

running (3m01.0s), 28/29 VUs, 3541 complete and 0 interrupted iterations
restaurant_view_hotpath   [  60% ] 28/29 VUs  2m58.9s/5m0s  20.00 iters/s

running (3m02.0s), 30/32 VUs, 3556 complete and 0 interrupted iterations
restaurant_view_hotpath   [  60% ] 30/32 VUs  2m59.9s/5m0s  20.00 iters/s

running (3m03.0s), 26/33 VUs, 3579 complete and 0 interrupted iterations
restaurant_view_hotpath   [  60% ] 26/33 VUs  3m00.9s/5m0s  20.00 iters/s

running (3m04.0s), 17/33 VUs, 3608 complete and 0 interrupted iterations
restaurant_view_hotpath   [  61% ] 17/33 VUs  3m01.9s/5m0s  20.00 iters/s

running (3m05.0s), 09/33 VUs, 3636 complete and 0 interrupted iterations
restaurant_view_hotpath   [  61% ] 09/33 VUs  3m02.9s/5m0s  20.00 iters/s

running (3m06.0s), 03/33 VUs, 3662 complete and 0 interrupted iterations
restaurant_view_hotpath   [  61% ] 03/33 VUs  3m03.9s/5m0s  20.00 iters/s

running (3m07.0s), 04/33 VUs, 3681 complete and 0 interrupted iterations
restaurant_view_hotpath   [  62% ] 04/33 VUs  3m04.9s/5m0s  20.00 iters/s

running (3m08.0s), 04/33 VUs, 3701 complete and 0 interrupted iterations
restaurant_view_hotpath   [  62% ] 04/33 VUs  3m05.9s/5m0s  20.00 iters/s

running (3m09.0s), 03/33 VUs, 3722 complete and 0 interrupted iterations
restaurant_view_hotpath   [  62% ] 03/33 VUs  3m06.9s/5m0s  20.00 iters/s

running (3m10.0s), 03/33 VUs, 3742 complete and 0 interrupted iterations
restaurant_view_hotpath   [  63% ] 03/33 VUs  3m07.9s/5m0s  20.00 iters/s

running (3m11.0s), 03/33 VUs, 3762 complete and 0 interrupted iterations
restaurant_view_hotpath   [  63% ] 03/33 VUs  3m08.9s/5m0s  20.00 iters/s

running (3m12.0s), 04/33 VUs, 3781 complete and 0 interrupted iterations
restaurant_view_hotpath   [  63% ] 04/33 VUs  3m09.9s/5m0s  20.00 iters/s

running (3m13.0s), 04/33 VUs, 3801 complete and 0 interrupted iterations
restaurant_view_hotpath   [  64% ] 04/33 VUs  3m10.9s/5m0s  20.00 iters/s

running (3m14.0s), 03/33 VUs, 3822 complete and 0 interrupted iterations
restaurant_view_hotpath   [  64% ] 03/33 VUs  3m11.9s/5m0s  20.00 iters/s

running (3m15.0s), 04/33 VUs, 3841 complete and 0 interrupted iterations
restaurant_view_hotpath   [  64% ] 04/33 VUs  3m12.9s/5m0s  20.00 iters/s

running (3m16.0s), 05/33 VUs, 3860 complete and 0 interrupted iterations
restaurant_view_hotpath   [  65% ] 05/33 VUs  3m13.9s/5m0s  20.00 iters/s

running (3m17.0s), 04/33 VUs, 3881 complete and 0 interrupted iterations
restaurant_view_hotpath   [  65% ] 04/33 VUs  3m14.9s/5m0s  20.00 iters/s

running (3m18.0s), 06/33 VUs, 3899 complete and 0 interrupted iterations
restaurant_view_hotpath   [  65% ] 06/33 VUs  3m15.9s/5m0s  20.00 iters/s

running (3m19.0s), 06/33 VUs, 3919 complete and 0 interrupted iterations
restaurant_view_hotpath   [  66% ] 06/33 VUs  3m16.9s/5m0s  20.00 iters/s

running (3m20.0s), 03/33 VUs, 3942 complete and 0 interrupted iterations
restaurant_view_hotpath   [  66% ] 03/33 VUs  3m17.9s/5m0s  20.00 iters/s

running (3m21.0s), 04/33 VUs, 3961 complete and 0 interrupted iterations
restaurant_view_hotpath   [  66% ] 04/33 VUs  3m18.9s/5m0s  20.00 iters/s

running (3m22.0s), 05/33 VUs, 3980 complete and 0 interrupted iterations
restaurant_view_hotpath   [  67% ] 05/33 VUs  3m19.9s/5m0s  20.00 iters/s

running (3m23.0s), 03/33 VUs, 4002 complete and 0 interrupted iterations
restaurant_view_hotpath   [  67% ] 03/33 VUs  3m20.9s/5m0s  20.00 iters/s

running (3m24.0s), 04/33 VUs, 4021 complete and 0 interrupted iterations
restaurant_view_hotpath   [  67% ] 04/33 VUs  3m21.9s/5m0s  20.00 iters/s

running (3m25.0s), 03/33 VUs, 4042 complete and 0 interrupted iterations
restaurant_view_hotpath   [  68% ] 03/33 VUs  3m22.9s/5m0s  20.00 iters/s

running (3m26.0s), 03/33 VUs, 4062 complete and 0 interrupted iterations
restaurant_view_hotpath   [  68% ] 03/33 VUs  3m23.9s/5m0s  20.00 iters/s

running (3m27.0s), 03/33 VUs, 4082 complete and 0 interrupted iterations
restaurant_view_hotpath   [  68% ] 03/33 VUs  3m24.9s/5m0s  20.00 iters/s

running (3m28.0s), 03/33 VUs, 4102 complete and 0 interrupted iterations
restaurant_view_hotpath   [  69% ] 03/33 VUs  3m25.9s/5m0s  20.00 iters/s

running (3m29.0s), 04/33 VUs, 4121 complete and 0 interrupted iterations
restaurant_view_hotpath   [  69% ] 04/33 VUs  3m26.9s/5m0s  20.00 iters/s

running (3m30.0s), 04/33 VUs, 4141 complete and 0 interrupted iterations
restaurant_view_hotpath   [  69% ] 04/33 VUs  3m27.9s/5m0s  20.00 iters/s

running (3m31.0s), 05/33 VUs, 4160 complete and 0 interrupted iterations
restaurant_view_hotpath   [  70% ] 05/33 VUs  3m28.9s/5m0s  20.00 iters/s

running (3m32.0s), 04/33 VUs, 4181 complete and 0 interrupted iterations
restaurant_view_hotpath   [  70% ] 04/33 VUs  3m29.9s/5m0s  20.00 iters/s

running (3m33.0s), 06/33 VUs, 4199 complete and 0 interrupted iterations
restaurant_view_hotpath   [  70% ] 06/33 VUs  3m30.9s/5m0s  20.00 iters/s

running (3m34.0s), 11/33 VUs, 4214 complete and 0 interrupted iterations
restaurant_view_hotpath   [  71% ] 11/33 VUs  3m31.9s/5m0s  20.00 iters/s

running (3m35.0s), 05/33 VUs, 4240 complete and 0 interrupted iterations
restaurant_view_hotpath   [  71% ] 05/33 VUs  3m32.9s/5m0s  20.00 iters/s

running (3m36.0s), 04/33 VUs, 4261 complete and 0 interrupted iterations
restaurant_view_hotpath   [  71% ] 04/33 VUs  3m33.9s/5m0s  20.00 iters/s

running (3m37.0s), 03/33 VUs, 4282 complete and 0 interrupted iterations
restaurant_view_hotpath   [  72% ] 03/33 VUs  3m34.9s/5m0s  20.00 iters/s

running (3m38.0s), 03/33 VUs, 4302 complete and 0 interrupted iterations
restaurant_view_hotpath   [  72% ] 03/33 VUs  3m35.9s/5m0s  20.00 iters/s

running (3m39.0s), 03/33 VUs, 4322 complete and 0 interrupted iterations
restaurant_view_hotpath   [  72% ] 03/33 VUs  3m36.9s/5m0s  20.00 iters/s

running (3m40.0s), 04/33 VUs, 4341 complete and 0 interrupted iterations
restaurant_view_hotpath   [  73% ] 04/33 VUs  3m37.9s/5m0s  20.00 iters/s

running (3m41.0s), 05/33 VUs, 4360 complete and 0 interrupted iterations
restaurant_view_hotpath   [  73% ] 05/33 VUs  3m38.9s/5m0s  20.00 iters/s

running (3m42.0s), 04/33 VUs, 4381 complete and 0 interrupted iterations
restaurant_view_hotpath   [  73% ] 04/33 VUs  3m39.9s/5m0s  20.00 iters/s

running (3m43.0s), 03/33 VUs, 4402 complete and 0 interrupted iterations
restaurant_view_hotpath   [  74% ] 03/33 VUs  3m40.9s/5m0s  20.00 iters/s

running (3m44.0s), 04/33 VUs, 4421 complete and 0 interrupted iterations
restaurant_view_hotpath   [  74% ] 04/33 VUs  3m41.9s/5m0s  20.00 iters/s

running (3m45.0s), 03/33 VUs, 4442 complete and 0 interrupted iterations
restaurant_view_hotpath   [  74% ] 03/33 VUs  3m42.9s/5m0s  20.00 iters/s

running (3m46.0s), 04/33 VUs, 4461 complete and 0 interrupted iterations
restaurant_view_hotpath   [  75% ] 04/33 VUs  3m43.9s/5m0s  20.00 iters/s

running (3m47.0s), 04/33 VUs, 4481 complete and 0 interrupted iterations
restaurant_view_hotpath   [  75% ] 04/33 VUs  3m44.9s/5m0s  20.00 iters/s

running (3m48.0s), 03/33 VUs, 4502 complete and 0 interrupted iterations
restaurant_view_hotpath   [  75% ] 03/33 VUs  3m45.9s/5m0s  20.00 iters/s

running (3m49.0s), 03/33 VUs, 4522 complete and 0 interrupted iterations
restaurant_view_hotpath   [  76% ] 03/33 VUs  3m46.9s/5m0s  20.00 iters/s

running (3m50.0s), 04/33 VUs, 4541 complete and 0 interrupted iterations
restaurant_view_hotpath   [  76% ] 04/33 VUs  3m47.9s/5m0s  20.00 iters/s

running (3m51.0s), 03/33 VUs, 4562 complete and 0 interrupted iterations
restaurant_view_hotpath   [  76% ] 03/33 VUs  3m48.9s/5m0s  20.00 iters/s

running (3m52.0s), 03/33 VUs, 4582 complete and 0 interrupted iterations
restaurant_view_hotpath   [  77% ] 03/33 VUs  3m49.9s/5m0s  20.00 iters/s

running (3m53.0s), 03/33 VUs, 4602 complete and 0 interrupted iterations
restaurant_view_hotpath   [  77% ] 03/33 VUs  3m50.9s/5m0s  20.00 iters/s

running (3m54.0s), 06/33 VUs, 4619 complete and 0 interrupted iterations
restaurant_view_hotpath   [  77% ] 06/33 VUs  3m51.9s/5m0s  20.00 iters/s

running (3m55.0s), 03/33 VUs, 4642 complete and 0 interrupted iterations
restaurant_view_hotpath   [  78% ] 03/33 VUs  3m52.9s/5m0s  20.00 iters/s

running (3m56.0s), 04/33 VUs, 4661 complete and 0 interrupted iterations
restaurant_view_hotpath   [  78% ] 04/33 VUs  3m53.9s/5m0s  20.00 iters/s

running (3m57.0s), 03/33 VUs, 4682 complete and 0 interrupted iterations
restaurant_view_hotpath   [  78% ] 03/33 VUs  3m54.9s/5m0s  20.00 iters/s

running (3m58.0s), 03/33 VUs, 4702 complete and 0 interrupted iterations
restaurant_view_hotpath   [  79% ] 03/33 VUs  3m55.9s/5m0s  20.00 iters/s

running (3m59.0s), 11/33 VUs, 4714 complete and 0 interrupted iterations
restaurant_view_hotpath   [  79% ] 11/33 VUs  3m56.9s/5m0s  20.00 iters/s

running (4m00.0s), 11/33 VUs, 4734 complete and 0 interrupted iterations
restaurant_view_hotpath   [  79% ] 11/33 VUs  3m57.9s/5m0s  20.00 iters/s

running (4m01.0s), 29/33 VUs, 4736 complete and 0 interrupted iterations
restaurant_view_hotpath   [  80% ] 29/33 VUs  3m58.9s/5m0s  20.00 iters/s

running (4m02.0s), 32/35 VUs, 4751 complete and 0 interrupted iterations
restaurant_view_hotpath   [  80% ] 32/35 VUs  3m59.9s/5m0s  20.00 iters/s

running (4m03.0s), 23/35 VUs, 4780 complete and 0 interrupted iterations
restaurant_view_hotpath   [  80% ] 23/35 VUs  4m00.9s/5m0s  20.00 iters/s

running (4m04.0s), 15/35 VUs, 4808 complete and 0 interrupted iterations
restaurant_view_hotpath   [  81% ] 15/35 VUs  4m01.9s/5m0s  20.00 iters/s

running (4m05.0s), 13/35 VUs, 4830 complete and 0 interrupted iterations
restaurant_view_hotpath   [  81% ] 13/35 VUs  4m02.9s/5m0s  20.00 iters/s

running (4m06.0s), 07/35 VUs, 4856 complete and 0 interrupted iterations
restaurant_view_hotpath   [  81% ] 07/35 VUs  4m03.9s/5m0s  20.00 iters/s

running (4m07.0s), 04/35 VUs, 4879 complete and 0 interrupted iterations
restaurant_view_hotpath   [  82% ] 04/35 VUs  4m04.9s/5m0s  20.00 iters/s

running (4m08.0s), 04/35 VUs, 4899 complete and 0 interrupted iterations
restaurant_view_hotpath   [  82% ] 04/35 VUs  4m05.9s/5m0s  20.00 iters/s

running (4m09.0s), 04/35 VUs, 4919 complete and 0 interrupted iterations
restaurant_view_hotpath   [  82% ] 04/35 VUs  4m06.9s/5m0s  20.00 iters/s

running (4m10.0s), 04/35 VUs, 4939 complete and 0 interrupted iterations
restaurant_view_hotpath   [  83% ] 04/35 VUs  4m07.9s/5m0s  20.00 iters/s

running (4m11.0s), 04/35 VUs, 4959 complete and 0 interrupted iterations
restaurant_view_hotpath   [  83% ] 04/35 VUs  4m08.9s/5m0s  20.00 iters/s

running (4m12.0s), 04/35 VUs, 4979 complete and 0 interrupted iterations
restaurant_view_hotpath   [  83% ] 04/35 VUs  4m09.9s/5m0s  20.00 iters/s

running (4m13.0s), 05/35 VUs, 4998 complete and 0 interrupted iterations
restaurant_view_hotpath   [  84% ] 05/35 VUs  4m10.9s/5m0s  20.00 iters/s

running (4m14.0s), 04/35 VUs, 5019 complete and 0 interrupted iterations
restaurant_view_hotpath   [  84% ] 04/35 VUs  4m11.9s/5m0s  20.00 iters/s

running (4m15.0s), 03/35 VUs, 5040 complete and 0 interrupted iterations
restaurant_view_hotpath   [  84% ] 03/35 VUs  4m12.9s/5m0s  20.00 iters/s

running (4m16.0s), 03/35 VUs, 5060 complete and 0 interrupted iterations
restaurant_view_hotpath   [  85% ] 03/35 VUs  4m13.9s/5m0s  20.00 iters/s

running (4m17.0s), 03/35 VUs, 5080 complete and 0 interrupted iterations
restaurant_view_hotpath   [  85% ] 03/35 VUs  4m14.9s/5m0s  20.00 iters/s

running (4m18.0s), 04/35 VUs, 5099 complete and 0 interrupted iterations
restaurant_view_hotpath   [  85% ] 04/35 VUs  4m15.9s/5m0s  20.00 iters/s

running (4m19.0s), 05/35 VUs, 5118 complete and 0 interrupted iterations
restaurant_view_hotpath   [  86% ] 05/35 VUs  4m16.9s/5m0s  20.00 iters/s

running (4m20.0s), 05/35 VUs, 5138 complete and 0 interrupted iterations
restaurant_view_hotpath   [  86% ] 05/35 VUs  4m17.9s/5m0s  20.00 iters/s

running (4m21.0s), 03/35 VUs, 5160 complete and 0 interrupted iterations
restaurant_view_hotpath   [  86% ] 03/35 VUs  4m18.9s/5m0s  20.00 iters/s

running (4m22.0s), 04/35 VUs, 5179 complete and 0 interrupted iterations
restaurant_view_hotpath   [  87% ] 04/35 VUs  4m19.9s/5m0s  20.00 iters/s

running (4m23.0s), 04/35 VUs, 5199 complete and 0 interrupted iterations
restaurant_view_hotpath   [  87% ] 04/35 VUs  4m20.9s/5m0s  20.00 iters/s

running (4m24.0s), 07/35 VUs, 5216 complete and 0 interrupted iterations
restaurant_view_hotpath   [  87% ] 07/35 VUs  4m21.9s/5m0s  20.00 iters/s

running (4m25.0s), 04/35 VUs, 5239 complete and 0 interrupted iterations
restaurant_view_hotpath   [  88% ] 04/35 VUs  4m22.9s/5m0s  20.00 iters/s

running (4m26.0s), 04/35 VUs, 5259 complete and 0 interrupted iterations
restaurant_view_hotpath   [  88% ] 04/35 VUs  4m23.9s/5m0s  20.00 iters/s

running (4m27.0s), 03/35 VUs, 5280 complete and 0 interrupted iterations
restaurant_view_hotpath   [  88% ] 03/35 VUs  4m24.9s/5m0s  20.00 iters/s

running (4m28.0s), 04/35 VUs, 5299 complete and 0 interrupted iterations
restaurant_view_hotpath   [  89% ] 04/35 VUs  4m25.9s/5m0s  20.00 iters/s

running (4m29.0s), 04/35 VUs, 5319 complete and 0 interrupted iterations
restaurant_view_hotpath   [  89% ] 04/35 VUs  4m26.9s/5m0s  20.00 iters/s

running (4m30.0s), 04/35 VUs, 5339 complete and 0 interrupted iterations
restaurant_view_hotpath   [  89% ] 04/35 VUs  4m27.9s/5m0s  20.00 iters/s

running (4m31.0s), 04/35 VUs, 5359 complete and 0 interrupted iterations
restaurant_view_hotpath   [  90% ] 04/35 VUs  4m28.9s/5m0s  20.00 iters/s

running (4m32.0s), 04/35 VUs, 5379 complete and 0 interrupted iterations
restaurant_view_hotpath   [  90% ] 04/35 VUs  4m29.9s/5m0s  20.00 iters/s

running (4m33.0s), 04/35 VUs, 5399 complete and 0 interrupted iterations
restaurant_view_hotpath   [  90% ] 04/35 VUs  4m30.9s/5m0s  20.00 iters/s

running (4m34.0s), 04/35 VUs, 5419 complete and 0 interrupted iterations
restaurant_view_hotpath   [  91% ] 04/35 VUs  4m31.9s/5m0s  20.00 iters/s

running (4m35.0s), 04/35 VUs, 5439 complete and 0 interrupted iterations
restaurant_view_hotpath   [  91% ] 04/35 VUs  4m32.9s/5m0s  20.00 iters/s

running (4m36.0s), 03/35 VUs, 5460 complete and 0 interrupted iterations
restaurant_view_hotpath   [  91% ] 03/35 VUs  4m33.9s/5m0s  20.00 iters/s

running (4m37.0s), 03/35 VUs, 5480 complete and 0 interrupted iterations
restaurant_view_hotpath   [  92% ] 03/35 VUs  4m34.9s/5m0s  20.00 iters/s

running (4m38.0s), 04/35 VUs, 5499 complete and 0 interrupted iterations
restaurant_view_hotpath   [  92% ] 04/35 VUs  4m35.9s/5m0s  20.00 iters/s

running (4m39.0s), 03/35 VUs, 5520 complete and 0 interrupted iterations
restaurant_view_hotpath   [  92% ] 03/35 VUs  4m36.9s/5m0s  20.00 iters/s

running (4m40.0s), 04/35 VUs, 5539 complete and 0 interrupted iterations
restaurant_view_hotpath   [  93% ] 04/35 VUs  4m37.9s/5m0s  20.00 iters/s

running (4m41.0s), 04/35 VUs, 5559 complete and 0 interrupted iterations
restaurant_view_hotpath   [  93% ] 04/35 VUs  4m38.9s/5m0s  20.00 iters/s

running (4m42.0s), 03/35 VUs, 5580 complete and 0 interrupted iterations
restaurant_view_hotpath   [  93% ] 03/35 VUs  4m39.9s/5m0s  20.00 iters/s

running (4m43.0s), 03/35 VUs, 5600 complete and 0 interrupted iterations
restaurant_view_hotpath   [  94% ] 03/35 VUs  4m40.9s/5m0s  20.00 iters/s

running (4m44.0s), 04/35 VUs, 5619 complete and 0 interrupted iterations
restaurant_view_hotpath   [  94% ] 04/35 VUs  4m41.9s/5m0s  20.00 iters/s

running (4m45.0s), 04/35 VUs, 5639 complete and 0 interrupted iterations
restaurant_view_hotpath   [  94% ] 04/35 VUs  4m42.9s/5m0s  20.00 iters/s

running (4m46.0s), 04/35 VUs, 5659 complete and 0 interrupted iterations
restaurant_view_hotpath   [  95% ] 04/35 VUs  4m43.9s/5m0s  20.00 iters/s

running (4m47.0s), 05/35 VUs, 5678 complete and 0 interrupted iterations
restaurant_view_hotpath   [  95% ] 05/35 VUs  4m44.9s/5m0s  20.00 iters/s

running (4m48.0s), 03/35 VUs, 5700 complete and 0 interrupted iterations
restaurant_view_hotpath   [  95% ] 03/35 VUs  4m45.9s/5m0s  20.00 iters/s

running (4m49.0s), 03/35 VUs, 5720 complete and 0 interrupted iterations
restaurant_view_hotpath   [  96% ] 03/35 VUs  4m46.9s/5m0s  20.00 iters/s

running (4m50.0s), 04/35 VUs, 5739 complete and 0 interrupted iterations
restaurant_view_hotpath   [  96% ] 04/35 VUs  4m47.9s/5m0s  20.00 iters/s

running (4m51.0s), 03/35 VUs, 5760 complete and 0 interrupted iterations
restaurant_view_hotpath   [  96% ] 03/35 VUs  4m48.9s/5m0s  20.00 iters/s

running (4m52.0s), 04/35 VUs, 5779 complete and 0 interrupted iterations
restaurant_view_hotpath   [  97% ] 04/35 VUs  4m49.9s/5m0s  20.00 iters/s

running (4m53.0s), 03/35 VUs, 5800 complete and 0 interrupted iterations
restaurant_view_hotpath   [  97% ] 03/35 VUs  4m50.9s/5m0s  20.00 iters/s

running (4m54.0s), 04/35 VUs, 5819 complete and 0 interrupted iterations
restaurant_view_hotpath   [  97% ] 04/35 VUs  4m51.9s/5m0s  20.00 iters/s

running (4m55.0s), 05/35 VUs, 5838 complete and 0 interrupted iterations
restaurant_view_hotpath   [  98% ] 05/35 VUs  4m52.9s/5m0s  20.00 iters/s

running (4m56.0s), 03/35 VUs, 5860 complete and 0 interrupted iterations
restaurant_view_hotpath   [  98% ] 03/35 VUs  4m53.9s/5m0s  20.00 iters/s

running (4m57.0s), 04/35 VUs, 5879 complete and 0 interrupted iterations
restaurant_view_hotpath   [  98% ] 04/35 VUs  4m54.9s/5m0s  20.00 iters/s

running (4m58.0s), 03/35 VUs, 5900 complete and 0 interrupted iterations
restaurant_view_hotpath   [  99% ] 03/35 VUs  4m55.9s/5m0s  20.00 iters/s

running (4m59.0s), 12/35 VUs, 5911 complete and 0 interrupted iterations
restaurant_view_hotpath   [  99% ] 12/35 VUs  4m56.9s/5m0s  20.00 iters/s

running (5m00.0s), 15/35 VUs, 5928 complete and 0 interrupted iterations
restaurant_view_hotpath   [  99% ] 15/35 VUs  4m57.9s/5m0s  20.00 iters/s

running (5m01.0s), 33/35 VUs, 5930 complete and 0 interrupted iterations
restaurant_view_hotpath   [ 100% ] 33/35 VUs  4m58.9s/5m0s  20.00 iters/s

running (5m02.0s), 43/43 VUs, 5932 complete and 0 interrupted iterations
restaurant_view_hotpath   [ 100% ] 43/43 VUs  4m59.9s/5m0s  20.00 iters/s

running (5m03.0s), 22/45 VUs, 5954 complete and 0 interrupted iterations
restaurant_view_hotpath ↓ [ 100% ] 44/44 VUs  5m0s  20.00 iters/s


  █ TOTAL RESULTS 

    checks_total.......: 11952   39.357907/s
    checks_succeeded...: 100.00% 11952 out of 11952
    checks_failed......: 0.00%   0 out of 11952

    ✓ hotpath_dining_sessions status is 200
    ✓ hotpath_dining_sessions body.success is true

    HTTP
    http_req_duration..............: avg=299.22ms min=107.47ms med=203.68ms max=3.47s p(90)=456.67ms p(95)=802.66ms p(99)=1.7s
      { expected_response:true }...: avg=299.22ms min=107.47ms med=203.68ms max=3.47s p(90)=456.67ms p(95)=802.66ms p(99)=1.7s
    http_req_failed................: 0.00%  0 out of 5981
    http_reqs......................: 5981   19.695419/s

    EXECUTION
    dropped_iterations.............: 25     0.082325/s
    iteration_duration.............: avg=300.39ms min=149.48ms med=204.74ms max=3.47s p(90)=459.25ms p(95)=803.58ms p(99)=1.7s
    iterations.....................: 5976   19.678954/s
    vus............................: 22     min=0         max=43
    vus_max........................: 45     min=20        max=45

    NETWORK
    data_received..................: 110 MB 361 kB/s
    data_sent......................: 743 kB 2.4 kB/s




running (5m03.7s), 00/45 VUs, 5976 complete and 0 interrupted iterations
restaurant_view_hotpath ✓ [ 100% ] 00/45 VUs  5m0s  20.00 iters/s
