
         /\      Grafana   /‾‾/  
    /\  /  \     |\  __   /  /   
   /  \/    \    | |/ /  /   ‾‾\ 
  /          \   |   (  |  (‾)  |
 / __________ \  |_|\_\  \_____/ 


     execution: local
        script: k6/scenarios/peak-restaurant-view.js
        output: -

     scenarios: (100.00%) 1 scenario, 5 max VUs, 50s max duration (incl. graceful stop):
              * peak_restaurant_view: 1.00 iterations/s for 20s (maxVUs: 2-5, gracefulStop: 30s)


Run                    [ 100% ] setup()
peak_restaurant_view   [   0% ]

running (02.0s), 0/2 VUs, 1 complete and 0 interrupted iterations
peak_restaurant_view   [   5% ] 0/2 VUs  01.0s/20s  1.00 iters/s

running (03.0s), 0/2 VUs, 2 complete and 0 interrupted iterations
peak_restaurant_view   [  10% ] 0/2 VUs  02.0s/20s  1.00 iters/s

running (04.0s), 0/2 VUs, 3 complete and 0 interrupted iterations
peak_restaurant_view   [  15% ] 0/2 VUs  03.0s/20s  1.00 iters/s

running (05.0s), 0/2 VUs, 4 complete and 0 interrupted iterations
peak_restaurant_view   [  20% ] 0/2 VUs  04.0s/20s  1.00 iters/s

running (06.0s), 0/2 VUs, 5 complete and 0 interrupted iterations
peak_restaurant_view   [  25% ] 0/2 VUs  05.0s/20s  1.00 iters/s

running (07.0s), 0/2 VUs, 6 complete and 0 interrupted iterations
peak_restaurant_view   [  30% ] 0/2 VUs  06.0s/20s  1.00 iters/s

running (08.0s), 0/2 VUs, 7 complete and 0 interrupted iterations
peak_restaurant_view   [  35% ] 0/2 VUs  07.0s/20s  1.00 iters/s

running (09.0s), 0/2 VUs, 8 complete and 0 interrupted iterations
peak_restaurant_view   [  40% ] 0/2 VUs  08.0s/20s  1.00 iters/s

running (10.0s), 0/2 VUs, 9 complete and 0 interrupted iterations
peak_restaurant_view   [  45% ] 0/2 VUs  09.0s/20s  1.00 iters/s

running (11.0s), 0/2 VUs, 10 complete and 0 interrupted iterations
peak_restaurant_view   [  50% ] 0/2 VUs  10.0s/20s  1.00 iters/s

running (12.0s), 0/2 VUs, 11 complete and 0 interrupted iterations
peak_restaurant_view   [  55% ] 0/2 VUs  11.0s/20s  1.00 iters/s

running (13.0s), 0/2 VUs, 12 complete and 0 interrupted iterations
peak_restaurant_view   [  60% ] 0/2 VUs  12.0s/20s  1.00 iters/s

running (14.0s), 0/2 VUs, 13 complete and 0 interrupted iterations
peak_restaurant_view   [  65% ] 0/2 VUs  13.0s/20s  1.00 iters/s

running (15.0s), 0/2 VUs, 14 complete and 0 interrupted iterations
peak_restaurant_view   [  70% ] 0/2 VUs  14.0s/20s  1.00 iters/s

running (16.0s), 0/2 VUs, 15 complete and 0 interrupted iterations
peak_restaurant_view   [  75% ] 0/2 VUs  15.0s/20s  1.00 iters/s

running (17.0s), 0/2 VUs, 16 complete and 0 interrupted iterations
peak_restaurant_view   [  80% ] 0/2 VUs  16.0s/20s  1.00 iters/s

running (18.0s), 0/2 VUs, 17 complete and 0 interrupted iterations
peak_restaurant_view   [  85% ] 0/2 VUs  17.0s/20s  1.00 iters/s

running (19.0s), 0/2 VUs, 18 complete and 0 interrupted iterations
peak_restaurant_view   [  90% ] 0/2 VUs  18.0s/20s  1.00 iters/s

running (20.0s), 0/2 VUs, 19 complete and 0 interrupted iterations
peak_restaurant_view   [  95% ] 0/2 VUs  19.0s/20s  1.00 iters/s

running (21.0s), 0/2 VUs, 20 complete and 0 interrupted iterations
peak_restaurant_view   [ 100% ] 0/2 VUs  20.0s/20s  1.00 iters/s


  █ TOTAL RESULTS 

    checks_total.......: 84      3.965643/s
    checks_succeeded...: 100.00% 84 out of 84
    checks_failed......: 0.00%   0 out of 84

    ✓ peak_restaurant_detail status is 200
    ✓ peak_restaurant_detail body.success is true
    ✓ peak_dining_sessions status is 200
    ✓ peak_dining_sessions body.success is true

    HTTP
    http_req_duration..............: avg=109.04ms min=7.56ms   med=140.12ms max=369.62ms p(90)=230.2ms  p(95)=292.46ms
      { expected_response:true }...: avg=109.04ms min=7.56ms   med=140.12ms max=369.62ms p(90)=230.2ms  p(95)=292.46ms
    http_req_failed................: 0.00%  0 out of 47
    http_reqs......................: 47     2.218872/s

    EXECUTION
    iteration_duration.............: avg=197.66ms min=153.72ms med=182.98ms max=375.98ms p(90)=224.97ms p(95)=274.88ms
    iterations.....................: 21     0.991411/s
    vus............................: 0      min=0       max=0
    vus_max........................: 2      min=2       max=2

    NETWORK
    data_received..................: 407 kB 19 kB/s
    data_sent......................: 6.4 kB 302 B/s




running (21.2s), 0/2 VUs, 21 complete and 0 interrupted iterations
peak_restaurant_view ✓ [ 100% ] 0/2 VUs  20s  1.00 iters/s
