
         /\      Grafana   /‾‾/  
    /\  /  \     |\  __   /  /   
   /  \/    \    | |/ /  /   ‾‾\ 
  /          \   |   (  |  (‾)  |
 / __________ \  |_|\_\  \_____/ 


     execution: local
        script: k6/scenarios/peak-restaurant-view.js
        output: -

     scenarios: (100.00%) 1 scenario, 60 max VUs, 5m30s max duration (incl. graceful stop):
              * peak_restaurant_view: 20.00 iterations/s for 5m0s (maxVUs: 20-60, gracefulStop: 30s)


running (0m01.0s), 08/20 VUs, 3 complete and 0 interrupted iterations
peak_restaurant_view   [   0% ] 08/20 VUs  0m00.5s/5m0s  20.00 iters/s

running (0m02.0s), 13/20 VUs, 18 complete and 0 interrupted iterations
peak_restaurant_view   [   1% ] 13/20 VUs  0m01.5s/5m0s  20.00 iters/s

running (0m03.0s), 14/20 VUs, 37 complete and 0 interrupted iterations
peak_restaurant_view   [   1% ] 14/20 VUs  0m02.5s/5m0s  20.00 iters/s

running (0m04.0s), 13/20 VUs, 58 complete and 0 interrupted iterations
peak_restaurant_view   [   1% ] 13/20 VUs  0m03.5s/5m0s  20.00 iters/s

running (0m05.0s), 14/20 VUs, 77 complete and 0 interrupted iterations
peak_restaurant_view   [   2% ] 14/20 VUs  0m04.5s/5m0s  20.00 iters/s

running (0m06.0s), 13/20 VUs, 98 complete and 0 interrupted iterations
peak_restaurant_view   [   2% ] 13/20 VUs  0m05.5s/5m0s  20.00 iters/s

running (0m07.0s), 11/20 VUs, 120 complete and 0 interrupted iterations
peak_restaurant_view   [   2% ] 11/20 VUs  0m06.5s/5m0s  20.00 iters/s

running (0m08.0s), 11/20 VUs, 140 complete and 0 interrupted iterations
peak_restaurant_view   [   3% ] 11/20 VUs  0m07.5s/5m0s  20.00 iters/s

running (0m09.0s), 10/20 VUs, 161 complete and 0 interrupted iterations
peak_restaurant_view   [   3% ] 10/20 VUs  0m08.5s/5m0s  20.00 iters/s

running (0m10.0s), 09/20 VUs, 182 complete and 0 interrupted iterations
peak_restaurant_view   [   3% ] 09/20 VUs  0m09.5s/5m0s  20.00 iters/s

running (0m11.0s), 13/20 VUs, 198 complete and 0 interrupted iterations
peak_restaurant_view   [   4% ] 13/20 VUs  0m10.5s/5m0s  20.00 iters/s

running (0m12.0s), 13/20 VUs, 218 complete and 0 interrupted iterations
peak_restaurant_view   [   4% ] 13/20 VUs  0m11.5s/5m0s  20.00 iters/s

running (0m13.0s), 12/20 VUs, 239 complete and 0 interrupted iterations
peak_restaurant_view   [   4% ] 12/20 VUs  0m12.5s/5m0s  20.00 iters/s

running (0m14.0s), 12/20 VUs, 259 complete and 0 interrupted iterations
peak_restaurant_view   [   5% ] 12/20 VUs  0m13.5s/5m0s  20.00 iters/s

running (0m15.0s), 10/20 VUs, 281 complete and 0 interrupted iterations
peak_restaurant_view   [   5% ] 10/20 VUs  0m14.5s/5m0s  20.00 iters/s

running (0m16.0s), 07/20 VUs, 304 complete and 0 interrupted iterations
peak_restaurant_view   [   5% ] 07/20 VUs  0m15.5s/5m0s  20.00 iters/s

running (0m17.0s), 08/20 VUs, 323 complete and 0 interrupted iterations
peak_restaurant_view   [   6% ] 08/20 VUs  0m16.5s/5m0s  20.00 iters/s

running (0m18.0s), 08/20 VUs, 343 complete and 0 interrupted iterations
peak_restaurant_view   [   6% ] 08/20 VUs  0m17.5s/5m0s  20.00 iters/s

running (0m19.0s), 08/20 VUs, 363 complete and 0 interrupted iterations
peak_restaurant_view   [   6% ] 08/20 VUs  0m18.5s/5m0s  20.00 iters/s

running (0m20.0s), 08/20 VUs, 383 complete and 0 interrupted iterations
peak_restaurant_view   [   7% ] 08/20 VUs  0m19.5s/5m0s  20.00 iters/s

running (0m21.0s), 07/20 VUs, 404 complete and 0 interrupted iterations
peak_restaurant_view   [   7% ] 07/20 VUs  0m20.5s/5m0s  20.00 iters/s

running (0m22.0s), 08/20 VUs, 423 complete and 0 interrupted iterations
peak_restaurant_view   [   7% ] 08/20 VUs  0m21.5s/5m0s  20.00 iters/s

running (0m23.0s), 06/20 VUs, 445 complete and 0 interrupted iterations
peak_restaurant_view   [   8% ] 06/20 VUs  0m22.5s/5m0s  20.00 iters/s

running (0m24.0s), 06/20 VUs, 465 complete and 0 interrupted iterations
peak_restaurant_view   [   8% ] 06/20 VUs  0m23.5s/5m0s  20.00 iters/s

running (0m25.0s), 08/20 VUs, 483 complete and 0 interrupted iterations
peak_restaurant_view   [   8% ] 08/20 VUs  0m24.5s/5m0s  20.00 iters/s

running (0m26.0s), 05/20 VUs, 506 complete and 0 interrupted iterations
peak_restaurant_view   [   9% ] 05/20 VUs  0m25.5s/5m0s  20.00 iters/s

running (0m27.0s), 06/20 VUs, 525 complete and 0 interrupted iterations
peak_restaurant_view   [   9% ] 06/20 VUs  0m26.5s/5m0s  20.00 iters/s

running (0m28.0s), 06/20 VUs, 545 complete and 0 interrupted iterations
peak_restaurant_view   [   9% ] 06/20 VUs  0m27.5s/5m0s  20.00 iters/s

running (0m29.0s), 07/20 VUs, 564 complete and 0 interrupted iterations
peak_restaurant_view   [  10% ] 07/20 VUs  0m28.5s/5m0s  20.00 iters/s

running (0m30.0s), 06/20 VUs, 585 complete and 0 interrupted iterations
peak_restaurant_view   [  10% ] 06/20 VUs  0m29.5s/5m0s  20.00 iters/s

running (0m31.0s), 06/20 VUs, 605 complete and 0 interrupted iterations
peak_restaurant_view   [  10% ] 06/20 VUs  0m30.5s/5m0s  20.00 iters/s

running (0m32.0s), 06/20 VUs, 625 complete and 0 interrupted iterations
peak_restaurant_view   [  11% ] 06/20 VUs  0m31.5s/5m0s  20.00 iters/s

running (0m33.0s), 05/20 VUs, 646 complete and 0 interrupted iterations
peak_restaurant_view   [  11% ] 05/20 VUs  0m32.5s/5m0s  20.00 iters/s

running (0m34.0s), 05/20 VUs, 666 complete and 0 interrupted iterations
peak_restaurant_view   [  11% ] 05/20 VUs  0m33.5s/5m0s  20.00 iters/s

running (0m35.0s), 05/20 VUs, 686 complete and 0 interrupted iterations
peak_restaurant_view   [  12% ] 05/20 VUs  0m34.5s/5m0s  20.00 iters/s

running (0m36.0s), 07/20 VUs, 704 complete and 0 interrupted iterations
peak_restaurant_view   [  12% ] 07/20 VUs  0m35.5s/5m0s  20.00 iters/s

running (0m37.0s), 05/20 VUs, 726 complete and 0 interrupted iterations
peak_restaurant_view   [  12% ] 05/20 VUs  0m36.5s/5m0s  20.00 iters/s

running (0m38.0s), 07/20 VUs, 744 complete and 0 interrupted iterations
peak_restaurant_view   [  13% ] 07/20 VUs  0m37.5s/5m0s  20.00 iters/s

running (0m39.0s), 05/20 VUs, 766 complete and 0 interrupted iterations
peak_restaurant_view   [  13% ] 05/20 VUs  0m38.5s/5m0s  20.00 iters/s

running (0m40.0s), 05/20 VUs, 786 complete and 0 interrupted iterations
peak_restaurant_view   [  13% ] 05/20 VUs  0m39.5s/5m0s  20.00 iters/s

running (0m41.0s), 11/20 VUs, 800 complete and 0 interrupted iterations
peak_restaurant_view   [  14% ] 11/20 VUs  0m40.5s/5m0s  20.00 iters/s

running (0m42.0s), 19/20 VUs, 812 complete and 0 interrupted iterations
peak_restaurant_view   [  14% ] 19/20 VUs  0m41.5s/5m0s  20.00 iters/s

running (0m43.0s), 23/26 VUs, 822 complete and 0 interrupted iterations
peak_restaurant_view   [  14% ] 23/26 VUs  0m42.5s/5m0s  20.00 iters/s

running (0m44.0s), 17/26 VUs, 848 complete and 0 interrupted iterations
peak_restaurant_view   [  15% ] 17/26 VUs  0m43.5s/5m0s  20.00 iters/s

running (0m45.0s), 14/26 VUs, 871 complete and 0 interrupted iterations
peak_restaurant_view   [  15% ] 14/26 VUs  0m44.5s/5m0s  20.00 iters/s

running (0m46.0s), 07/26 VUs, 898 complete and 0 interrupted iterations
peak_restaurant_view   [  15% ] 07/26 VUs  0m45.5s/5m0s  20.00 iters/s

running (0m47.0s), 05/26 VUs, 920 complete and 0 interrupted iterations
peak_restaurant_view   [  16% ] 05/26 VUs  0m46.5s/5m0s  20.00 iters/s

running (0m48.0s), 05/26 VUs, 940 complete and 0 interrupted iterations
peak_restaurant_view   [  16% ] 05/26 VUs  0m47.5s/5m0s  20.00 iters/s

running (0m49.0s), 05/26 VUs, 960 complete and 0 interrupted iterations
peak_restaurant_view   [  16% ] 05/26 VUs  0m48.5s/5m0s  20.00 iters/s

running (0m50.0s), 05/26 VUs, 980 complete and 0 interrupted iterations
peak_restaurant_view   [  17% ] 05/26 VUs  0m49.5s/5m0s  20.00 iters/s

running (0m51.0s), 07/26 VUs, 998 complete and 0 interrupted iterations
peak_restaurant_view   [  17% ] 07/26 VUs  0m50.5s/5m0s  20.00 iters/s

running (0m52.0s), 05/26 VUs, 1020 complete and 0 interrupted iterations
peak_restaurant_view   [  17% ] 05/26 VUs  0m51.5s/5m0s  20.00 iters/s

running (0m53.0s), 06/26 VUs, 1039 complete and 0 interrupted iterations
peak_restaurant_view   [  18% ] 06/26 VUs  0m52.5s/5m0s  20.00 iters/s
time="2026-08-12T10:39:13+09:00" level=warning msg="Request Failed" error="Get \"http://15.164.48.39:8080/api/restaurants/7\": dial tcp 15.164.48.39:8080: connect: network is down"
time="2026-08-12T10:39:13+09:00" level=warning msg="Request Failed" error="Get \"http://15.164.48.39:8080/api/restaurants/7/dining-sessions?date=2026-08-13\": dial tcp 15.164.48.39:8080: connect: network is down"
time="2026-08-12T10:39:13+09:00" level=warning msg="Request Failed" error="Get \"http://15.164.48.39:8080/api/restaurants/7\": dial tcp 15.164.48.39:8080: connect: network is down"
time="2026-08-12T10:39:13+09:00" level=warning msg="Request Failed" error="Get \"http://15.164.48.39:8080/api/restaurants/7/dining-sessions?date=2026-08-13\": dial tcp 15.164.48.39:8080: connect: network is down"
time="2026-08-12T10:39:13+09:00" level=warning msg="Request Failed" error="Get \"http://15.164.48.39:8080/api/restaurants/7\": dial tcp 15.164.48.39:8080: connect: network is down"

running (0m54.0s), 05/26 VUs, 1060 complete and 0 interrupted iterations
peak_restaurant_view   [  18% ] 05/26 VUs  0m53.5s/5m0s  20.00 iters/s

running (0m55.0s), 05/26 VUs, 1080 complete and 0 interrupted iterations
peak_restaurant_view   [  18% ] 05/26 VUs  0m54.5s/5m0s  20.00 iters/s

running (0m56.0s), 06/26 VUs, 1099 complete and 0 interrupted iterations
peak_restaurant_view   [  19% ] 06/26 VUs  0m55.5s/5m0s  20.00 iters/s

running (0m57.0s), 06/26 VUs, 1119 complete and 0 interrupted iterations
peak_restaurant_view   [  19% ] 06/26 VUs  0m56.5s/5m0s  20.00 iters/s

running (0m58.0s), 05/26 VUs, 1140 complete and 0 interrupted iterations
peak_restaurant_view   [  19% ] 05/26 VUs  0m57.5s/5m0s  20.00 iters/s

running (0m59.0s), 06/26 VUs, 1159 complete and 0 interrupted iterations
peak_restaurant_view   [  20% ] 06/26 VUs  0m58.5s/5m0s  20.00 iters/s

running (1m00.0s), 06/26 VUs, 1179 complete and 0 interrupted iterations
peak_restaurant_view   [  20% ] 06/26 VUs  0m59.5s/5m0s  20.00 iters/s

running (1m01.0s), 07/26 VUs, 1198 complete and 0 interrupted iterations
peak_restaurant_view   [  20% ] 07/26 VUs  1m00.5s/5m0s  20.00 iters/s

running (1m02.0s), 05/26 VUs, 1220 complete and 0 interrupted iterations
peak_restaurant_view   [  21% ] 05/26 VUs  1m01.5s/5m0s  20.00 iters/s

running (1m03.0s), 05/26 VUs, 1240 complete and 0 interrupted iterations
peak_restaurant_view   [  21% ] 05/26 VUs  1m02.5s/5m0s  20.00 iters/s

running (1m04.0s), 05/26 VUs, 1260 complete and 0 interrupted iterations
peak_restaurant_view   [  21% ] 05/26 VUs  1m03.5s/5m0s  20.00 iters/s

running (1m05.0s), 05/26 VUs, 1280 complete and 0 interrupted iterations
peak_restaurant_view   [  22% ] 05/26 VUs  1m04.5s/5m0s  20.00 iters/s

running (1m06.0s), 05/26 VUs, 1300 complete and 0 interrupted iterations
peak_restaurant_view   [  22% ] 05/26 VUs  1m05.5s/5m0s  20.00 iters/s

running (1m07.0s), 06/26 VUs, 1319 complete and 0 interrupted iterations
peak_restaurant_view   [  22% ] 06/26 VUs  1m06.5s/5m0s  20.00 iters/s

running (1m08.0s), 06/26 VUs, 1339 complete and 0 interrupted iterations
peak_restaurant_view   [  23% ] 06/26 VUs  1m07.5s/5m0s  20.00 iters/s

running (1m09.0s), 05/26 VUs, 1360 complete and 0 interrupted iterations
peak_restaurant_view   [  23% ] 05/26 VUs  1m08.5s/5m0s  20.00 iters/s

running (1m10.0s), 05/26 VUs, 1380 complete and 0 interrupted iterations
peak_restaurant_view   [  23% ] 05/26 VUs  1m09.5s/5m0s  20.00 iters/s

running (1m11.0s), 07/26 VUs, 1398 complete and 0 interrupted iterations
peak_restaurant_view   [  24% ] 07/26 VUs  1m10.5s/5m0s  20.00 iters/s

running (1m12.0s), 05/26 VUs, 1420 complete and 0 interrupted iterations
peak_restaurant_view   [  24% ] 05/26 VUs  1m11.5s/5m0s  20.00 iters/s

running (1m13.0s), 05/26 VUs, 1440 complete and 0 interrupted iterations
peak_restaurant_view   [  24% ] 05/26 VUs  1m12.5s/5m0s  20.00 iters/s

running (1m14.0s), 06/26 VUs, 1459 complete and 0 interrupted iterations
peak_restaurant_view   [  25% ] 06/26 VUs  1m13.5s/5m0s  20.00 iters/s

running (1m15.0s), 05/26 VUs, 1480 complete and 0 interrupted iterations
peak_restaurant_view   [  25% ] 05/26 VUs  1m14.5s/5m0s  20.00 iters/s

running (1m16.0s), 05/26 VUs, 1500 complete and 0 interrupted iterations
peak_restaurant_view   [  25% ] 05/26 VUs  1m15.5s/5m0s  20.00 iters/s

running (1m17.0s), 05/26 VUs, 1520 complete and 0 interrupted iterations
peak_restaurant_view   [  26% ] 05/26 VUs  1m16.5s/5m0s  20.00 iters/s

running (1m18.0s), 05/26 VUs, 1540 complete and 0 interrupted iterations
peak_restaurant_view   [  26% ] 05/26 VUs  1m17.5s/5m0s  20.00 iters/s

running (1m19.0s), 05/26 VUs, 1560 complete and 0 interrupted iterations
peak_restaurant_view   [  26% ] 05/26 VUs  1m18.5s/5m0s  20.00 iters/s

running (1m20.0s), 05/26 VUs, 1580 complete and 0 interrupted iterations
peak_restaurant_view   [  27% ] 05/26 VUs  1m19.5s/5m0s  20.00 iters/s

running (1m21.0s), 05/26 VUs, 1600 complete and 0 interrupted iterations
peak_restaurant_view   [  27% ] 05/26 VUs  1m20.5s/5m0s  20.00 iters/s

running (1m22.0s), 05/26 VUs, 1620 complete and 0 interrupted iterations
peak_restaurant_view   [  27% ] 05/26 VUs  1m21.5s/5m0s  20.00 iters/s

running (1m23.0s), 05/26 VUs, 1640 complete and 0 interrupted iterations
peak_restaurant_view   [  28% ] 05/26 VUs  1m22.5s/5m0s  20.00 iters/s

running (1m24.0s), 05/26 VUs, 1660 complete and 0 interrupted iterations
peak_restaurant_view   [  28% ] 05/26 VUs  1m23.5s/5m0s  20.00 iters/s

running (1m25.0s), 05/26 VUs, 1680 complete and 0 interrupted iterations
peak_restaurant_view   [  28% ] 05/26 VUs  1m24.5s/5m0s  20.00 iters/s

running (1m26.0s), 06/26 VUs, 1699 complete and 0 interrupted iterations
peak_restaurant_view   [  29% ] 06/26 VUs  1m25.5s/5m0s  20.00 iters/s

running (1m27.0s), 08/26 VUs, 1717 complete and 0 interrupted iterations
peak_restaurant_view   [  29% ] 08/26 VUs  1m26.5s/5m0s  20.00 iters/s

running (1m28.0s), 06/26 VUs, 1739 complete and 0 interrupted iterations
peak_restaurant_view   [  29% ] 06/26 VUs  1m27.5s/5m0s  20.00 iters/s

running (1m29.0s), 06/26 VUs, 1759 complete and 0 interrupted iterations
peak_restaurant_view   [  30% ] 06/26 VUs  1m28.5s/5m0s  20.00 iters/s

running (1m30.0s), 05/26 VUs, 1780 complete and 0 interrupted iterations
peak_restaurant_view   [  30% ] 05/26 VUs  1m29.5s/5m0s  20.00 iters/s

running (1m31.0s), 05/26 VUs, 1800 complete and 0 interrupted iterations
peak_restaurant_view   [  30% ] 05/26 VUs  1m30.5s/5m0s  20.00 iters/s

running (1m32.0s), 04/26 VUs, 1821 complete and 0 interrupted iterations
peak_restaurant_view   [  31% ] 04/26 VUs  1m31.5s/5m0s  20.00 iters/s

running (1m33.0s), 05/26 VUs, 1840 complete and 0 interrupted iterations
peak_restaurant_view   [  31% ] 05/26 VUs  1m32.5s/5m0s  20.00 iters/s

running (1m34.0s), 05/26 VUs, 1860 complete and 0 interrupted iterations
peak_restaurant_view   [  31% ] 05/26 VUs  1m33.5s/5m0s  20.00 iters/s

running (1m35.0s), 05/26 VUs, 1880 complete and 0 interrupted iterations
peak_restaurant_view   [  32% ] 05/26 VUs  1m34.5s/5m0s  20.00 iters/s

running (1m36.0s), 05/26 VUs, 1900 complete and 0 interrupted iterations
peak_restaurant_view   [  32% ] 05/26 VUs  1m35.5s/5m0s  20.00 iters/s

running (1m37.0s), 05/26 VUs, 1920 complete and 0 interrupted iterations
peak_restaurant_view   [  32% ] 05/26 VUs  1m36.5s/5m0s  20.00 iters/s

running (1m38.0s), 05/26 VUs, 1940 complete and 0 interrupted iterations
peak_restaurant_view   [  33% ] 05/26 VUs  1m37.5s/5m0s  20.00 iters/s

running (1m39.0s), 04/26 VUs, 1961 complete and 0 interrupted iterations
peak_restaurant_view   [  33% ] 04/26 VUs  1m38.5s/5m0s  20.00 iters/s

running (1m40.0s), 04/26 VUs, 1981 complete and 0 interrupted iterations
peak_restaurant_view   [  33% ] 04/26 VUs  1m39.5s/5m0s  20.00 iters/s

running (1m41.0s), 18/26 VUs, 1987 complete and 0 interrupted iterations
peak_restaurant_view   [  34% ] 18/26 VUs  1m40.5s/5m0s  20.00 iters/s

running (1m42.0s), 27/27 VUs, 1997 complete and 0 interrupted iterations
peak_restaurant_view   [  34% ] 27/27 VUs  1m41.5s/5m0s  20.00 iters/s

running (1m43.0s), 31/35 VUs, 2005 complete and 0 interrupted iterations
peak_restaurant_view   [  34% ] 31/35 VUs  1m42.5s/5m0s  20.00 iters/s

running (1m44.0s), 36/38 VUs, 2017 complete and 0 interrupted iterations
peak_restaurant_view   [  35% ] 36/38 VUs  1m43.5s/5m0s  20.00 iters/s

running (1m45.0s), 28/38 VUs, 2045 complete and 0 interrupted iterations
peak_restaurant_view   [  35% ] 28/38 VUs  1m44.5s/5m0s  20.00 iters/s

running (1m46.0s), 26/38 VUs, 2067 complete and 0 interrupted iterations
peak_restaurant_view   [  35% ] 26/38 VUs  1m45.5s/5m0s  20.00 iters/s

running (1m47.0s), 17/38 VUs, 2096 complete and 0 interrupted iterations
peak_restaurant_view   [  36% ] 17/38 VUs  1m46.5s/5m0s  20.00 iters/s

running (1m48.0s), 15/38 VUs, 2118 complete and 0 interrupted iterations
peak_restaurant_view   [  36% ] 15/38 VUs  1m47.5s/5m0s  20.00 iters/s

running (1m49.0s), 08/38 VUs, 2145 complete and 0 interrupted iterations
peak_restaurant_view   [  36% ] 08/38 VUs  1m48.5s/5m0s  20.00 iters/s

running (1m50.0s), 05/38 VUs, 2168 complete and 0 interrupted iterations
peak_restaurant_view   [  37% ] 05/38 VUs  1m49.5s/5m0s  20.00 iters/s

running (1m51.0s), 05/38 VUs, 2188 complete and 0 interrupted iterations
peak_restaurant_view   [  37% ] 05/38 VUs  1m50.5s/5m0s  20.00 iters/s

running (1m52.0s), 05/38 VUs, 2208 complete and 0 interrupted iterations
peak_restaurant_view   [  37% ] 05/38 VUs  1m51.5s/5m0s  20.00 iters/s

running (1m53.0s), 07/38 VUs, 2226 complete and 0 interrupted iterations
peak_restaurant_view   [  38% ] 07/38 VUs  1m52.5s/5m0s  20.00 iters/s

running (1m54.0s), 05/38 VUs, 2248 complete and 0 interrupted iterations
peak_restaurant_view   [  38% ] 05/38 VUs  1m53.5s/5m0s  20.00 iters/s

running (1m55.0s), 06/38 VUs, 2267 complete and 0 interrupted iterations
peak_restaurant_view   [  38% ] 06/38 VUs  1m54.5s/5m0s  20.00 iters/s

running (1m56.0s), 05/38 VUs, 2288 complete and 0 interrupted iterations
peak_restaurant_view   [  39% ] 05/38 VUs  1m55.5s/5m0s  20.00 iters/s

running (1m57.0s), 05/38 VUs, 2308 complete and 0 interrupted iterations
peak_restaurant_view   [  39% ] 05/38 VUs  1m56.5s/5m0s  20.00 iters/s

running (1m58.0s), 06/38 VUs, 2327 complete and 0 interrupted iterations
peak_restaurant_view   [  39% ] 06/38 VUs  1m57.5s/5m0s  20.00 iters/s

running (1m59.0s), 05/38 VUs, 2348 complete and 0 interrupted iterations
peak_restaurant_view   [  40% ] 05/38 VUs  1m58.5s/5m0s  20.00 iters/s

running (2m00.0s), 05/38 VUs, 2368 complete and 0 interrupted iterations
peak_restaurant_view   [  40% ] 05/38 VUs  1m59.5s/5m0s  20.00 iters/s

running (2m01.0s), 05/38 VUs, 2388 complete and 0 interrupted iterations
peak_restaurant_view   [  40% ] 05/38 VUs  2m00.5s/5m0s  20.00 iters/s

running (2m02.0s), 07/38 VUs, 2406 complete and 0 interrupted iterations
peak_restaurant_view   [  41% ] 07/38 VUs  2m01.5s/5m0s  20.00 iters/s

running (2m03.0s), 05/38 VUs, 2428 complete and 0 interrupted iterations
peak_restaurant_view   [  41% ] 05/38 VUs  2m02.5s/5m0s  20.00 iters/s

running (2m04.0s), 05/38 VUs, 2448 complete and 0 interrupted iterations
peak_restaurant_view   [  41% ] 05/38 VUs  2m03.5s/5m0s  20.00 iters/s

running (2m05.0s), 06/38 VUs, 2467 complete and 0 interrupted iterations
peak_restaurant_view   [  42% ] 06/38 VUs  2m04.5s/5m0s  20.00 iters/s

running (2m06.0s), 05/38 VUs, 2488 complete and 0 interrupted iterations
peak_restaurant_view   [  42% ] 05/38 VUs  2m05.5s/5m0s  20.00 iters/s

running (2m07.0s), 07/38 VUs, 2506 complete and 0 interrupted iterations
peak_restaurant_view   [  42% ] 07/38 VUs  2m06.5s/5m0s  20.00 iters/s

running (2m08.0s), 08/38 VUs, 2525 complete and 0 interrupted iterations
peak_restaurant_view   [  43% ] 08/38 VUs  2m07.5s/5m0s  20.00 iters/s

running (2m09.0s), 08/38 VUs, 2545 complete and 0 interrupted iterations
peak_restaurant_view   [  43% ] 08/38 VUs  2m08.5s/5m0s  20.00 iters/s

running (2m10.0s), 06/38 VUs, 2567 complete and 0 interrupted iterations
peak_restaurant_view   [  43% ] 06/38 VUs  2m09.5s/5m0s  20.00 iters/s

running (2m11.0s), 07/38 VUs, 2586 complete and 0 interrupted iterations
peak_restaurant_view   [  44% ] 07/38 VUs  2m10.5s/5m0s  20.00 iters/s

running (2m12.0s), 05/38 VUs, 2608 complete and 0 interrupted iterations
peak_restaurant_view   [  44% ] 05/38 VUs  2m11.5s/5m0s  20.00 iters/s

running (2m13.0s), 05/38 VUs, 2628 complete and 0 interrupted iterations
peak_restaurant_view   [  44% ] 05/38 VUs  2m12.5s/5m0s  20.00 iters/s

running (2m14.0s), 05/38 VUs, 2648 complete and 0 interrupted iterations
peak_restaurant_view   [  45% ] 05/38 VUs  2m13.5s/5m0s  20.00 iters/s

running (2m15.0s), 05/38 VUs, 2668 complete and 0 interrupted iterations
peak_restaurant_view   [  45% ] 05/38 VUs  2m14.5s/5m0s  20.00 iters/s

running (2m16.0s), 05/38 VUs, 2688 complete and 0 interrupted iterations
peak_restaurant_view   [  45% ] 05/38 VUs  2m15.5s/5m0s  20.00 iters/s

running (2m17.0s), 05/38 VUs, 2708 complete and 0 interrupted iterations
peak_restaurant_view   [  46% ] 05/38 VUs  2m16.5s/5m0s  20.00 iters/s

running (2m18.0s), 05/38 VUs, 2728 complete and 0 interrupted iterations
peak_restaurant_view   [  46% ] 05/38 VUs  2m17.5s/5m0s  20.00 iters/s

running (2m19.0s), 04/38 VUs, 2749 complete and 0 interrupted iterations
peak_restaurant_view   [  46% ] 04/38 VUs  2m18.5s/5m0s  20.00 iters/s

running (2m20.0s), 05/38 VUs, 2768 complete and 0 interrupted iterations
peak_restaurant_view   [  47% ] 05/38 VUs  2m19.5s/5m0s  20.00 iters/s

running (2m21.0s), 05/38 VUs, 2788 complete and 0 interrupted iterations
peak_restaurant_view   [  47% ] 05/38 VUs  2m20.5s/5m0s  20.00 iters/s

running (2m22.0s), 05/38 VUs, 2808 complete and 0 interrupted iterations
peak_restaurant_view   [  47% ] 05/38 VUs  2m21.5s/5m0s  20.00 iters/s

running (2m23.0s), 05/38 VUs, 2828 complete and 0 interrupted iterations
peak_restaurant_view   [  48% ] 05/38 VUs  2m22.5s/5m0s  20.00 iters/s

running (2m24.0s), 05/38 VUs, 2848 complete and 0 interrupted iterations
peak_restaurant_view   [  48% ] 05/38 VUs  2m23.5s/5m0s  20.00 iters/s

running (2m25.0s), 05/38 VUs, 2868 complete and 0 interrupted iterations
peak_restaurant_view   [  48% ] 05/38 VUs  2m24.5s/5m0s  20.00 iters/s

running (2m26.0s), 06/38 VUs, 2887 complete and 0 interrupted iterations
peak_restaurant_view   [  49% ] 06/38 VUs  2m25.5s/5m0s  20.00 iters/s

running (2m27.0s), 05/38 VUs, 2908 complete and 0 interrupted iterations
peak_restaurant_view   [  49% ] 05/38 VUs  2m26.5s/5m0s  20.00 iters/s

running (2m28.0s), 05/38 VUs, 2928 complete and 0 interrupted iterations
peak_restaurant_view   [  49% ] 05/38 VUs  2m27.5s/5m0s  20.00 iters/s

running (2m29.0s), 06/38 VUs, 2947 complete and 0 interrupted iterations
peak_restaurant_view   [  50% ] 06/38 VUs  2m28.5s/5m0s  20.00 iters/s

running (2m30.0s), 05/38 VUs, 2968 complete and 0 interrupted iterations
peak_restaurant_view   [  50% ] 05/38 VUs  2m29.5s/5m0s  20.00 iters/s

running (2m31.0s), 05/38 VUs, 2988 complete and 0 interrupted iterations
peak_restaurant_view   [  50% ] 05/38 VUs  2m30.5s/5m0s  20.00 iters/s

running (2m32.0s), 05/38 VUs, 3008 complete and 0 interrupted iterations
peak_restaurant_view   [  51% ] 05/38 VUs  2m31.5s/5m0s  20.00 iters/s

running (2m33.0s), 06/38 VUs, 3027 complete and 0 interrupted iterations
peak_restaurant_view   [  51% ] 06/38 VUs  2m32.5s/5m0s  20.00 iters/s

running (2m34.0s), 06/38 VUs, 3047 complete and 0 interrupted iterations
peak_restaurant_view   [  51% ] 06/38 VUs  2m33.5s/5m0s  20.00 iters/s

running (2m35.0s), 05/38 VUs, 3068 complete and 0 interrupted iterations
peak_restaurant_view   [  52% ] 05/38 VUs  2m34.5s/5m0s  20.00 iters/s

running (2m36.0s), 05/38 VUs, 3088 complete and 0 interrupted iterations
peak_restaurant_view   [  52% ] 05/38 VUs  2m35.5s/5m0s  20.00 iters/s

running (2m37.0s), 05/38 VUs, 3108 complete and 0 interrupted iterations
peak_restaurant_view   [  52% ] 05/38 VUs  2m36.5s/5m0s  20.00 iters/s

running (2m38.0s), 05/38 VUs, 3128 complete and 0 interrupted iterations
peak_restaurant_view   [  53% ] 05/38 VUs  2m37.5s/5m0s  20.00 iters/s

running (2m39.0s), 05/38 VUs, 3148 complete and 0 interrupted iterations
peak_restaurant_view   [  53% ] 05/38 VUs  2m38.5s/5m0s  20.00 iters/s

running (2m40.0s), 05/38 VUs, 3168 complete and 0 interrupted iterations
peak_restaurant_view   [  53% ] 05/38 VUs  2m39.5s/5m0s  20.00 iters/s

running (2m41.0s), 10/38 VUs, 3183 complete and 0 interrupted iterations
peak_restaurant_view   [  54% ] 10/38 VUs  2m40.5s/5m0s  20.00 iters/s

running (2m42.0s), 14/38 VUs, 3199 complete and 0 interrupted iterations
peak_restaurant_view   [  54% ] 14/38 VUs  2m41.5s/5m0s  20.00 iters/s

running (2m43.0s), 17/38 VUs, 3216 complete and 0 interrupted iterations
peak_restaurant_view   [  54% ] 17/38 VUs  2m42.5s/5m0s  20.00 iters/s

running (2m44.0s), 12/38 VUs, 3241 complete and 0 interrupted iterations
peak_restaurant_view   [  55% ] 12/38 VUs  2m43.5s/5m0s  20.00 iters/s

running (2m45.0s), 05/38 VUs, 3268 complete and 0 interrupted iterations
peak_restaurant_view   [  55% ] 05/38 VUs  2m44.5s/5m0s  20.00 iters/s

running (2m46.0s), 06/38 VUs, 3287 complete and 0 interrupted iterations
peak_restaurant_view   [  55% ] 06/38 VUs  2m45.5s/5m0s  20.00 iters/s

running (2m47.0s), 05/38 VUs, 3308 complete and 0 interrupted iterations
peak_restaurant_view   [  56% ] 05/38 VUs  2m46.5s/5m0s  20.00 iters/s

running (2m48.0s), 05/38 VUs, 3328 complete and 0 interrupted iterations
peak_restaurant_view   [  56% ] 05/38 VUs  2m47.5s/5m0s  20.00 iters/s

running (2m49.0s), 04/38 VUs, 3349 complete and 0 interrupted iterations
peak_restaurant_view   [  56% ] 04/38 VUs  2m48.5s/5m0s  20.00 iters/s

running (2m50.0s), 05/38 VUs, 3368 complete and 0 interrupted iterations
peak_restaurant_view   [  57% ] 05/38 VUs  2m49.5s/5m0s  20.00 iters/s

running (2m51.0s), 05/38 VUs, 3388 complete and 0 interrupted iterations
peak_restaurant_view   [  57% ] 05/38 VUs  2m50.5s/5m0s  20.00 iters/s

running (2m52.0s), 07/38 VUs, 3406 complete and 0 interrupted iterations
peak_restaurant_view   [  57% ] 07/38 VUs  2m51.5s/5m0s  20.00 iters/s

running (2m53.0s), 05/38 VUs, 3428 complete and 0 interrupted iterations
peak_restaurant_view   [  58% ] 05/38 VUs  2m52.5s/5m0s  20.00 iters/s

running (2m54.0s), 05/38 VUs, 3448 complete and 0 interrupted iterations
peak_restaurant_view   [  58% ] 05/38 VUs  2m53.5s/5m0s  20.00 iters/s

running (2m55.0s), 05/38 VUs, 3468 complete and 0 interrupted iterations
peak_restaurant_view   [  58% ] 05/38 VUs  2m54.5s/5m0s  20.00 iters/s

running (2m56.0s), 06/38 VUs, 3487 complete and 0 interrupted iterations
peak_restaurant_view   [  59% ] 06/38 VUs  2m55.5s/5m0s  20.00 iters/s

running (2m57.0s), 05/38 VUs, 3508 complete and 0 interrupted iterations
peak_restaurant_view   [  59% ] 05/38 VUs  2m56.5s/5m0s  20.00 iters/s

running (2m58.0s), 05/38 VUs, 3528 complete and 0 interrupted iterations
peak_restaurant_view   [  59% ] 05/38 VUs  2m57.5s/5m0s  20.00 iters/s

running (2m59.0s), 06/38 VUs, 3547 complete and 0 interrupted iterations
peak_restaurant_view   [  60% ] 06/38 VUs  2m58.5s/5m0s  20.00 iters/s

running (3m00.0s), 05/38 VUs, 3568 complete and 0 interrupted iterations
peak_restaurant_view   [  60% ] 05/38 VUs  2m59.5s/5m0s  20.00 iters/s

running (3m01.0s), 05/38 VUs, 3588 complete and 0 interrupted iterations
peak_restaurant_view   [  60% ] 05/38 VUs  3m00.5s/5m0s  20.00 iters/s

running (3m02.0s), 05/38 VUs, 3608 complete and 0 interrupted iterations
peak_restaurant_view   [  61% ] 05/38 VUs  3m01.5s/5m0s  20.00 iters/s

running (3m03.0s), 05/38 VUs, 3628 complete and 0 interrupted iterations
peak_restaurant_view   [  61% ] 05/38 VUs  3m02.5s/5m0s  20.00 iters/s

running (3m04.0s), 05/38 VUs, 3648 complete and 0 interrupted iterations
peak_restaurant_view   [  61% ] 05/38 VUs  3m03.5s/5m0s  20.00 iters/s

running (3m05.0s), 04/38 VUs, 3669 complete and 0 interrupted iterations
peak_restaurant_view   [  62% ] 04/38 VUs  3m04.5s/5m0s  20.00 iters/s

running (3m06.0s), 05/38 VUs, 3688 complete and 0 interrupted iterations
peak_restaurant_view   [  62% ] 05/38 VUs  3m05.5s/5m0s  20.00 iters/s

running (3m07.0s), 05/38 VUs, 3708 complete and 0 interrupted iterations
peak_restaurant_view   [  62% ] 05/38 VUs  3m06.5s/5m0s  20.00 iters/s

running (3m08.0s), 05/38 VUs, 3728 complete and 0 interrupted iterations
peak_restaurant_view   [  63% ] 05/38 VUs  3m07.5s/5m0s  20.00 iters/s

running (3m09.0s), 06/38 VUs, 3747 complete and 0 interrupted iterations
peak_restaurant_view   [  63% ] 06/38 VUs  3m08.5s/5m0s  20.00 iters/s

running (3m10.0s), 05/38 VUs, 3768 complete and 0 interrupted iterations
peak_restaurant_view   [  63% ] 05/38 VUs  3m09.5s/5m0s  20.00 iters/s

running (3m11.0s), 07/38 VUs, 3786 complete and 0 interrupted iterations
peak_restaurant_view   [  64% ] 07/38 VUs  3m10.5s/5m0s  20.00 iters/s

running (3m12.0s), 06/38 VUs, 3807 complete and 0 interrupted iterations
peak_restaurant_view   [  64% ] 06/38 VUs  3m11.5s/5m0s  20.00 iters/s

running (3m13.0s), 05/38 VUs, 3828 complete and 0 interrupted iterations
peak_restaurant_view   [  64% ] 05/38 VUs  3m12.5s/5m0s  20.00 iters/s

running (3m14.0s), 05/38 VUs, 3848 complete and 0 interrupted iterations
peak_restaurant_view   [  65% ] 05/38 VUs  3m13.5s/5m0s  20.00 iters/s

running (3m15.0s), 05/38 VUs, 3868 complete and 0 interrupted iterations
peak_restaurant_view   [  65% ] 05/38 VUs  3m14.5s/5m0s  20.00 iters/s

running (3m16.0s), 05/38 VUs, 3888 complete and 0 interrupted iterations
peak_restaurant_view   [  65% ] 05/38 VUs  3m15.5s/5m0s  20.00 iters/s

running (3m17.0s), 06/38 VUs, 3907 complete and 0 interrupted iterations
peak_restaurant_view   [  66% ] 06/38 VUs  3m16.5s/5m0s  20.00 iters/s

running (3m18.0s), 06/38 VUs, 3927 complete and 0 interrupted iterations
peak_restaurant_view   [  66% ] 06/38 VUs  3m17.5s/5m0s  20.00 iters/s

running (3m19.0s), 05/38 VUs, 3948 complete and 0 interrupted iterations
peak_restaurant_view   [  66% ] 05/38 VUs  3m18.5s/5m0s  20.00 iters/s

running (3m20.0s), 09/38 VUs, 3964 complete and 0 interrupted iterations
peak_restaurant_view   [  67% ] 09/38 VUs  3m19.5s/5m0s  20.00 iters/s

running (3m21.0s), 09/38 VUs, 3984 complete and 0 interrupted iterations
peak_restaurant_view   [  67% ] 09/38 VUs  3m20.5s/5m0s  20.00 iters/s

running (3m22.0s), 08/38 VUs, 4005 complete and 0 interrupted iterations
peak_restaurant_view   [  67% ] 08/38 VUs  3m21.5s/5m0s  20.00 iters/s

running (3m23.0s), 08/38 VUs, 4025 complete and 0 interrupted iterations
peak_restaurant_view   [  68% ] 08/38 VUs  3m22.5s/5m0s  20.00 iters/s

running (3m24.0s), 08/38 VUs, 4045 complete and 0 interrupted iterations
peak_restaurant_view   [  68% ] 08/38 VUs  3m23.5s/5m0s  20.00 iters/s

running (3m25.0s), 09/38 VUs, 4064 complete and 0 interrupted iterations
peak_restaurant_view   [  68% ] 09/38 VUs  3m24.5s/5m0s  20.00 iters/s

running (3m26.0s), 11/38 VUs, 4082 complete and 0 interrupted iterations
peak_restaurant_view   [  69% ] 11/38 VUs  3m25.5s/5m0s  20.00 iters/s

running (3m27.0s), 15/38 VUs, 4098 complete and 0 interrupted iterations
peak_restaurant_view   [  69% ] 15/38 VUs  3m26.5s/5m0s  20.00 iters/s

running (3m28.0s), 15/38 VUs, 4118 complete and 0 interrupted iterations
peak_restaurant_view   [  69% ] 15/38 VUs  3m27.5s/5m0s  20.00 iters/s

running (3m29.0s), 15/38 VUs, 4138 complete and 0 interrupted iterations
peak_restaurant_view   [  70% ] 15/38 VUs  3m28.5s/5m0s  20.00 iters/s

running (3m30.0s), 05/38 VUs, 4168 complete and 0 interrupted iterations
peak_restaurant_view   [  70% ] 05/38 VUs  3m29.5s/5m0s  20.00 iters/s

running (3m31.0s), 05/38 VUs, 4188 complete and 0 interrupted iterations
peak_restaurant_view   [  70% ] 05/38 VUs  3m30.5s/5m0s  20.00 iters/s

running (3m32.0s), 05/38 VUs, 4208 complete and 0 interrupted iterations
peak_restaurant_view   [  71% ] 05/38 VUs  3m31.5s/5m0s  20.00 iters/s

running (3m33.0s), 05/38 VUs, 4228 complete and 0 interrupted iterations
peak_restaurant_view   [  71% ] 05/38 VUs  3m32.5s/5m0s  20.00 iters/s

running (3m34.0s), 05/38 VUs, 4248 complete and 0 interrupted iterations
peak_restaurant_view   [  71% ] 05/38 VUs  3m33.5s/5m0s  20.00 iters/s

running (3m35.0s), 04/38 VUs, 4269 complete and 0 interrupted iterations
peak_restaurant_view   [  72% ] 04/38 VUs  3m34.5s/5m0s  20.00 iters/s

running (3m36.0s), 05/38 VUs, 4288 complete and 0 interrupted iterations
peak_restaurant_view   [  72% ] 05/38 VUs  3m35.5s/5m0s  20.00 iters/s

running (3m37.0s), 04/38 VUs, 4309 complete and 0 interrupted iterations
peak_restaurant_view   [  72% ] 04/38 VUs  3m36.5s/5m0s  20.00 iters/s

running (3m38.0s), 05/38 VUs, 4328 complete and 0 interrupted iterations
peak_restaurant_view   [  73% ] 05/38 VUs  3m37.5s/5m0s  20.00 iters/s

running (3m39.0s), 05/38 VUs, 4348 complete and 0 interrupted iterations
peak_restaurant_view   [  73% ] 05/38 VUs  3m38.5s/5m0s  20.00 iters/s

running (3m40.0s), 04/38 VUs, 4369 complete and 0 interrupted iterations
peak_restaurant_view   [  73% ] 04/38 VUs  3m39.5s/5m0s  20.00 iters/s

running (3m41.0s), 09/38 VUs, 4384 complete and 0 interrupted iterations
peak_restaurant_view   [  74% ] 09/38 VUs  3m40.5s/5m0s  20.00 iters/s

running (3m42.0s), 17/38 VUs, 4396 complete and 0 interrupted iterations
peak_restaurant_view   [  74% ] 17/38 VUs  3m41.5s/5m0s  20.00 iters/s

running (3m43.0s), 36/38 VUs, 4397 complete and 0 interrupted iterations
peak_restaurant_view   [  74% ] 36/38 VUs  3m42.5s/5m0s  20.00 iters/s

running (3m44.0s), 42/43 VUs, 4406 complete and 0 interrupted iterations
peak_restaurant_view   [  75% ] 42/43 VUs  3m43.5s/5m0s  20.00 iters/s

running (3m45.0s), 36/43 VUs, 4432 complete and 0 interrupted iterations
peak_restaurant_view   [  75% ] 36/43 VUs  3m44.5s/5m0s  20.00 iters/s

running (3m46.0s), 28/43 VUs, 4460 complete and 0 interrupted iterations
peak_restaurant_view   [  75% ] 28/43 VUs  3m45.5s/5m0s  20.00 iters/s

running (3m47.0s), 22/43 VUs, 4486 complete and 0 interrupted iterations
peak_restaurant_view   [  76% ] 22/43 VUs  3m46.5s/5m0s  20.00 iters/s

running (3m48.0s), 14/43 VUs, 4514 complete and 0 interrupted iterations
peak_restaurant_view   [  76% ] 14/43 VUs  3m47.5s/5m0s  20.00 iters/s

running (3m49.0s), 06/43 VUs, 4542 complete and 0 interrupted iterations
peak_restaurant_view   [  76% ] 06/43 VUs  3m48.5s/5m0s  20.00 iters/s

running (3m50.0s), 05/43 VUs, 4563 complete and 0 interrupted iterations
peak_restaurant_view   [  77% ] 05/43 VUs  3m49.5s/5m0s  20.00 iters/s

running (3m51.0s), 05/43 VUs, 4583 complete and 0 interrupted iterations
peak_restaurant_view   [  77% ] 05/43 VUs  3m50.5s/5m0s  20.00 iters/s

running (3m52.0s), 05/43 VUs, 4603 complete and 0 interrupted iterations
peak_restaurant_view   [  77% ] 05/43 VUs  3m51.5s/5m0s  20.00 iters/s

running (3m53.0s), 05/43 VUs, 4623 complete and 0 interrupted iterations
peak_restaurant_view   [  78% ] 05/43 VUs  3m52.5s/5m0s  20.00 iters/s

running (3m54.0s), 05/43 VUs, 4643 complete and 0 interrupted iterations
peak_restaurant_view   [  78% ] 05/43 VUs  3m53.5s/5m0s  20.00 iters/s

running (3m55.0s), 05/43 VUs, 4663 complete and 0 interrupted iterations
peak_restaurant_view   [  78% ] 05/43 VUs  3m54.5s/5m0s  20.00 iters/s

running (3m56.0s), 05/43 VUs, 4683 complete and 0 interrupted iterations
peak_restaurant_view   [  79% ] 05/43 VUs  3m55.5s/5m0s  20.00 iters/s

running (3m57.0s), 05/43 VUs, 4703 complete and 0 interrupted iterations
peak_restaurant_view   [  79% ] 05/43 VUs  3m56.5s/5m0s  20.00 iters/s

running (3m58.0s), 10/43 VUs, 4718 complete and 0 interrupted iterations
peak_restaurant_view   [  79% ] 10/43 VUs  3m57.5s/5m0s  20.00 iters/s

running (3m59.0s), 04/43 VUs, 4743 complete and 0 interrupted iterations
peak_restaurant_view   [  80% ] 04/43 VUs  3m58.5s/5m0s  20.00 iters/s

running (4m00.0s), 04/43 VUs, 4764 complete and 0 interrupted iterations
peak_restaurant_view   [  80% ] 04/43 VUs  3m59.5s/5m0s  20.00 iters/s

running (4m01.0s), 05/43 VUs, 4783 complete and 0 interrupted iterations
peak_restaurant_view   [  80% ] 05/43 VUs  4m00.5s/5m0s  20.00 iters/s

running (4m02.0s), 05/43 VUs, 4803 complete and 0 interrupted iterations
peak_restaurant_view   [  81% ] 05/43 VUs  4m01.5s/5m0s  20.00 iters/s

running (4m03.0s), 05/43 VUs, 4823 complete and 0 interrupted iterations
peak_restaurant_view   [  81% ] 05/43 VUs  4m02.5s/5m0s  20.00 iters/s

running (4m04.0s), 05/43 VUs, 4843 complete and 0 interrupted iterations
peak_restaurant_view   [  81% ] 05/43 VUs  4m03.5s/5m0s  20.00 iters/s

running (4m05.0s), 05/43 VUs, 4863 complete and 0 interrupted iterations
peak_restaurant_view   [  82% ] 05/43 VUs  4m04.5s/5m0s  20.00 iters/s

running (4m06.0s), 05/43 VUs, 4883 complete and 0 interrupted iterations
peak_restaurant_view   [  82% ] 05/43 VUs  4m05.5s/5m0s  20.00 iters/s

running (4m07.0s), 05/43 VUs, 4903 complete and 0 interrupted iterations
peak_restaurant_view   [  82% ] 05/43 VUs  4m06.5s/5m0s  20.00 iters/s

running (4m08.0s), 05/43 VUs, 4923 complete and 0 interrupted iterations
peak_restaurant_view   [  83% ] 05/43 VUs  4m07.5s/5m0s  20.00 iters/s

running (4m09.0s), 07/43 VUs, 4941 complete and 0 interrupted iterations
peak_restaurant_view   [  83% ] 07/43 VUs  4m08.5s/5m0s  20.00 iters/s

running (4m10.0s), 05/43 VUs, 4963 complete and 0 interrupted iterations
peak_restaurant_view   [  83% ] 05/43 VUs  4m09.5s/5m0s  20.00 iters/s

running (4m11.0s), 05/43 VUs, 4983 complete and 0 interrupted iterations
peak_restaurant_view   [  84% ] 05/43 VUs  4m10.5s/5m0s  20.00 iters/s

running (4m12.0s), 04/43 VUs, 5004 complete and 0 interrupted iterations
peak_restaurant_view   [  84% ] 04/43 VUs  4m11.5s/5m0s  20.00 iters/s

running (4m13.0s), 05/43 VUs, 5023 complete and 0 interrupted iterations
peak_restaurant_view   [  84% ] 05/43 VUs  4m12.5s/5m0s  20.00 iters/s

running (4m14.0s), 05/43 VUs, 5043 complete and 0 interrupted iterations
peak_restaurant_view   [  85% ] 05/43 VUs  4m13.5s/5m0s  20.00 iters/s

running (4m15.0s), 05/43 VUs, 5063 complete and 0 interrupted iterations
peak_restaurant_view   [  85% ] 05/43 VUs  4m14.5s/5m0s  20.00 iters/s

running (4m16.0s), 05/43 VUs, 5083 complete and 0 interrupted iterations
peak_restaurant_view   [  85% ] 05/43 VUs  4m15.5s/5m0s  20.00 iters/s

running (4m17.0s), 05/43 VUs, 5103 complete and 0 interrupted iterations
peak_restaurant_view   [  86% ] 05/43 VUs  4m16.5s/5m0s  20.00 iters/s

running (4m18.0s), 05/43 VUs, 5123 complete and 0 interrupted iterations
peak_restaurant_view   [  86% ] 05/43 VUs  4m17.5s/5m0s  20.00 iters/s

running (4m19.0s), 04/43 VUs, 5144 complete and 0 interrupted iterations
peak_restaurant_view   [  86% ] 04/43 VUs  4m18.5s/5m0s  20.00 iters/s

running (4m20.0s), 05/43 VUs, 5163 complete and 0 interrupted iterations
peak_restaurant_view   [  87% ] 05/43 VUs  4m19.5s/5m0s  20.00 iters/s

running (4m21.0s), 04/43 VUs, 5184 complete and 0 interrupted iterations
peak_restaurant_view   [  87% ] 04/43 VUs  4m20.5s/5m0s  20.00 iters/s

running (4m22.0s), 05/43 VUs, 5203 complete and 0 interrupted iterations
peak_restaurant_view   [  87% ] 05/43 VUs  4m21.5s/5m0s  20.00 iters/s

running (4m23.0s), 05/43 VUs, 5223 complete and 0 interrupted iterations
peak_restaurant_view   [  88% ] 05/43 VUs  4m22.5s/5m0s  20.00 iters/s

running (4m24.0s), 04/43 VUs, 5244 complete and 0 interrupted iterations
peak_restaurant_view   [  88% ] 04/43 VUs  4m23.5s/5m0s  20.00 iters/s

running (4m25.0s), 04/43 VUs, 5264 complete and 0 interrupted iterations
peak_restaurant_view   [  88% ] 04/43 VUs  4m24.5s/5m0s  20.00 iters/s

running (4m26.0s), 05/43 VUs, 5283 complete and 0 interrupted iterations
peak_restaurant_view   [  89% ] 05/43 VUs  4m25.5s/5m0s  20.00 iters/s

running (4m27.0s), 04/43 VUs, 5304 complete and 0 interrupted iterations
peak_restaurant_view   [  89% ] 04/43 VUs  4m26.5s/5m0s  20.00 iters/s

running (4m28.0s), 05/43 VUs, 5323 complete and 0 interrupted iterations
peak_restaurant_view   [  89% ] 05/43 VUs  4m27.5s/5m0s  20.00 iters/s

running (4m29.0s), 05/43 VUs, 5343 complete and 0 interrupted iterations
peak_restaurant_view   [  90% ] 05/43 VUs  4m28.5s/5m0s  20.00 iters/s

running (4m30.0s), 05/43 VUs, 5363 complete and 0 interrupted iterations
peak_restaurant_view   [  90% ] 05/43 VUs  4m29.5s/5m0s  20.00 iters/s

running (4m31.0s), 04/43 VUs, 5384 complete and 0 interrupted iterations
peak_restaurant_view   [  90% ] 04/43 VUs  4m30.5s/5m0s  20.00 iters/s

running (4m32.0s), 05/43 VUs, 5403 complete and 0 interrupted iterations
peak_restaurant_view   [  91% ] 05/43 VUs  4m31.5s/5m0s  20.00 iters/s

running (4m33.0s), 04/43 VUs, 5424 complete and 0 interrupted iterations
peak_restaurant_view   [  91% ] 04/43 VUs  4m32.5s/5m0s  20.00 iters/s

running (4m34.0s), 05/43 VUs, 5443 complete and 0 interrupted iterations
peak_restaurant_view   [  91% ] 05/43 VUs  4m33.5s/5m0s  20.00 iters/s

running (4m35.0s), 06/43 VUs, 5462 complete and 0 interrupted iterations
peak_restaurant_view   [  92% ] 06/43 VUs  4m34.5s/5m0s  20.00 iters/s

running (4m36.0s), 06/43 VUs, 5482 complete and 0 interrupted iterations
peak_restaurant_view   [  92% ] 06/43 VUs  4m35.5s/5m0s  20.00 iters/s

running (4m37.0s), 05/43 VUs, 5503 complete and 0 interrupted iterations
peak_restaurant_view   [  92% ] 05/43 VUs  4m36.5s/5m0s  20.00 iters/s

running (4m38.0s), 05/43 VUs, 5523 complete and 0 interrupted iterations
peak_restaurant_view   [  93% ] 05/43 VUs  4m37.5s/5m0s  20.00 iters/s

running (4m39.0s), 05/43 VUs, 5543 complete and 0 interrupted iterations
peak_restaurant_view   [  93% ] 05/43 VUs  4m38.5s/5m0s  20.00 iters/s

running (4m40.0s), 05/43 VUs, 5563 complete and 0 interrupted iterations
peak_restaurant_view   [  93% ] 05/43 VUs  4m39.5s/5m0s  20.00 iters/s

running (4m41.0s), 10/43 VUs, 5578 complete and 0 interrupted iterations
peak_restaurant_view   [  94% ] 10/43 VUs  4m40.5s/5m0s  20.00 iters/s

running (4m42.0s), 15/43 VUs, 5593 complete and 0 interrupted iterations
peak_restaurant_view   [  94% ] 15/43 VUs  4m41.5s/5m0s  20.00 iters/s

running (4m43.0s), 26/43 VUs, 5602 complete and 0 interrupted iterations
peak_restaurant_view   [  94% ] 26/43 VUs  4m42.5s/5m0s  20.00 iters/s

running (4m44.0s), 21/43 VUs, 5627 complete and 0 interrupted iterations
peak_restaurant_view   [  95% ] 21/43 VUs  4m43.5s/5m0s  20.00 iters/s

running (4m45.0s), 14/43 VUs, 5654 complete and 0 interrupted iterations
peak_restaurant_view   [  95% ] 14/43 VUs  4m44.5s/5m0s  20.00 iters/s

running (4m46.0s), 08/43 VUs, 5680 complete and 0 interrupted iterations
peak_restaurant_view   [  95% ] 08/43 VUs  4m45.5s/5m0s  20.00 iters/s

running (4m47.0s), 05/43 VUs, 5703 complete and 0 interrupted iterations
peak_restaurant_view   [  96% ] 05/43 VUs  4m46.5s/5m0s  20.00 iters/s

running (4m48.0s), 05/43 VUs, 5723 complete and 0 interrupted iterations
peak_restaurant_view   [  96% ] 05/43 VUs  4m47.5s/5m0s  20.00 iters/s

running (4m49.0s), 06/43 VUs, 5742 complete and 0 interrupted iterations
peak_restaurant_view   [  96% ] 06/43 VUs  4m48.5s/5m0s  20.00 iters/s

running (4m50.0s), 05/43 VUs, 5763 complete and 0 interrupted iterations
peak_restaurant_view   [  97% ] 05/43 VUs  4m49.5s/5m0s  20.00 iters/s

running (4m51.0s), 06/43 VUs, 5782 complete and 0 interrupted iterations
peak_restaurant_view   [  97% ] 06/43 VUs  4m50.5s/5m0s  20.00 iters/s

running (4m52.0s), 06/43 VUs, 5802 complete and 0 interrupted iterations
peak_restaurant_view   [  97% ] 06/43 VUs  4m51.5s/5m0s  20.00 iters/s

running (4m53.0s), 05/43 VUs, 5823 complete and 0 interrupted iterations
peak_restaurant_view   [  98% ] 05/43 VUs  4m52.5s/5m0s  20.00 iters/s

running (4m54.0s), 05/43 VUs, 5843 complete and 0 interrupted iterations
peak_restaurant_view   [  98% ] 05/43 VUs  4m53.5s/5m0s  20.00 iters/s

running (4m55.0s), 05/43 VUs, 5863 complete and 0 interrupted iterations
peak_restaurant_view   [  98% ] 05/43 VUs  4m54.5s/5m0s  20.00 iters/s

running (4m56.0s), 05/43 VUs, 5883 complete and 0 interrupted iterations
peak_restaurant_view   [  99% ] 05/43 VUs  4m55.5s/5m0s  20.00 iters/s

running (4m57.0s), 04/43 VUs, 5904 complete and 0 interrupted iterations
peak_restaurant_view   [  99% ] 04/43 VUs  4m56.5s/5m0s  20.00 iters/s

running (4m58.0s), 04/43 VUs, 5924 complete and 0 interrupted iterations
peak_restaurant_view   [  99% ] 04/43 VUs  4m57.5s/5m0s  20.00 iters/s

running (4m59.0s), 05/43 VUs, 5943 complete and 0 interrupted iterations
peak_restaurant_view   [ 100% ] 05/43 VUs  4m58.5s/5m0s  20.00 iters/s

running (5m00.0s), 05/43 VUs, 5963 complete and 0 interrupted iterations
peak_restaurant_view   [ 100% ] 05/43 VUs  4m59.5s/5m0s  20.00 iters/s


  █ TOTAL RESULTS 

    checks_total.......: 23908  79.507941/s
    checks_succeeded...: 99.95% 23898 out of 23908
    checks_failed......: 0.04%  10 out of 23908

    ✗ peak_restaurant_detail status is 200
      ↳  99% — ✓ 5974 / ✗ 3
    ✗ peak_restaurant_detail body.success is true
      ↳  99% — ✓ 5974 / ✗ 3
    ✗ peak_dining_sessions status is 200
      ↳  99% — ✓ 5975 / ✗ 2
    ✗ peak_dining_sessions body.success is true
      ↳  99% — ✓ 5975 / ✗ 2

    HTTP
    http_req_duration..............: avg=175.23ms min=0s     med=187.94ms max=2.25s p(90)=384.71ms p(95)=533.19ms
      { expected_response:true }...: avg=175.3ms  min=6.8ms  med=187.95ms max=2.25s p(90)=384.77ms p(95)=533.38ms
    http_req_failed................: 0.04%  5 out of 11959
    http_reqs......................: 11959  39.770599/s

    EXECUTION
    dropped_iterations.............: 23     0.076488/s
    iteration_duration.............: avg=352.28ms min=1.93ms med=245.05ms max=2.97s p(90)=614.2ms  p(95)=850.18ms
    iterations.....................: 5977   19.876985/s
    vus............................: 5      min=4          max=42
    vus_max........................: 43     min=20         max=43

    NETWORK
    data_received..................: 114 MB 379 kB/s
    data_sent......................: 1.3 MB 4.2 kB/s




running (5m00.7s), 00/43 VUs, 5977 complete and 0 interrupted iterations
peak_restaurant_view ✓ [ 100% ] 00/43 VUs  5m0s  20.00 iters/s
