
         /\      Grafana   /‾‾/  
    /\  /  \     |\  __   /  /   
   /  \/    \    | |/ /  /   ‾‾\ 
  /          \   |   (  |  (‾)  |
 / __________ \  |_|\_\  \_____/ 


     execution: local
        script: k6/scenarios/peak-restaurant-view.js
        output: -

     scenarios: (100.00%) 1 scenario, 60 max VUs, 5m30s max duration (incl. graceful stop):
              * peak_restaurant_view: 20.00 iterations/s for 5m0s (maxVUs: 20-60, gracefulStop: 30s)


running (0m01.0s), 04/20 VUs, 7 complete and 0 interrupted iterations
peak_restaurant_view   [   0% ] 04/20 VUs  0m00.5s/5m0s  20.00 iters/s

running (0m02.0s), 04/20 VUs, 27 complete and 0 interrupted iterations
peak_restaurant_view   [   1% ] 04/20 VUs  0m01.5s/5m0s  20.00 iters/s

running (0m03.0s), 04/20 VUs, 47 complete and 0 interrupted iterations
peak_restaurant_view   [   1% ] 04/20 VUs  0m02.5s/5m0s  20.00 iters/s

running (0m04.0s), 04/20 VUs, 67 complete and 0 interrupted iterations
peak_restaurant_view   [   1% ] 04/20 VUs  0m03.5s/5m0s  20.00 iters/s

running (0m05.0s), 04/20 VUs, 87 complete and 0 interrupted iterations
peak_restaurant_view   [   2% ] 04/20 VUs  0m04.5s/5m0s  20.00 iters/s

running (0m06.0s), 04/20 VUs, 107 complete and 0 interrupted iterations
peak_restaurant_view   [   2% ] 04/20 VUs  0m05.5s/5m0s  20.00 iters/s

running (0m07.0s), 04/20 VUs, 127 complete and 0 interrupted iterations
peak_restaurant_view   [   2% ] 04/20 VUs  0m06.5s/5m0s  20.00 iters/s

running (0m08.0s), 05/20 VUs, 146 complete and 0 interrupted iterations
peak_restaurant_view   [   3% ] 05/20 VUs  0m07.5s/5m0s  20.00 iters/s

running (0m09.0s), 04/20 VUs, 167 complete and 0 interrupted iterations
peak_restaurant_view   [   3% ] 04/20 VUs  0m08.5s/5m0s  20.00 iters/s

running (0m10.0s), 03/20 VUs, 188 complete and 0 interrupted iterations
peak_restaurant_view   [   3% ] 03/20 VUs  0m09.5s/5m0s  20.00 iters/s

running (0m11.0s), 04/20 VUs, 207 complete and 0 interrupted iterations
peak_restaurant_view   [   4% ] 04/20 VUs  0m10.5s/5m0s  20.00 iters/s

running (0m12.0s), 03/20 VUs, 228 complete and 0 interrupted iterations
peak_restaurant_view   [   4% ] 03/20 VUs  0m11.5s/5m0s  20.00 iters/s

running (0m13.0s), 04/20 VUs, 247 complete and 0 interrupted iterations
peak_restaurant_view   [   4% ] 04/20 VUs  0m12.5s/5m0s  20.00 iters/s

running (0m14.0s), 04/20 VUs, 267 complete and 0 interrupted iterations
peak_restaurant_view   [   5% ] 04/20 VUs  0m13.5s/5m0s  20.00 iters/s

running (0m15.0s), 04/20 VUs, 287 complete and 0 interrupted iterations
peak_restaurant_view   [   5% ] 04/20 VUs  0m14.5s/5m0s  20.00 iters/s

running (0m16.0s), 04/20 VUs, 307 complete and 0 interrupted iterations
peak_restaurant_view   [   5% ] 04/20 VUs  0m15.5s/5m0s  20.00 iters/s

running (0m17.0s), 04/20 VUs, 327 complete and 0 interrupted iterations
peak_restaurant_view   [   6% ] 04/20 VUs  0m16.5s/5m0s  20.00 iters/s

running (0m18.0s), 04/20 VUs, 347 complete and 0 interrupted iterations
peak_restaurant_view   [   6% ] 04/20 VUs  0m17.5s/5m0s  20.00 iters/s

running (0m19.0s), 04/20 VUs, 367 complete and 0 interrupted iterations
peak_restaurant_view   [   6% ] 04/20 VUs  0m18.5s/5m0s  20.00 iters/s

running (0m20.0s), 04/20 VUs, 387 complete and 0 interrupted iterations
peak_restaurant_view   [   7% ] 04/20 VUs  0m19.5s/5m0s  20.00 iters/s

running (0m21.0s), 03/20 VUs, 408 complete and 0 interrupted iterations
peak_restaurant_view   [   7% ] 03/20 VUs  0m20.5s/5m0s  20.00 iters/s

running (0m22.0s), 03/20 VUs, 428 complete and 0 interrupted iterations
peak_restaurant_view   [   7% ] 03/20 VUs  0m21.5s/5m0s  20.00 iters/s

running (0m23.0s), 03/20 VUs, 448 complete and 0 interrupted iterations
peak_restaurant_view   [   8% ] 03/20 VUs  0m22.5s/5m0s  20.00 iters/s

running (0m24.0s), 03/20 VUs, 468 complete and 0 interrupted iterations
peak_restaurant_view   [   8% ] 03/20 VUs  0m23.5s/5m0s  20.00 iters/s

running (0m25.0s), 04/20 VUs, 487 complete and 0 interrupted iterations
peak_restaurant_view   [   8% ] 04/20 VUs  0m24.5s/5m0s  20.00 iters/s

running (0m26.0s), 04/20 VUs, 507 complete and 0 interrupted iterations
peak_restaurant_view   [   9% ] 04/20 VUs  0m25.5s/5m0s  20.00 iters/s

running (0m27.0s), 03/20 VUs, 528 complete and 0 interrupted iterations
peak_restaurant_view   [   9% ] 03/20 VUs  0m26.5s/5m0s  20.00 iters/s

running (0m28.0s), 03/20 VUs, 548 complete and 0 interrupted iterations
peak_restaurant_view   [   9% ] 03/20 VUs  0m27.5s/5m0s  20.00 iters/s

running (0m29.0s), 19/20 VUs, 552 complete and 0 interrupted iterations
peak_restaurant_view   [  10% ] 19/20 VUs  0m28.5s/5m0s  20.00 iters/s

running (0m30.0s), 24/25 VUs, 562 complete and 0 interrupted iterations
peak_restaurant_view   [  10% ] 24/25 VUs  0m29.5s/5m0s  20.00 iters/s

running (0m31.0s), 29/32 VUs, 570 complete and 0 interrupted iterations
peak_restaurant_view   [  10% ] 29/32 VUs  0m30.5s/5m0s  20.00 iters/s

running (0m32.0s), 32/36 VUs, 583 complete and 0 interrupted iterations
peak_restaurant_view   [  11% ] 32/36 VUs  0m31.5s/5m0s  20.00 iters/s

running (0m33.0s), 23/36 VUs, 612 complete and 0 interrupted iterations
peak_restaurant_view   [  11% ] 23/36 VUs  0m32.5s/5m0s  20.00 iters/s

running (0m34.0s), 14/36 VUs, 641 complete and 0 interrupted iterations
peak_restaurant_view   [  11% ] 14/36 VUs  0m33.5s/5m0s  20.00 iters/s

running (0m35.0s), 09/36 VUs, 666 complete and 0 interrupted iterations
peak_restaurant_view   [  12% ] 09/36 VUs  0m34.5s/5m0s  20.00 iters/s

running (0m36.0s), 07/36 VUs, 688 complete and 0 interrupted iterations
peak_restaurant_view   [  12% ] 07/36 VUs  0m35.5s/5m0s  20.00 iters/s

running (0m37.0s), 04/36 VUs, 711 complete and 0 interrupted iterations
peak_restaurant_view   [  12% ] 04/36 VUs  0m36.5s/5m0s  20.00 iters/s

running (0m38.0s), 04/36 VUs, 731 complete and 0 interrupted iterations
peak_restaurant_view   [  13% ] 04/36 VUs  0m37.5s/5m0s  20.00 iters/s

running (0m39.0s), 04/36 VUs, 751 complete and 0 interrupted iterations
peak_restaurant_view   [  13% ] 04/36 VUs  0m38.5s/5m0s  20.00 iters/s

running (0m40.0s), 04/36 VUs, 771 complete and 0 interrupted iterations
peak_restaurant_view   [  13% ] 04/36 VUs  0m39.5s/5m0s  20.00 iters/s

running (0m41.0s), 05/36 VUs, 790 complete and 0 interrupted iterations
peak_restaurant_view   [  14% ] 05/36 VUs  0m40.5s/5m0s  20.00 iters/s

running (0m42.0s), 03/36 VUs, 812 complete and 0 interrupted iterations
peak_restaurant_view   [  14% ] 03/36 VUs  0m41.5s/5m0s  20.00 iters/s

running (0m43.0s), 07/36 VUs, 828 complete and 0 interrupted iterations
peak_restaurant_view   [  14% ] 07/36 VUs  0m42.5s/5m0s  20.00 iters/s

running (0m44.0s), 06/36 VUs, 849 complete and 0 interrupted iterations
peak_restaurant_view   [  15% ] 06/36 VUs  0m43.5s/5m0s  20.00 iters/s

running (0m45.0s), 06/36 VUs, 869 complete and 0 interrupted iterations
peak_restaurant_view   [  15% ] 06/36 VUs  0m44.5s/5m0s  20.00 iters/s

running (0m46.0s), 05/36 VUs, 890 complete and 0 interrupted iterations
peak_restaurant_view   [  15% ] 05/36 VUs  0m45.5s/5m0s  20.00 iters/s

running (0m47.0s), 04/36 VUs, 911 complete and 0 interrupted iterations
peak_restaurant_view   [  16% ] 04/36 VUs  0m46.5s/5m0s  20.00 iters/s

running (0m48.0s), 04/36 VUs, 931 complete and 0 interrupted iterations
peak_restaurant_view   [  16% ] 04/36 VUs  0m47.5s/5m0s  20.00 iters/s

running (0m49.0s), 04/36 VUs, 951 complete and 0 interrupted iterations
peak_restaurant_view   [  16% ] 04/36 VUs  0m48.5s/5m0s  20.00 iters/s

running (0m50.0s), 04/36 VUs, 971 complete and 0 interrupted iterations
peak_restaurant_view   [  17% ] 04/36 VUs  0m49.5s/5m0s  20.00 iters/s

running (0m51.0s), 04/36 VUs, 991 complete and 0 interrupted iterations
peak_restaurant_view   [  17% ] 04/36 VUs  0m50.5s/5m0s  20.00 iters/s

running (0m52.0s), 04/36 VUs, 1011 complete and 0 interrupted iterations
peak_restaurant_view   [  17% ] 04/36 VUs  0m51.5s/5m0s  20.00 iters/s

running (0m53.0s), 04/36 VUs, 1031 complete and 0 interrupted iterations
peak_restaurant_view   [  18% ] 04/36 VUs  0m52.5s/5m0s  20.00 iters/s

running (0m54.0s), 04/36 VUs, 1051 complete and 0 interrupted iterations
peak_restaurant_view   [  18% ] 04/36 VUs  0m53.5s/5m0s  20.00 iters/s

running (0m55.0s), 04/36 VUs, 1071 complete and 0 interrupted iterations
peak_restaurant_view   [  18% ] 04/36 VUs  0m54.5s/5m0s  20.00 iters/s

running (0m56.0s), 03/36 VUs, 1092 complete and 0 interrupted iterations
peak_restaurant_view   [  19% ] 03/36 VUs  0m55.5s/5m0s  20.00 iters/s

running (0m57.0s), 04/36 VUs, 1111 complete and 0 interrupted iterations
peak_restaurant_view   [  19% ] 04/36 VUs  0m56.5s/5m0s  20.00 iters/s

running (0m58.0s), 04/36 VUs, 1131 complete and 0 interrupted iterations
peak_restaurant_view   [  19% ] 04/36 VUs  0m57.5s/5m0s  20.00 iters/s

running (0m59.0s), 04/36 VUs, 1151 complete and 0 interrupted iterations
peak_restaurant_view   [  20% ] 04/36 VUs  0m58.5s/5m0s  20.00 iters/s

running (1m00.0s), 04/36 VUs, 1171 complete and 0 interrupted iterations
peak_restaurant_view   [  20% ] 04/36 VUs  0m59.5s/5m0s  20.00 iters/s

running (1m01.0s), 03/36 VUs, 1192 complete and 0 interrupted iterations
peak_restaurant_view   [  20% ] 03/36 VUs  1m00.5s/5m0s  20.00 iters/s

running (1m02.0s), 04/36 VUs, 1211 complete and 0 interrupted iterations
peak_restaurant_view   [  21% ] 04/36 VUs  1m01.5s/5m0s  20.00 iters/s

running (1m03.0s), 04/36 VUs, 1231 complete and 0 interrupted iterations
peak_restaurant_view   [  21% ] 04/36 VUs  1m02.5s/5m0s  20.00 iters/s

running (1m04.0s), 03/36 VUs, 1252 complete and 0 interrupted iterations
peak_restaurant_view   [  21% ] 03/36 VUs  1m03.5s/5m0s  20.00 iters/s

running (1m05.0s), 05/36 VUs, 1270 complete and 0 interrupted iterations
peak_restaurant_view   [  22% ] 05/36 VUs  1m04.5s/5m0s  20.00 iters/s

running (1m06.0s), 04/36 VUs, 1291 complete and 0 interrupted iterations
peak_restaurant_view   [  22% ] 04/36 VUs  1m05.5s/5m0s  20.00 iters/s

running (1m07.0s), 04/36 VUs, 1311 complete and 0 interrupted iterations
peak_restaurant_view   [  22% ] 04/36 VUs  1m06.5s/5m0s  20.00 iters/s

running (1m08.0s), 04/36 VUs, 1331 complete and 0 interrupted iterations
peak_restaurant_view   [  23% ] 04/36 VUs  1m07.5s/5m0s  20.00 iters/s

running (1m09.0s), 03/36 VUs, 1352 complete and 0 interrupted iterations
peak_restaurant_view   [  23% ] 03/36 VUs  1m08.5s/5m0s  20.00 iters/s

running (1m10.0s), 04/36 VUs, 1371 complete and 0 interrupted iterations
peak_restaurant_view   [  23% ] 04/36 VUs  1m09.5s/5m0s  20.00 iters/s

running (1m11.0s), 04/36 VUs, 1391 complete and 0 interrupted iterations
peak_restaurant_view   [  24% ] 04/36 VUs  1m10.5s/5m0s  20.00 iters/s

running (1m12.0s), 04/36 VUs, 1411 complete and 0 interrupted iterations
peak_restaurant_view   [  24% ] 04/36 VUs  1m11.5s/5m0s  20.00 iters/s

running (1m13.0s), 04/36 VUs, 1431 complete and 0 interrupted iterations
peak_restaurant_view   [  24% ] 04/36 VUs  1m12.5s/5m0s  20.00 iters/s

running (1m14.0s), 04/36 VUs, 1451 complete and 0 interrupted iterations
peak_restaurant_view   [  25% ] 04/36 VUs  1m13.5s/5m0s  20.00 iters/s

running (1m15.0s), 04/36 VUs, 1471 complete and 0 interrupted iterations
peak_restaurant_view   [  25% ] 04/36 VUs  1m14.5s/5m0s  20.00 iters/s

running (1m16.0s), 04/36 VUs, 1491 complete and 0 interrupted iterations
peak_restaurant_view   [  25% ] 04/36 VUs  1m15.5s/5m0s  20.00 iters/s

running (1m17.0s), 04/36 VUs, 1511 complete and 0 interrupted iterations
peak_restaurant_view   [  26% ] 04/36 VUs  1m16.5s/5m0s  20.00 iters/s

running (1m18.0s), 04/36 VUs, 1531 complete and 0 interrupted iterations
peak_restaurant_view   [  26% ] 04/36 VUs  1m17.5s/5m0s  20.00 iters/s

running (1m19.0s), 04/36 VUs, 1551 complete and 0 interrupted iterations
peak_restaurant_view   [  26% ] 04/36 VUs  1m18.5s/5m0s  20.00 iters/s

running (1m20.0s), 04/36 VUs, 1571 complete and 0 interrupted iterations
peak_restaurant_view   [  27% ] 04/36 VUs  1m19.5s/5m0s  20.00 iters/s

running (1m21.0s), 04/36 VUs, 1591 complete and 0 interrupted iterations
peak_restaurant_view   [  27% ] 04/36 VUs  1m20.5s/5m0s  20.00 iters/s

running (1m22.0s), 04/36 VUs, 1611 complete and 0 interrupted iterations
peak_restaurant_view   [  27% ] 04/36 VUs  1m21.5s/5m0s  20.00 iters/s

running (1m23.0s), 03/36 VUs, 1632 complete and 0 interrupted iterations
peak_restaurant_view   [  28% ] 03/36 VUs  1m22.5s/5m0s  20.00 iters/s

running (1m24.0s), 04/36 VUs, 1651 complete and 0 interrupted iterations
peak_restaurant_view   [  28% ] 04/36 VUs  1m23.5s/5m0s  20.00 iters/s

running (1m25.0s), 03/36 VUs, 1672 complete and 0 interrupted iterations
peak_restaurant_view   [  28% ] 03/36 VUs  1m24.5s/5m0s  20.00 iters/s

running (1m26.0s), 04/36 VUs, 1691 complete and 0 interrupted iterations
peak_restaurant_view   [  29% ] 04/36 VUs  1m25.5s/5m0s  20.00 iters/s

running (1m27.0s), 04/36 VUs, 1711 complete and 0 interrupted iterations
peak_restaurant_view   [  29% ] 04/36 VUs  1m26.5s/5m0s  20.00 iters/s

running (1m28.0s), 03/36 VUs, 1732 complete and 0 interrupted iterations
peak_restaurant_view   [  29% ] 03/36 VUs  1m27.5s/5m0s  20.00 iters/s

running (1m29.0s), 09/36 VUs, 1746 complete and 0 interrupted iterations
peak_restaurant_view   [  30% ] 09/36 VUs  1m28.5s/5m0s  20.00 iters/s

running (1m30.0s), 15/36 VUs, 1760 complete and 0 interrupted iterations
peak_restaurant_view   [  30% ] 15/36 VUs  1m29.5s/5m0s  20.00 iters/s

running (1m31.0s), 17/36 VUs, 1778 complete and 0 interrupted iterations
peak_restaurant_view   [  30% ] 17/36 VUs  1m30.5s/5m0s  20.00 iters/s

running (1m32.0s), 09/36 VUs, 1806 complete and 0 interrupted iterations
peak_restaurant_view   [  31% ] 09/36 VUs  1m31.5s/5m0s  20.00 iters/s

running (1m33.0s), 04/36 VUs, 1831 complete and 0 interrupted iterations
peak_restaurant_view   [  31% ] 04/36 VUs  1m32.5s/5m0s  20.00 iters/s

running (1m34.0s), 03/36 VUs, 1852 complete and 0 interrupted iterations
peak_restaurant_view   [  31% ] 03/36 VUs  1m33.5s/5m0s  20.00 iters/s

running (1m35.0s), 03/36 VUs, 1872 complete and 0 interrupted iterations
peak_restaurant_view   [  32% ] 03/36 VUs  1m34.5s/5m0s  20.00 iters/s

running (1m36.0s), 04/36 VUs, 1891 complete and 0 interrupted iterations
peak_restaurant_view   [  32% ] 04/36 VUs  1m35.5s/5m0s  20.00 iters/s

running (1m37.0s), 04/36 VUs, 1911 complete and 0 interrupted iterations
peak_restaurant_view   [  32% ] 04/36 VUs  1m36.5s/5m0s  20.00 iters/s

running (1m38.0s), 03/36 VUs, 1932 complete and 0 interrupted iterations
peak_restaurant_view   [  33% ] 03/36 VUs  1m37.5s/5m0s  20.00 iters/s

running (1m39.0s), 04/36 VUs, 1951 complete and 0 interrupted iterations
peak_restaurant_view   [  33% ] 04/36 VUs  1m38.5s/5m0s  20.00 iters/s

running (1m40.0s), 03/36 VUs, 1972 complete and 0 interrupted iterations
peak_restaurant_view   [  33% ] 03/36 VUs  1m39.5s/5m0s  20.00 iters/s

running (1m41.0s), 04/36 VUs, 1991 complete and 0 interrupted iterations
peak_restaurant_view   [  34% ] 04/36 VUs  1m40.5s/5m0s  20.00 iters/s

running (1m42.0s), 04/36 VUs, 2011 complete and 0 interrupted iterations
peak_restaurant_view   [  34% ] 04/36 VUs  1m41.5s/5m0s  20.00 iters/s

running (1m43.0s), 04/36 VUs, 2031 complete and 0 interrupted iterations
peak_restaurant_view   [  34% ] 04/36 VUs  1m42.5s/5m0s  20.00 iters/s

running (1m44.0s), 04/36 VUs, 2051 complete and 0 interrupted iterations
peak_restaurant_view   [  35% ] 04/36 VUs  1m43.5s/5m0s  20.00 iters/s

running (1m45.0s), 04/36 VUs, 2071 complete and 0 interrupted iterations
peak_restaurant_view   [  35% ] 04/36 VUs  1m44.5s/5m0s  20.00 iters/s

running (1m46.0s), 04/36 VUs, 2091 complete and 0 interrupted iterations
peak_restaurant_view   [  35% ] 04/36 VUs  1m45.5s/5m0s  20.00 iters/s

running (1m47.0s), 04/36 VUs, 2111 complete and 0 interrupted iterations
peak_restaurant_view   [  36% ] 04/36 VUs  1m46.5s/5m0s  20.00 iters/s

running (1m48.0s), 03/36 VUs, 2132 complete and 0 interrupted iterations
peak_restaurant_view   [  36% ] 03/36 VUs  1m47.5s/5m0s  20.00 iters/s

running (1m49.0s), 04/36 VUs, 2151 complete and 0 interrupted iterations
peak_restaurant_view   [  36% ] 04/36 VUs  1m48.5s/5m0s  20.00 iters/s

running (1m50.0s), 05/36 VUs, 2170 complete and 0 interrupted iterations
peak_restaurant_view   [  37% ] 05/36 VUs  1m49.5s/5m0s  20.00 iters/s

running (1m51.0s), 05/36 VUs, 2190 complete and 0 interrupted iterations
peak_restaurant_view   [  37% ] 05/36 VUs  1m50.5s/5m0s  20.00 iters/s

running (1m52.0s), 04/36 VUs, 2211 complete and 0 interrupted iterations
peak_restaurant_view   [  37% ] 04/36 VUs  1m51.5s/5m0s  20.00 iters/s

running (1m53.0s), 05/36 VUs, 2230 complete and 0 interrupted iterations
peak_restaurant_view   [  38% ] 05/36 VUs  1m52.5s/5m0s  20.00 iters/s

running (1m54.0s), 05/36 VUs, 2250 complete and 0 interrupted iterations
peak_restaurant_view   [  38% ] 05/36 VUs  1m53.5s/5m0s  20.00 iters/s

running (1m55.0s), 04/36 VUs, 2271 complete and 0 interrupted iterations
peak_restaurant_view   [  38% ] 04/36 VUs  1m54.5s/5m0s  20.00 iters/s

running (1m56.0s), 04/36 VUs, 2291 complete and 0 interrupted iterations
peak_restaurant_view   [  39% ] 04/36 VUs  1m55.5s/5m0s  20.00 iters/s

running (1m57.0s), 04/36 VUs, 2311 complete and 0 interrupted iterations
peak_restaurant_view   [  39% ] 04/36 VUs  1m56.5s/5m0s  20.00 iters/s

running (1m58.0s), 04/36 VUs, 2331 complete and 0 interrupted iterations
peak_restaurant_view   [  39% ] 04/36 VUs  1m57.5s/5m0s  20.00 iters/s

running (1m59.0s), 04/36 VUs, 2351 complete and 0 interrupted iterations
peak_restaurant_view   [  40% ] 04/36 VUs  1m58.5s/5m0s  20.00 iters/s

running (2m00.0s), 05/36 VUs, 2370 complete and 0 interrupted iterations
peak_restaurant_view   [  40% ] 05/36 VUs  1m59.5s/5m0s  20.00 iters/s

running (2m01.0s), 03/36 VUs, 2392 complete and 0 interrupted iterations
peak_restaurant_view   [  40% ] 03/36 VUs  2m00.5s/5m0s  20.00 iters/s

running (2m02.0s), 04/36 VUs, 2411 complete and 0 interrupted iterations
peak_restaurant_view   [  41% ] 04/36 VUs  2m01.5s/5m0s  20.00 iters/s

running (2m03.0s), 05/36 VUs, 2430 complete and 0 interrupted iterations
peak_restaurant_view   [  41% ] 05/36 VUs  2m02.5s/5m0s  20.00 iters/s

running (2m04.0s), 04/36 VUs, 2451 complete and 0 interrupted iterations
peak_restaurant_view   [  41% ] 04/36 VUs  2m03.5s/5m0s  20.00 iters/s

running (2m05.0s), 04/36 VUs, 2471 complete and 0 interrupted iterations
peak_restaurant_view   [  42% ] 04/36 VUs  2m04.5s/5m0s  20.00 iters/s

running (2m06.0s), 04/36 VUs, 2491 complete and 0 interrupted iterations
peak_restaurant_view   [  42% ] 04/36 VUs  2m05.5s/5m0s  20.00 iters/s

running (2m07.0s), 04/36 VUs, 2511 complete and 0 interrupted iterations
peak_restaurant_view   [  42% ] 04/36 VUs  2m06.5s/5m0s  20.00 iters/s

running (2m08.0s), 04/36 VUs, 2531 complete and 0 interrupted iterations
peak_restaurant_view   [  43% ] 04/36 VUs  2m07.5s/5m0s  20.00 iters/s

running (2m09.0s), 04/36 VUs, 2551 complete and 0 interrupted iterations
peak_restaurant_view   [  43% ] 04/36 VUs  2m08.5s/5m0s  20.00 iters/s

running (2m10.0s), 04/36 VUs, 2571 complete and 0 interrupted iterations
peak_restaurant_view   [  43% ] 04/36 VUs  2m09.5s/5m0s  20.00 iters/s

running (2m11.0s), 04/36 VUs, 2591 complete and 0 interrupted iterations
peak_restaurant_view   [  44% ] 04/36 VUs  2m10.5s/5m0s  20.00 iters/s

running (2m12.0s), 03/36 VUs, 2612 complete and 0 interrupted iterations
peak_restaurant_view   [  44% ] 03/36 VUs  2m11.5s/5m0s  20.00 iters/s

running (2m13.0s), 04/36 VUs, 2631 complete and 0 interrupted iterations
peak_restaurant_view   [  44% ] 04/36 VUs  2m12.5s/5m0s  20.00 iters/s

running (2m14.0s), 05/36 VUs, 2650 complete and 0 interrupted iterations
peak_restaurant_view   [  45% ] 05/36 VUs  2m13.5s/5m0s  20.00 iters/s

running (2m15.0s), 07/36 VUs, 2668 complete and 0 interrupted iterations
peak_restaurant_view   [  45% ] 07/36 VUs  2m14.5s/5m0s  20.00 iters/s

running (2m16.0s), 04/36 VUs, 2691 complete and 0 interrupted iterations
peak_restaurant_view   [  45% ] 04/36 VUs  2m15.5s/5m0s  20.00 iters/s

running (2m17.0s), 04/36 VUs, 2711 complete and 0 interrupted iterations
peak_restaurant_view   [  46% ] 04/36 VUs  2m16.5s/5m0s  20.00 iters/s

running (2m18.0s), 04/36 VUs, 2731 complete and 0 interrupted iterations
peak_restaurant_view   [  46% ] 04/36 VUs  2m17.5s/5m0s  20.00 iters/s

running (2m19.0s), 03/36 VUs, 2752 complete and 0 interrupted iterations
peak_restaurant_view   [  46% ] 03/36 VUs  2m18.5s/5m0s  20.00 iters/s

running (2m20.0s), 03/36 VUs, 2772 complete and 0 interrupted iterations
peak_restaurant_view   [  47% ] 03/36 VUs  2m19.5s/5m0s  20.00 iters/s

running (2m21.0s), 04/36 VUs, 2791 complete and 0 interrupted iterations
peak_restaurant_view   [  47% ] 04/36 VUs  2m20.5s/5m0s  20.00 iters/s

running (2m22.0s), 04/36 VUs, 2811 complete and 0 interrupted iterations
peak_restaurant_view   [  47% ] 04/36 VUs  2m21.5s/5m0s  20.00 iters/s

running (2m23.0s), 03/36 VUs, 2832 complete and 0 interrupted iterations
peak_restaurant_view   [  48% ] 03/36 VUs  2m22.5s/5m0s  20.00 iters/s

running (2m24.0s), 03/36 VUs, 2852 complete and 0 interrupted iterations
peak_restaurant_view   [  48% ] 03/36 VUs  2m23.5s/5m0s  20.00 iters/s

running (2m25.0s), 03/36 VUs, 2872 complete and 0 interrupted iterations
peak_restaurant_view   [  48% ] 03/36 VUs  2m24.5s/5m0s  20.00 iters/s

running (2m26.0s), 04/36 VUs, 2891 complete and 0 interrupted iterations
peak_restaurant_view   [  49% ] 04/36 VUs  2m25.5s/5m0s  20.00 iters/s

running (2m27.0s), 04/36 VUs, 2911 complete and 0 interrupted iterations
peak_restaurant_view   [  49% ] 04/36 VUs  2m26.5s/5m0s  20.00 iters/s

running (2m28.0s), 03/36 VUs, 2932 complete and 0 interrupted iterations
peak_restaurant_view   [  49% ] 03/36 VUs  2m27.5s/5m0s  20.00 iters/s

running (2m29.0s), 06/36 VUs, 2949 complete and 0 interrupted iterations
peak_restaurant_view   [  50% ] 06/36 VUs  2m28.5s/5m0s  20.00 iters/s

running (2m30.0s), 15/36 VUs, 2960 complete and 0 interrupted iterations
peak_restaurant_view   [  50% ] 15/36 VUs  2m29.5s/5m0s  20.00 iters/s

running (2m31.0s), 26/36 VUs, 2969 complete and 0 interrupted iterations
peak_restaurant_view   [  50% ] 26/36 VUs  2m30.5s/5m0s  20.00 iters/s

running (2m32.0s), 19/36 VUs, 2996 complete and 0 interrupted iterations
peak_restaurant_view   [  51% ] 19/36 VUs  2m31.5s/5m0s  20.00 iters/s

running (2m33.0s), 11/36 VUs, 3024 complete and 0 interrupted iterations
peak_restaurant_view   [  51% ] 11/36 VUs  2m32.5s/5m0s  20.00 iters/s

running (2m34.0s), 03/36 VUs, 3052 complete and 0 interrupted iterations
peak_restaurant_view   [  51% ] 03/36 VUs  2m33.5s/5m0s  20.00 iters/s

running (2m35.0s), 05/36 VUs, 3070 complete and 0 interrupted iterations
peak_restaurant_view   [  52% ] 05/36 VUs  2m34.5s/5m0s  20.00 iters/s

running (2m36.0s), 04/36 VUs, 3091 complete and 0 interrupted iterations
peak_restaurant_view   [  52% ] 04/36 VUs  2m35.5s/5m0s  20.00 iters/s

running (2m37.0s), 04/36 VUs, 3111 complete and 0 interrupted iterations
peak_restaurant_view   [  52% ] 04/36 VUs  2m36.5s/5m0s  20.00 iters/s

running (2m38.0s), 04/36 VUs, 3131 complete and 0 interrupted iterations
peak_restaurant_view   [  53% ] 04/36 VUs  2m37.5s/5m0s  20.00 iters/s

running (2m39.0s), 04/36 VUs, 3151 complete and 0 interrupted iterations
peak_restaurant_view   [  53% ] 04/36 VUs  2m38.5s/5m0s  20.00 iters/s

running (2m40.0s), 04/36 VUs, 3171 complete and 0 interrupted iterations
peak_restaurant_view   [  53% ] 04/36 VUs  2m39.5s/5m0s  20.00 iters/s

running (2m41.0s), 03/36 VUs, 3192 complete and 0 interrupted iterations
peak_restaurant_view   [  54% ] 03/36 VUs  2m40.5s/5m0s  20.00 iters/s

running (2m42.0s), 04/36 VUs, 3211 complete and 0 interrupted iterations
peak_restaurant_view   [  54% ] 04/36 VUs  2m41.5s/5m0s  20.00 iters/s

running (2m43.0s), 04/36 VUs, 3231 complete and 0 interrupted iterations
peak_restaurant_view   [  54% ] 04/36 VUs  2m42.5s/5m0s  20.00 iters/s

running (2m44.0s), 04/36 VUs, 3251 complete and 0 interrupted iterations
peak_restaurant_view   [  55% ] 04/36 VUs  2m43.5s/5m0s  20.00 iters/s

running (2m45.0s), 05/36 VUs, 3270 complete and 0 interrupted iterations
peak_restaurant_view   [  55% ] 05/36 VUs  2m44.5s/5m0s  20.00 iters/s

running (2m46.0s), 06/36 VUs, 3289 complete and 0 interrupted iterations
peak_restaurant_view   [  55% ] 06/36 VUs  2m45.5s/5m0s  20.00 iters/s

running (2m47.0s), 04/36 VUs, 3311 complete and 0 interrupted iterations
peak_restaurant_view   [  56% ] 04/36 VUs  2m46.5s/5m0s  20.00 iters/s

running (2m48.0s), 04/36 VUs, 3331 complete and 0 interrupted iterations
peak_restaurant_view   [  56% ] 04/36 VUs  2m47.5s/5m0s  20.00 iters/s

running (2m49.0s), 03/36 VUs, 3352 complete and 0 interrupted iterations
peak_restaurant_view   [  56% ] 03/36 VUs  2m48.5s/5m0s  20.00 iters/s

running (2m50.0s), 04/36 VUs, 3371 complete and 0 interrupted iterations
peak_restaurant_view   [  57% ] 04/36 VUs  2m49.5s/5m0s  20.00 iters/s

running (2m51.0s), 04/36 VUs, 3391 complete and 0 interrupted iterations
peak_restaurant_view   [  57% ] 04/36 VUs  2m50.5s/5m0s  20.00 iters/s

running (2m52.0s), 03/36 VUs, 3412 complete and 0 interrupted iterations
peak_restaurant_view   [  57% ] 03/36 VUs  2m51.5s/5m0s  20.00 iters/s

running (2m53.0s), 04/36 VUs, 3431 complete and 0 interrupted iterations
peak_restaurant_view   [  58% ] 04/36 VUs  2m52.5s/5m0s  20.00 iters/s

running (2m54.0s), 04/36 VUs, 3451 complete and 0 interrupted iterations
peak_restaurant_view   [  58% ] 04/36 VUs  2m53.5s/5m0s  20.00 iters/s

running (2m55.0s), 04/36 VUs, 3471 complete and 0 interrupted iterations
peak_restaurant_view   [  58% ] 04/36 VUs  2m54.5s/5m0s  20.00 iters/s

running (2m56.0s), 04/36 VUs, 3491 complete and 0 interrupted iterations
peak_restaurant_view   [  59% ] 04/36 VUs  2m55.5s/5m0s  20.00 iters/s

running (2m57.0s), 03/36 VUs, 3512 complete and 0 interrupted iterations
peak_restaurant_view   [  59% ] 03/36 VUs  2m56.5s/5m0s  20.00 iters/s

running (2m58.0s), 03/36 VUs, 3532 complete and 0 interrupted iterations
peak_restaurant_view   [  59% ] 03/36 VUs  2m57.5s/5m0s  20.00 iters/s

running (2m59.0s), 05/36 VUs, 3550 complete and 0 interrupted iterations
peak_restaurant_view   [  60% ] 05/36 VUs  2m58.5s/5m0s  20.00 iters/s

running (3m00.0s), 04/36 VUs, 3571 complete and 0 interrupted iterations
peak_restaurant_view   [  60% ] 04/36 VUs  2m59.5s/5m0s  20.00 iters/s

running (3m01.0s), 04/36 VUs, 3591 complete and 0 interrupted iterations
peak_restaurant_view   [  60% ] 04/36 VUs  3m00.5s/5m0s  20.00 iters/s

running (3m02.0s), 04/36 VUs, 3611 complete and 0 interrupted iterations
peak_restaurant_view   [  61% ] 04/36 VUs  3m01.5s/5m0s  20.00 iters/s

running (3m03.0s), 04/36 VUs, 3631 complete and 0 interrupted iterations
peak_restaurant_view   [  61% ] 04/36 VUs  3m02.5s/5m0s  20.00 iters/s

running (3m04.0s), 04/36 VUs, 3651 complete and 0 interrupted iterations
peak_restaurant_view   [  61% ] 04/36 VUs  3m03.5s/5m0s  20.00 iters/s

running (3m05.0s), 04/36 VUs, 3671 complete and 0 interrupted iterations
peak_restaurant_view   [  62% ] 04/36 VUs  3m04.5s/5m0s  20.00 iters/s

running (3m06.0s), 04/36 VUs, 3691 complete and 0 interrupted iterations
peak_restaurant_view   [  62% ] 04/36 VUs  3m05.5s/5m0s  20.00 iters/s

running (3m07.0s), 03/36 VUs, 3712 complete and 0 interrupted iterations
peak_restaurant_view   [  62% ] 03/36 VUs  3m06.5s/5m0s  20.00 iters/s

running (3m08.0s), 04/36 VUs, 3731 complete and 0 interrupted iterations
peak_restaurant_view   [  63% ] 04/36 VUs  3m07.5s/5m0s  20.00 iters/s

running (3m09.0s), 03/36 VUs, 3752 complete and 0 interrupted iterations
peak_restaurant_view   [  63% ] 03/36 VUs  3m08.5s/5m0s  20.00 iters/s

running (3m10.0s), 03/36 VUs, 3772 complete and 0 interrupted iterations
peak_restaurant_view   [  63% ] 03/36 VUs  3m09.5s/5m0s  20.00 iters/s

running (3m11.0s), 03/36 VUs, 3792 complete and 0 interrupted iterations
peak_restaurant_view   [  64% ] 03/36 VUs  3m10.5s/5m0s  20.00 iters/s

running (3m12.0s), 04/36 VUs, 3811 complete and 0 interrupted iterations
peak_restaurant_view   [  64% ] 04/36 VUs  3m11.5s/5m0s  20.00 iters/s

running (3m13.0s), 04/36 VUs, 3831 complete and 0 interrupted iterations
peak_restaurant_view   [  64% ] 04/36 VUs  3m12.5s/5m0s  20.00 iters/s

running (3m14.0s), 04/36 VUs, 3851 complete and 0 interrupted iterations
peak_restaurant_view   [  65% ] 04/36 VUs  3m13.5s/5m0s  20.00 iters/s

running (3m15.0s), 05/36 VUs, 3870 complete and 0 interrupted iterations
peak_restaurant_view   [  65% ] 05/36 VUs  3m14.5s/5m0s  20.00 iters/s

running (3m16.0s), 04/36 VUs, 3891 complete and 0 interrupted iterations
peak_restaurant_view   [  65% ] 04/36 VUs  3m15.5s/5m0s  20.00 iters/s

running (3m17.0s), 03/36 VUs, 3912 complete and 0 interrupted iterations
peak_restaurant_view   [  66% ] 03/36 VUs  3m16.5s/5m0s  20.00 iters/s

running (3m18.0s), 03/36 VUs, 3932 complete and 0 interrupted iterations
peak_restaurant_view   [  66% ] 03/36 VUs  3m17.5s/5m0s  20.00 iters/s

running (3m19.0s), 03/36 VUs, 3952 complete and 0 interrupted iterations
peak_restaurant_view   [  66% ] 03/36 VUs  3m18.5s/5m0s  20.00 iters/s

running (3m20.0s), 03/36 VUs, 3972 complete and 0 interrupted iterations
peak_restaurant_view   [  67% ] 03/36 VUs  3m19.5s/5m0s  20.00 iters/s

running (3m21.0s), 04/36 VUs, 3991 complete and 0 interrupted iterations
peak_restaurant_view   [  67% ] 04/36 VUs  3m20.5s/5m0s  20.00 iters/s

running (3m22.0s), 04/36 VUs, 4011 complete and 0 interrupted iterations
peak_restaurant_view   [  67% ] 04/36 VUs  3m21.5s/5m0s  20.00 iters/s

running (3m23.0s), 03/36 VUs, 4032 complete and 0 interrupted iterations
peak_restaurant_view   [  68% ] 03/36 VUs  3m22.5s/5m0s  20.00 iters/s

running (3m24.0s), 04/36 VUs, 4051 complete and 0 interrupted iterations
peak_restaurant_view   [  68% ] 04/36 VUs  3m23.5s/5m0s  20.00 iters/s

running (3m25.0s), 04/36 VUs, 4071 complete and 0 interrupted iterations
peak_restaurant_view   [  68% ] 04/36 VUs  3m24.5s/5m0s  20.00 iters/s

running (3m26.0s), 03/36 VUs, 4092 complete and 0 interrupted iterations
peak_restaurant_view   [  69% ] 03/36 VUs  3m25.5s/5m0s  20.00 iters/s

running (3m27.0s), 03/36 VUs, 4112 complete and 0 interrupted iterations
peak_restaurant_view   [  69% ] 03/36 VUs  3m26.5s/5m0s  20.00 iters/s

running (3m28.0s), 03/36 VUs, 4132 complete and 0 interrupted iterations
peak_restaurant_view   [  69% ] 03/36 VUs  3m27.5s/5m0s  20.00 iters/s

running (3m29.0s), 09/36 VUs, 4146 complete and 0 interrupted iterations
peak_restaurant_view   [  70% ] 09/36 VUs  3m28.5s/5m0s  20.00 iters/s

running (3m30.0s), 19/36 VUs, 4156 complete and 0 interrupted iterations
peak_restaurant_view   [  70% ] 19/36 VUs  3m29.5s/5m0s  20.00 iters/s

running (3m31.0s), 34/36 VUs, 4161 complete and 0 interrupted iterations
peak_restaurant_view   [  70% ] 34/36 VUs  3m30.5s/5m0s  20.00 iters/s

running (3m32.0s), 27/36 VUs, 4188 complete and 0 interrupted iterations
peak_restaurant_view   [  71% ] 27/36 VUs  3m31.5s/5m0s  20.00 iters/s

running (3m33.0s), 20/36 VUs, 4215 complete and 0 interrupted iterations
peak_restaurant_view   [  71% ] 20/36 VUs  3m32.5s/5m0s  20.00 iters/s

running (3m34.0s), 10/36 VUs, 4245 complete and 0 interrupted iterations
peak_restaurant_view   [  71% ] 10/36 VUs  3m33.5s/5m0s  20.00 iters/s

running (3m35.0s), 04/36 VUs, 4271 complete and 0 interrupted iterations
peak_restaurant_view   [  72% ] 04/36 VUs  3m34.5s/5m0s  20.00 iters/s

running (3m36.0s), 03/36 VUs, 4292 complete and 0 interrupted iterations
peak_restaurant_view   [  72% ] 03/36 VUs  3m35.5s/5m0s  20.00 iters/s

running (3m37.0s), 04/36 VUs, 4311 complete and 0 interrupted iterations
peak_restaurant_view   [  72% ] 04/36 VUs  3m36.5s/5m0s  20.00 iters/s

running (3m38.0s), 04/36 VUs, 4331 complete and 0 interrupted iterations
peak_restaurant_view   [  73% ] 04/36 VUs  3m37.5s/5m0s  20.00 iters/s

running (3m39.0s), 04/36 VUs, 4351 complete and 0 interrupted iterations
peak_restaurant_view   [  73% ] 04/36 VUs  3m38.5s/5m0s  20.00 iters/s

running (3m40.0s), 04/36 VUs, 4371 complete and 0 interrupted iterations
peak_restaurant_view   [  73% ] 04/36 VUs  3m39.5s/5m0s  20.00 iters/s

running (3m41.0s), 04/36 VUs, 4391 complete and 0 interrupted iterations
peak_restaurant_view   [  74% ] 04/36 VUs  3m40.5s/5m0s  20.00 iters/s

running (3m42.0s), 04/36 VUs, 4411 complete and 0 interrupted iterations
peak_restaurant_view   [  74% ] 04/36 VUs  3m41.5s/5m0s  20.00 iters/s

running (3m43.0s), 04/36 VUs, 4431 complete and 0 interrupted iterations
peak_restaurant_view   [  74% ] 04/36 VUs  3m42.5s/5m0s  20.00 iters/s

running (3m44.0s), 04/36 VUs, 4451 complete and 0 interrupted iterations
peak_restaurant_view   [  75% ] 04/36 VUs  3m43.5s/5m0s  20.00 iters/s

running (3m45.0s), 06/36 VUs, 4469 complete and 0 interrupted iterations
peak_restaurant_view   [  75% ] 06/36 VUs  3m44.5s/5m0s  20.00 iters/s

running (3m46.0s), 04/36 VUs, 4491 complete and 0 interrupted iterations
peak_restaurant_view   [  75% ] 04/36 VUs  3m45.5s/5m0s  20.00 iters/s

running (3m47.0s), 04/36 VUs, 4511 complete and 0 interrupted iterations
peak_restaurant_view   [  76% ] 04/36 VUs  3m46.5s/5m0s  20.00 iters/s

running (3m48.0s), 04/36 VUs, 4531 complete and 0 interrupted iterations
peak_restaurant_view   [  76% ] 04/36 VUs  3m47.5s/5m0s  20.00 iters/s

running (3m49.0s), 04/36 VUs, 4551 complete and 0 interrupted iterations
peak_restaurant_view   [  76% ] 04/36 VUs  3m48.5s/5m0s  20.00 iters/s

running (3m50.0s), 03/36 VUs, 4572 complete and 0 interrupted iterations
peak_restaurant_view   [  77% ] 03/36 VUs  3m49.5s/5m0s  20.00 iters/s

running (3m51.0s), 04/36 VUs, 4591 complete and 0 interrupted iterations
peak_restaurant_view   [  77% ] 04/36 VUs  3m50.5s/5m0s  20.00 iters/s

running (3m52.0s), 03/36 VUs, 4612 complete and 0 interrupted iterations
peak_restaurant_view   [  77% ] 03/36 VUs  3m51.5s/5m0s  20.00 iters/s

running (3m53.0s), 04/36 VUs, 4631 complete and 0 interrupted iterations
peak_restaurant_view   [  78% ] 04/36 VUs  3m52.5s/5m0s  20.00 iters/s

running (3m54.0s), 04/36 VUs, 4651 complete and 0 interrupted iterations
peak_restaurant_view   [  78% ] 04/36 VUs  3m53.5s/5m0s  20.00 iters/s

running (3m55.0s), 04/36 VUs, 4671 complete and 0 interrupted iterations
peak_restaurant_view   [  78% ] 04/36 VUs  3m54.5s/5m0s  20.00 iters/s

running (3m56.0s), 04/36 VUs, 4691 complete and 0 interrupted iterations
peak_restaurant_view   [  79% ] 04/36 VUs  3m55.5s/5m0s  20.00 iters/s

running (3m57.0s), 04/36 VUs, 4711 complete and 0 interrupted iterations
peak_restaurant_view   [  79% ] 04/36 VUs  3m56.5s/5m0s  20.00 iters/s

running (3m58.0s), 03/36 VUs, 4732 complete and 0 interrupted iterations
peak_restaurant_view   [  79% ] 03/36 VUs  3m57.5s/5m0s  20.00 iters/s

running (3m59.0s), 05/36 VUs, 4750 complete and 0 interrupted iterations
peak_restaurant_view   [  80% ] 05/36 VUs  3m58.5s/5m0s  20.00 iters/s

running (4m00.0s), 04/36 VUs, 4771 complete and 0 interrupted iterations
peak_restaurant_view   [  80% ] 04/36 VUs  3m59.5s/5m0s  20.00 iters/s

running (4m01.0s), 03/36 VUs, 4792 complete and 0 interrupted iterations
peak_restaurant_view   [  80% ] 03/36 VUs  4m00.5s/5m0s  20.00 iters/s

running (4m02.0s), 04/36 VUs, 4811 complete and 0 interrupted iterations
peak_restaurant_view   [  81% ] 04/36 VUs  4m01.5s/5m0s  20.00 iters/s

running (4m03.0s), 03/36 VUs, 4832 complete and 0 interrupted iterations
peak_restaurant_view   [  81% ] 03/36 VUs  4m02.5s/5m0s  20.00 iters/s

running (4m04.0s), 04/36 VUs, 4851 complete and 0 interrupted iterations
peak_restaurant_view   [  81% ] 04/36 VUs  4m03.5s/5m0s  20.00 iters/s

running (4m05.0s), 04/36 VUs, 4871 complete and 0 interrupted iterations
peak_restaurant_view   [  82% ] 04/36 VUs  4m04.5s/5m0s  20.00 iters/s

running (4m06.0s), 03/36 VUs, 4892 complete and 0 interrupted iterations
peak_restaurant_view   [  82% ] 03/36 VUs  4m05.5s/5m0s  20.00 iters/s

running (4m07.0s), 03/36 VUs, 4912 complete and 0 interrupted iterations
peak_restaurant_view   [  82% ] 03/36 VUs  4m06.5s/5m0s  20.00 iters/s

running (4m08.0s), 04/36 VUs, 4931 complete and 0 interrupted iterations
peak_restaurant_view   [  83% ] 04/36 VUs  4m07.5s/5m0s  20.00 iters/s

running (4m09.0s), 03/36 VUs, 4952 complete and 0 interrupted iterations
peak_restaurant_view   [  83% ] 03/36 VUs  4m08.5s/5m0s  20.00 iters/s

running (4m10.0s), 04/36 VUs, 4971 complete and 0 interrupted iterations
peak_restaurant_view   [  83% ] 04/36 VUs  4m09.5s/5m0s  20.00 iters/s

running (4m11.0s), 03/36 VUs, 4992 complete and 0 interrupted iterations
peak_restaurant_view   [  84% ] 03/36 VUs  4m10.5s/5m0s  20.00 iters/s

running (4m12.0s), 04/36 VUs, 5011 complete and 0 interrupted iterations
peak_restaurant_view   [  84% ] 04/36 VUs  4m11.5s/5m0s  20.00 iters/s

running (4m13.0s), 04/36 VUs, 5031 complete and 0 interrupted iterations
peak_restaurant_view   [  84% ] 04/36 VUs  4m12.5s/5m0s  20.00 iters/s

running (4m14.0s), 04/36 VUs, 5051 complete and 0 interrupted iterations
peak_restaurant_view   [  85% ] 04/36 VUs  4m13.5s/5m0s  20.00 iters/s

running (4m15.0s), 04/36 VUs, 5071 complete and 0 interrupted iterations
peak_restaurant_view   [  85% ] 04/36 VUs  4m14.5s/5m0s  20.00 iters/s

running (4m16.0s), 03/36 VUs, 5092 complete and 0 interrupted iterations
peak_restaurant_view   [  85% ] 03/36 VUs  4m15.5s/5m0s  20.00 iters/s

running (4m17.0s), 03/36 VUs, 5112 complete and 0 interrupted iterations
peak_restaurant_view   [  86% ] 03/36 VUs  4m16.5s/5m0s  20.00 iters/s

running (4m18.0s), 04/36 VUs, 5131 complete and 0 interrupted iterations
peak_restaurant_view   [  86% ] 04/36 VUs  4m17.5s/5m0s  20.00 iters/s

running (4m19.0s), 03/36 VUs, 5152 complete and 0 interrupted iterations
peak_restaurant_view   [  86% ] 03/36 VUs  4m18.5s/5m0s  20.00 iters/s

running (4m20.0s), 04/36 VUs, 5171 complete and 0 interrupted iterations
peak_restaurant_view   [  87% ] 04/36 VUs  4m19.5s/5m0s  20.00 iters/s

running (4m21.0s), 04/36 VUs, 5191 complete and 0 interrupted iterations
peak_restaurant_view   [  87% ] 04/36 VUs  4m20.5s/5m0s  20.00 iters/s

running (4m22.0s), 04/36 VUs, 5211 complete and 0 interrupted iterations
peak_restaurant_view   [  87% ] 04/36 VUs  4m21.5s/5m0s  20.00 iters/s

running (4m23.0s), 04/36 VUs, 5231 complete and 0 interrupted iterations
peak_restaurant_view   [  88% ] 04/36 VUs  4m22.5s/5m0s  20.00 iters/s

running (4m24.0s), 04/36 VUs, 5251 complete and 0 interrupted iterations
peak_restaurant_view   [  88% ] 04/36 VUs  4m23.5s/5m0s  20.00 iters/s

running (4m25.0s), 04/36 VUs, 5271 complete and 0 interrupted iterations
peak_restaurant_view   [  88% ] 04/36 VUs  4m24.5s/5m0s  20.00 iters/s

running (4m26.0s), 04/36 VUs, 5291 complete and 0 interrupted iterations
peak_restaurant_view   [  89% ] 04/36 VUs  4m25.5s/5m0s  20.00 iters/s

running (4m27.0s), 03/36 VUs, 5312 complete and 0 interrupted iterations
peak_restaurant_view   [  89% ] 03/36 VUs  4m26.5s/5m0s  20.00 iters/s

running (4m28.0s), 03/36 VUs, 5332 complete and 0 interrupted iterations
peak_restaurant_view   [  89% ] 03/36 VUs  4m27.5s/5m0s  20.00 iters/s

running (4m29.0s), 13/36 VUs, 5342 complete and 0 interrupted iterations
peak_restaurant_view   [  90% ] 13/36 VUs  4m28.5s/5m0s  20.00 iters/s

running (4m30.0s), 19/36 VUs, 5356 complete and 0 interrupted iterations
peak_restaurant_view   [  90% ] 19/36 VUs  4m29.5s/5m0s  20.00 iters/s

running (4m31.0s), 29/36 VUs, 5366 complete and 0 interrupted iterations
peak_restaurant_view   [  90% ] 29/36 VUs  4m30.5s/5m0s  20.00 iters/s

running (4m32.0s), 22/36 VUs, 5393 complete and 0 interrupted iterations
peak_restaurant_view   [  91% ] 22/36 VUs  4m31.5s/5m0s  20.00 iters/s

running (4m33.0s), 16/36 VUs, 5419 complete and 0 interrupted iterations
peak_restaurant_view   [  91% ] 16/36 VUs  4m32.5s/5m0s  20.00 iters/s

running (4m34.0s), 09/36 VUs, 5446 complete and 0 interrupted iterations
peak_restaurant_view   [  91% ] 09/36 VUs  4m33.5s/5m0s  20.00 iters/s

running (4m35.0s), 04/36 VUs, 5471 complete and 0 interrupted iterations
peak_restaurant_view   [  92% ] 04/36 VUs  4m34.5s/5m0s  20.00 iters/s

running (4m36.0s), 04/36 VUs, 5491 complete and 0 interrupted iterations
peak_restaurant_view   [  92% ] 04/36 VUs  4m35.5s/5m0s  20.00 iters/s

running (4m37.0s), 04/36 VUs, 5511 complete and 0 interrupted iterations
peak_restaurant_view   [  92% ] 04/36 VUs  4m36.5s/5m0s  20.00 iters/s

running (4m38.0s), 04/36 VUs, 5531 complete and 0 interrupted iterations
peak_restaurant_view   [  93% ] 04/36 VUs  4m37.5s/5m0s  20.00 iters/s

running (4m39.0s), 04/36 VUs, 5551 complete and 0 interrupted iterations
peak_restaurant_view   [  93% ] 04/36 VUs  4m38.5s/5m0s  20.00 iters/s

running (4m40.0s), 04/36 VUs, 5571 complete and 0 interrupted iterations
peak_restaurant_view   [  93% ] 04/36 VUs  4m39.5s/5m0s  20.00 iters/s

running (4m41.0s), 04/36 VUs, 5591 complete and 0 interrupted iterations
peak_restaurant_view   [  94% ] 04/36 VUs  4m40.5s/5m0s  20.00 iters/s

running (4m42.0s), 05/36 VUs, 5610 complete and 0 interrupted iterations
peak_restaurant_view   [  94% ] 05/36 VUs  4m41.5s/5m0s  20.00 iters/s

running (4m43.0s), 04/36 VUs, 5631 complete and 0 interrupted iterations
peak_restaurant_view   [  94% ] 04/36 VUs  4m42.5s/5m0s  20.00 iters/s

running (4m44.0s), 04/36 VUs, 5651 complete and 0 interrupted iterations
peak_restaurant_view   [  95% ] 04/36 VUs  4m43.5s/5m0s  20.00 iters/s

running (4m45.0s), 04/36 VUs, 5671 complete and 0 interrupted iterations
peak_restaurant_view   [  95% ] 04/36 VUs  4m44.5s/5m0s  20.00 iters/s

running (4m46.0s), 04/36 VUs, 5691 complete and 0 interrupted iterations
peak_restaurant_view   [  95% ] 04/36 VUs  4m45.5s/5m0s  20.00 iters/s

running (4m47.0s), 03/36 VUs, 5712 complete and 0 interrupted iterations
peak_restaurant_view   [  96% ] 03/36 VUs  4m46.5s/5m0s  20.00 iters/s

running (4m48.0s), 03/36 VUs, 5732 complete and 0 interrupted iterations
peak_restaurant_view   [  96% ] 03/36 VUs  4m47.5s/5m0s  20.00 iters/s

running (4m49.0s), 04/36 VUs, 5751 complete and 0 interrupted iterations
peak_restaurant_view   [  96% ] 04/36 VUs  4m48.5s/5m0s  20.00 iters/s

running (4m50.0s), 04/36 VUs, 5771 complete and 0 interrupted iterations
peak_restaurant_view   [  97% ] 04/36 VUs  4m49.5s/5m0s  20.00 iters/s

running (4m51.0s), 03/36 VUs, 5792 complete and 0 interrupted iterations
peak_restaurant_view   [  97% ] 03/36 VUs  4m50.5s/5m0s  20.00 iters/s

running (4m52.0s), 03/36 VUs, 5812 complete and 0 interrupted iterations
peak_restaurant_view   [  97% ] 03/36 VUs  4m51.5s/5m0s  20.00 iters/s

running (4m53.0s), 04/36 VUs, 5831 complete and 0 interrupted iterations
peak_restaurant_view   [  98% ] 04/36 VUs  4m52.5s/5m0s  20.00 iters/s

running (4m54.0s), 04/36 VUs, 5851 complete and 0 interrupted iterations
peak_restaurant_view   [  98% ] 04/36 VUs  4m53.5s/5m0s  20.00 iters/s

running (4m55.0s), 03/36 VUs, 5872 complete and 0 interrupted iterations
peak_restaurant_view   [  98% ] 03/36 VUs  4m54.5s/5m0s  20.00 iters/s

running (4m56.0s), 04/36 VUs, 5891 complete and 0 interrupted iterations
peak_restaurant_view   [  99% ] 04/36 VUs  4m55.5s/5m0s  20.00 iters/s

running (4m57.0s), 04/36 VUs, 5911 complete and 0 interrupted iterations
peak_restaurant_view   [  99% ] 04/36 VUs  4m56.5s/5m0s  20.00 iters/s

running (4m58.0s), 04/36 VUs, 5931 complete and 0 interrupted iterations
peak_restaurant_view   [  99% ] 04/36 VUs  4m57.5s/5m0s  20.00 iters/s

running (4m59.0s), 05/36 VUs, 5950 complete and 0 interrupted iterations
peak_restaurant_view   [ 100% ] 05/36 VUs  4m58.5s/5m0s  20.00 iters/s

running (5m00.0s), 04/36 VUs, 5971 complete and 0 interrupted iterations
peak_restaurant_view   [ 100% ] 04/36 VUs  4m59.5s/5m0s  20.00 iters/s


  █ TOTAL RESULTS 

    checks_total.......: 23936   79.632623/s
    checks_succeeded...: 100.00% 23936 out of 23936
    checks_failed......: 0.00%   0 out of 23936

    ✓ peak_restaurant_detail status is 200
    ✓ peak_restaurant_detail body.success is true
    ✓ peak_dining_sessions status is 200
    ✓ peak_dining_sessions body.success is true

    HTTP
    http_req_duration..............: avg=145.19ms min=6.5ms    med=177.39ms max=2.46s p(90)=261.43ms p(95)=407.84ms p(99)=962.25ms
      { expected_response:true }...: avg=145.19ms min=6.5ms    med=177.39ms max=2.46s p(90)=261.43ms p(95)=407.84ms p(99)=962.25ms
    http_req_failed................: 0.00%  0 out of 11973
    http_reqs......................: 11973  39.832946/s

    EXECUTION
    dropped_iterations.............: 16     0.05323/s
    iteration_duration.............: avg=292ms    min=169.04ms med=217.94ms max=3.36s p(90)=384.58ms p(95)=772.73ms p(99)=1.6s    
    iterations.....................: 5984   19.908156/s
    vus............................: 4      min=3          max=34
    vus_max........................: 36     min=20         max=36

    NETWORK
    data_received..................: 115 MB 381 kB/s
    data_sent......................: 1.3 MB 4.3 kB/s




running (5m00.6s), 00/36 VUs, 5984 complete and 0 interrupted iterations
peak_restaurant_view ✓ [ 100% ] 00/36 VUs  5m0s  20.00 iters/s
