
         /\      Grafana   /‾‾/  
    /\  /  \     |\  __   /  /   
   /  \/    \    | |/ /  /   ‾‾\ 
  /          \   |   (  |  (‾)  |
 / __________ \  |_|\_\  \_____/ 


     execution: local
        script: k6/scenarios/peak-reservation-create-race.js
        output: -

     scenarios: (100.00%) 1 scenario, 20 max VUs, 1m0s max duration (incl. graceful stop):
              * peak_create_race: 1 iterations for each of 20 VUs (maxDuration: 30s, gracefulStop: 30s)


Run                [ 100% ] setup()
peak_create_race   [   0% ]

Run                [ 100% ] setup()
peak_create_race   [   0% ]

Run                [ 100% ] setup()
peak_create_race   [   0% ]

Run                [ 100% ] setup()
peak_create_race   [   0% ]
time="2026-08-11T21:03:45+09:00" level=info msg="teardown 검증 성공: 회차 8853는 경쟁 종료 후에도 CREATE 배타 선점이 유지된다(정합성 위반 없음)." source=console


  █ THRESHOLDS 

    checks
    ✓ 'rate==1.0' rate=100.00%

    peak_create_race_conflict
    ✓ 'count==19' count=19

    peak_create_race_success
    ✓ 'count==1' count=1

    peak_create_race_unexpected
    ✓ 'count==0' count=0


  █ TOTAL RESULTS 

    checks_total.......: 21      5.061745/s
    checks_succeeded...: 100.00% 21 out of 21
    checks_failed......: 0.00%   0 out of 21

    ✓ peak_create_race: 성공(200) 또는 예상된 경쟁 실패(409)
    ✓ peak_create_race teardown: 경쟁 종료 후에도 CREATE 배타 선점이 유지된다

    CUSTOM
    peak_create_race_conflict......: 19     4.579674/s
    peak_create_race_success.......: 1      0.241035/s
    peak_create_race_unexpected....: 0      0/s

    HTTP
    http_req_duration..............: avg=75.81ms min=9.46ms  med=82.18ms max=137.36ms p(90)=102.21ms p(95)=111.95ms
      { expected_response:true }...: avg=82.34ms min=9.46ms  med=83.28ms max=137.36ms p(90)=105.38ms p(95)=120.71ms
    http_req_failed................: 28.98% 20 out of 69
    http_reqs......................: 69     16.631447/s

    EXECUTION
    iteration_duration.............: avg=60.85ms min=18.25ms med=61.67ms max=101.02ms p(90)=93.71ms  p(95)=97.46ms 
    iterations.....................: 20     4.820709/s
    vus............................: 0      min=0        max=0 
    vus_max........................: 20     min=20       max=20

    NETWORK
    data_received..................: 43 kB  10 kB/s
    data_sent......................: 22 kB  5.3 kB/s




running (0m04.1s), 00/20 VUs, 20 complete and 0 interrupted iterations
peak_create_race ✓ [ 100% ] 20 VUs  00.1s/30s  20/20 iters, 1 per VU
