
         /\      Grafana   /‾‾/  
    /\  /  \     |\  __   /  /   
   /  \/    \    | |/ /  /   ‾‾\ 
  /          \   |   (  |  (‾)  |
 / __________ \  |_|\_\  \_____/ 


     execution: local
        script: k6/scenarios/peak-reservation-create-race.js
        output: -

     scenarios: (100.00%) 1 scenario, 10 max VUs, 1m0s max duration (incl. graceful stop):
              * peak_create_race: 1 iterations for each of 10 VUs (maxDuration: 30s, gracefulStop: 30s)


Run                [ 100% ] setup()
peak_create_race   [   0% ]

Run                [ 100% ] setup()
peak_create_race   [   0% ]
time="2026-08-12T15:07:40+09:00" level=info msg="teardown 검증 성공: 회차 595는 경쟁 종료 후에도 CREATE 배타 선점이 유지된다(정합성 위반 없음)." source=console


  █ THRESHOLDS 

    checks
    ✓ 'rate==1.0' rate=100.00%

    peak_create_race_conflict
    ✓ 'count==9' count=9

    peak_create_race_success
    ✓ 'count==1' count=1

    peak_create_race_unexpected
    ✓ 'count==0' count=0


  █ TOTAL RESULTS 

    checks_total.......: 11      4.657333/s
    checks_succeeded...: 100.00% 11 out of 11
    checks_failed......: 0.00%   0 out of 11

    ✓ peak_create_race: 성공(200) 또는 예상된 경쟁 실패(409)
    ✓ peak_create_race teardown: 경쟁 종료 후에도 CREATE 배타 선점이 유지된다

    CUSTOM
    peak_create_race_conflict......: 9      3.810545/s
    peak_create_race_success.......: 1      0.423394/s
    peak_create_race_unexpected....: 0      0/s

    HTTP
    http_req_duration..............: avg=68.85ms min=12.18ms med=87.71ms max=100.23ms p(90)=94.16ms p(95)=94.61ms p(99)=98.83ms
      { expected_response:true }...: avg=78.24ms min=12.64ms med=89.01ms max=100.23ms p(90)=94.32ms p(95)=95.69ms p(99)=99.2ms 
    http_req_failed................: 25.64% 10 out of 39
    http_reqs......................: 39     16.512361/s

    EXECUTION
    iteration_duration.............: avg=49.24ms min=36.83ms med=50.02ms max=60.37ms  p(90)=59.46ms p(95)=59.92ms p(99)=60.28ms
    iterations.....................: 10     4.233939/s
    vus............................: 0      min=0        max=0 
    vus_max........................: 10     min=10       max=10

    NETWORK
    data_received..................: 24 kB  10 kB/s
    data_sent......................: 13 kB  5.4 kB/s




running (0m02.4s), 00/10 VUs, 10 complete and 0 interrupted iterations
peak_create_race ✓ [ 100% ] 10 VUs  00.1s/30s  10/10 iters, 1 per VU
