
         /\      Grafana   /‾‾/  
    /\  /  \     |\  __   /  /   
   /  \/    \    | |/ /  /   ‾‾\ 
  /          \   |   (  |  (‾)  |
 / __________ \  |_|\_\  \_____/ 


     execution: local
        script: k6/scenarios/peak-reservation-create-race.js
        output: -

     scenarios: (100.00%) 1 scenario, 500 max VUs, 1m0s max duration (incl. graceful stop):
              * peak_create_race: 1 iterations for each of 500 VUs (maxDuration: 30s, gracefulStop: 30s)


Run                [ 100% ] setup()
peak_create_race   [   0% ]

Run                [ 100% ] setup()
peak_create_race   [   0% ]

Run                [ 100% ] setup()
peak_create_race   [   0% ]

Run                [ 100% ] setup()
peak_create_race   [   0% ]

Run                [ 100% ] setup()
peak_create_race   [   0% ]

Run                [ 100% ] setup()
peak_create_race   [   0% ]

Run                [ 100% ] setup()
peak_create_race   [   0% ]

Run                [ 100% ] setup()
peak_create_race   [   0% ]

Run                [ 100% ] setup()
peak_create_race   [   0% ]

Run                [ 100% ] setup()
peak_create_race   [   0% ]

Run                [ 100% ] setup()
peak_create_race   [   0% ]

Run                [ 100% ] setup()
peak_create_race   [   0% ]

Run                [ 100% ] setup()
peak_create_race   [   0% ]

Run                [ 100% ] setup()
peak_create_race   [   0% ]

Run                [ 100% ] setup()
peak_create_race   [   0% ]

Run                [ 100% ] setup()
peak_create_race   [   0% ]

Run                [ 100% ] setup()
peak_create_race   [   0% ]

Run                [ 100% ] setup()
peak_create_race   [   0% ]

Run                [ 100% ] setup()
peak_create_race   [   0% ]

Run                [ 100% ] setup()
peak_create_race   [   0% ]

Run                [ 100% ] setup()
peak_create_race   [   0% ]

Run                [ 100% ] setup()
peak_create_race   [   0% ]

Run                [ 100% ] setup()
peak_create_race   [   0% ]

Run                [ 100% ] setup()
peak_create_race   [   0% ]

Run                [ 100% ] setup()
peak_create_race   [   0% ]

Run                [ 100% ] setup()
peak_create_race   [   0% ]

Run                [ 100% ] setup()
peak_create_race   [   0% ]

Run                [ 100% ] setup()
peak_create_race   [   0% ]

Run                [ 100% ] setup()
peak_create_race   [   0% ]

Run                [ 100% ] setup()
peak_create_race   [   0% ]

Run                [ 100% ] setup()
peak_create_race   [   0% ]

Run                [ 100% ] setup()
peak_create_race   [   0% ]

Run                [ 100% ] setup()
peak_create_race   [   0% ]

Run                [ 100% ] setup()
peak_create_race   [   0% ]

Run                [ 100% ] setup()
peak_create_race   [   0% ]

Run                [ 100% ] setup()
peak_create_race   [   0% ]

Run                [ 100% ] setup()
peak_create_race   [   0% ]

Run                [ 100% ] setup()
peak_create_race   [   0% ]

Run                [ 100% ] setup()
peak_create_race   [   0% ]

Run                [ 100% ] setup()
peak_create_race   [   0% ]

Run                [ 100% ] setup()
peak_create_race   [   0% ]

Run                [ 100% ] setup()
peak_create_race   [   0% ]

Run                [ 100% ] setup()
peak_create_race   [   0% ]

Run                [ 100% ] setup()
peak_create_race   [   0% ]

Run                [ 100% ] setup()
peak_create_race   [   0% ]

Run                [ 100% ] setup()
peak_create_race   [   0% ]

Run                [ 100% ] setup()
peak_create_race   [   0% ]

Run                [ 100% ] setup()
peak_create_race   [   0% ]

Run                [ 100% ] setup()
peak_create_race   [   0% ]

Run                [ 100% ] setup()
peak_create_race   [   0% ]

Run                [ 100% ] setup()
peak_create_race   [   0% ]

Run                [ 100% ] setup()
peak_create_race   [   0% ]

Run                [ 100% ] setup()
peak_create_race   [   0% ]

Run                [ 100% ] setup()
peak_create_race   [   0% ]

Run                [ 100% ] setup()
peak_create_race   [   0% ]

Run                [ 100% ] setup()
peak_create_race   [   0% ]

Run                [ 100% ] setup()
peak_create_race   [   0% ]

Run                [ 100% ] setup()
peak_create_race   [   0% ]

Run                [ 100% ] setup()
peak_create_race   [   0% ]

Run                [ 100% ] setup()
peak_create_race   [   0% ]

Run                [ 100% ] setup()
peak_create_race   [   0% ]

Run                [ 100% ] setup()
peak_create_race   [   0% ]

Run                [ 100% ] setup()
peak_create_race   [   0% ]

Run                [ 100% ] setup()
peak_create_race   [   0% ]

Run                [ 100% ] setup()
peak_create_race   [   0% ]

Run                [ 100% ] setup()
peak_create_race   [   0% ]

Run                [ 100% ] setup()
peak_create_race   [   0% ]

Run                [ 100% ] setup()
peak_create_race   [   0% ]

Run                [ 100% ] setup()
peak_create_race   [   0% ]

Run                [ 100% ] setup()
peak_create_race   [   0% ]

Run                [ 100% ] setup()
peak_create_race   [   0% ]

Run                [ 100% ] setup()
peak_create_race   [   0% ]

Run                [ 100% ] setup()
peak_create_race   [   0% ]

Run                [ 100% ] setup()
peak_create_race   [   0% ]

Run                [ 100% ] setup()
peak_create_race   [   0% ]

Run                [ 100% ] setup()
peak_create_race   [   0% ]

Run                [ 100% ] setup()
peak_create_race   [   0% ]

Run                [ 100% ] setup()
peak_create_race   [   0% ]

Run                [ 100% ] setup()
peak_create_race   [   0% ]

Run                [ 100% ] setup()
peak_create_race   [   0% ]

Run                [ 100% ] setup()
peak_create_race   [   0% ]

Run                [ 100% ] setup()
peak_create_race   [   0% ]

Run                [ 100% ] setup()
peak_create_race   [   0% ]

Run                [ 100% ] setup()
peak_create_race   [   0% ]

Run                [ 100% ] setup()
peak_create_race   [   0% ]

Run                [ 100% ] setup()
peak_create_race   [   0% ]

Run                [ 100% ] setup()
peak_create_race   [   0% ]

Run                [ 100% ] setup()
peak_create_race   [   0% ]

Run                [ 100% ] setup()
peak_create_race   [   0% ]

Run                [ 100% ] setup()
peak_create_race   [   0% ]

Run                [ 100% ] setup()
peak_create_race   [   0% ]

Run                [ 100% ] setup()
peak_create_race   [   0% ]

Run                [ 100% ] setup()
peak_create_race   [   0% ]

Run                [ 100% ] setup()
peak_create_race   [   0% ]

Run                [ 100% ] setup()
peak_create_race   [   0% ]

Run                [ 100% ] setup()
peak_create_race   [   0% ]

Run                [ 100% ] setup()
peak_create_race   [   0% ]

Run                [ 100% ] setup()
peak_create_race   [   0% ]

Run                [ 100% ] setup()
peak_create_race   [   0% ]

Run                [ 100% ] setup()
peak_create_race   [   0% ]

Run                [ 100% ] setup()
peak_create_race   [   0% ]

Run                [ 100% ] setup()
peak_create_race   [   0% ]

Run                [ 100% ] setup()
peak_create_race   [   0% ]

Run                [ 100% ] setup()
peak_create_race   [   0% ]

running (1m44.9s), 461/500 VUs, 39 complete and 0 interrupted iterations
peak_create_race   [   8% ] 500 VUs  00.3s/30s  039/500 iters, 1 per VU

running (1m45.9s), 202/500 VUs, 298 complete and 0 interrupted iterations
peak_create_race   [  60% ] 500 VUs  01.3s/30s  298/500 iters, 1 per VU
time="2026-08-12T16:00:46+09:00" level=info msg="teardown 검증 성공: 회차 609는 경쟁 종료 후에도 CREATE 배타 선점이 유지된다(정합성 위반 없음)." source=console
[32m     ✓ peak_create_race: 성공(200) 또는 예상된 경쟁 실패(409)[0m

     █ teardown

[32m       ✓ peak_create_race teardown: 경쟁 종료 후에도 CREATE 배타 선점이 유지된다[0m

   [32m✓[0m checks[2m.........................:[0m [36m100.00%[0m [36;2m✓ 501[0m       [36;2m✗ 0[0m    
     data_received[2m..................:[0m [36m937 kB[0m  [36;2m8.8 kB/s[0m
     data_sent[2m......................:[0m [36m484 kB[0m  [36;2m4.5 kB/s[0m
     http_req_blocked[2m...............:[0m avg=[36m3.97ms[0m      min=[36m1µs[0m     med=[36m5µs[0m       max=[36m29.74ms[0m  p(90)=[36m14.65ms[0m   p(95)=[36m16.42ms[0m   p(99)=[36m18.2ms[0m  
     http_req_connecting[2m............:[0m avg=[36m3.92ms[0m      min=[36m0s[0m      med=[36m0s[0m        max=[36m28.44ms[0m  p(90)=[36m14.44ms[0m   p(95)=[36m16.37ms[0m   p(99)=[36m18.16ms[0m 
     http_req_duration[2m..............:[0m avg=[36m412.63ms[0m    min=[36m10.84ms[0m med=[36m102.47ms[0m  max=[36m1.86s[0m    p(90)=[36m1.38s[0m     p(95)=[36m1.62s[0m     p(99)=[36m1.81s[0m   
       { expected_response:true }[2m...:[0m avg=[36m103.45ms[0m    min=[36m14.01ms[0m med=[36m96.05ms[0m   max=[36m766.85ms[0m p(90)=[36m113.15ms[0m  p(95)=[36m127.84ms[0m  p(99)=[36m310.34ms[0m
     http_req_failed[2m................:[0m [36m33.13%[0m  [36;2m✓ 500[0m       [36;2m✗ 1009[0m 
     http_req_receiving[2m.............:[0m avg=[36m88.78µs[0m     min=[36m10µs[0m    med=[36m65µs[0m      max=[36m9.69ms[0m   p(90)=[36m122µs[0m     p(95)=[36m145µs[0m     p(99)=[36m374.03µs[0m
     http_req_sending[2m...............:[0m avg=[36m182.25µs[0m    min=[36m6µs[0m     med=[36m19µs[0m      max=[36m6.82ms[0m   p(90)=[36m103.4µs[0m   p(95)=[36m839.19µs[0m  p(99)=[36m5.2ms[0m   
     http_req_tls_handshaking[2m.......:[0m avg=[36m0s[0m          min=[36m0s[0m      med=[36m0s[0m        max=[36m0s[0m       p(90)=[36m0s[0m        p(95)=[36m0s[0m        p(99)=[36m0s[0m      
     http_req_waiting[2m...............:[0m avg=[36m412.36ms[0m    min=[36m10.77ms[0m med=[36m102.37ms[0m  max=[36m1.86s[0m    p(90)=[36m1.38s[0m     p(95)=[36m1.62s[0m     p(99)=[36m1.81s[0m   
     http_reqs[2m......................:[0m [36m1509[0m    [36;2m14.153279/s[0m
     iteration_duration[2m.............:[0m avg=[36m1.04s[0m       min=[36m49.35ms[0m med=[36m1.08s[0m     max=[36m1.86s[0m    p(90)=[36m1.72s[0m     p(95)=[36m1.79s[0m     p(99)=[36m1.85s[0m   
     iterations[2m.....................:[0m [36m500[0m     [36;2m4.689622/s[0m
   [32m✓[0m peak_create_race_conflict[2m......:[0m [36m499[0m     [36;2m4.680243/s[0m
     peak_create_race_duration[2m......:[0m avg=[36m1036.610392[0m min=[36m31.733[0m  med=[36m1075.1115[0m max=[36m1861.773[0m p(90)=[36m1714.3176[0m p(95)=[36m1789.0061[0m p(99)=[36m1836.74[0m 
   [32m✓[0m peak_create_race_success[2m.......:[0m [36m1[0m       [36;2m0.009379/s[0m
   [32m✓[0m peak_create_race_unexpected[2m....:[0m [36m0[0m       [36;2m0/s[0m
     vus[2m............................:[0m [36m202[0m     [36;2mmin=0[0m       [36;2mmax=461[0m
     vus_max[2m........................:[0m [36m500[0m     [36;2mmin=500[0m     [36;2mmax=500[0m

running (1m46.6s), 000/500 VUs, 500 complete and 0 interrupted iterations
peak_create_race ✓ [ 100% ] 500 VUs  01.9s/30s  500/500 iters, 1 per VU
