
         /\      Grafana   /‾‾/  
    /\  /  \     |\  __   /  /   
   /  \/    \    | |/ /  /   ‾‾\ 
  /          \   |   (  |  (‾)  |
 / __________ \  |_|\_\  \_____/ 


     execution: local
        script: k6/scenarios/peak-reservation-create-race.js
        output: -

     scenarios: (100.00%) 1 scenario, 20 max VUs, 1m0s max duration (incl. graceful stop):
              * peak_create_race: 1 iterations for each of 20 VUs (maxDuration: 30s, gracefulStop: 30s)


Run                [ 100% ] setup()
peak_create_race   [   0% ]

Run                [ 100% ] setup()
peak_create_race   [   0% ]

Run                [ 100% ] setup()
peak_create_race   [   0% ]

Run                [ 100% ] setup()
peak_create_race   [   0% ]
time="2026-08-12T10:31:22+09:00" level=info msg="teardown 검증 성공: 회차 102는 경쟁 종료 후에도 CREATE 배타 선점이 유지된다(정합성 위반 없음)." source=console


  █ THRESHOLDS 

    checks
    ✓ 'rate==1.0' rate=100.00%

    peak_create_race_conflict
    ✓ 'count==19' count=19

    peak_create_race_success
    ✓ 'count==1' count=1

    peak_create_race_unexpected
    ✓ 'count==0' count=0


  █ TOTAL RESULTS 

    checks_total.......: 21      4.491691/s
    checks_succeeded...: 100.00% 21 out of 21
    checks_failed......: 0.00%   0 out of 21

    ✓ peak_create_race: 성공(200) 또는 예상된 경쟁 실패(409)
    ✓ peak_create_race teardown: 경쟁 종료 후에도 CREATE 배타 선점이 유지된다

    CUSTOM
    peak_create_race_conflict......: 19     4.063911/s
    peak_create_race_success.......: 1      0.21389/s
    peak_create_race_unexpected....: 0      0/s

    HTTP
    http_req_duration..............: avg=105.52ms min=19.73ms med=97.62ms  max=209.44ms p(90)=163.12ms p(95)=187.43ms
      { expected_response:true }...: avg=90.91ms  min=19.73ms med=96.63ms  max=113.42ms p(90)=101.76ms p(95)=105.24ms
    http_req_failed................: 28.98% 20 out of 69
    http_reqs......................: 69     14.758414/s

    EXECUTION
    iteration_duration.............: avg=149.22ms min=71.36ms med=154.77ms max=215.01ms p(90)=199.92ms p(95)=208.47ms
    iterations.....................: 20     4.277801/s
    vus............................: 0      min=0        max=0 
    vus_max........................: 20     min=20       max=20

    NETWORK
    data_received..................: 43 kB  9.1 kB/s
    data_sent......................: 22 kB  4.8 kB/s




running (0m04.7s), 00/20 VUs, 20 complete and 0 interrupted iterations
peak_create_race ✓ [ 100% ] 20 VUs  00.2s/30s  20/20 iters, 1 per VU
