
         /\      Grafana   /‾‾/  
    /\  /  \     |\  __   /  /   
   /  \/    \    | |/ /  /   ‾‾\ 
  /          \   |   (  |  (‾)  |
 / __________ \  |_|\_\  \_____/ 


     execution: local
        script: k6/scenarios/peak-reservation-create-race.js
        output: -

     scenarios: (100.00%) 1 scenario, 10 max VUs, 1m0s max duration (incl. graceful stop):
              * peak_create_race: 1 iterations for each of 10 VUs (maxDuration: 30s, gracefulStop: 30s)


Run                [ 100% ] setup()
peak_create_race   [   0% ]

Run                [ 100% ] setup()
peak_create_race   [   0% ]

running (0m03.0s), 01/10 VUs, 9 complete and 0 interrupted iterations
peak_create_race   [  90% ] 10 VUs  00.4s/30s  09/10 iters, 1 per VU

running (0m04.0s), 01/10 VUs, 9 complete and 0 interrupted iterations
peak_create_race   [  90% ] 10 VUs  01.4s/30s  09/10 iters, 1 per VU

running (0m05.0s), 01/10 VUs, 9 complete and 0 interrupted iterations
peak_create_race   [  90% ] 10 VUs  02.4s/30s  09/10 iters, 1 per VU

running (0m06.0s), 01/10 VUs, 9 complete and 0 interrupted iterations
peak_create_race   [  90% ] 10 VUs  03.4s/30s  09/10 iters, 1 per VU

running (0m07.0s), 01/10 VUs, 9 complete and 0 interrupted iterations
peak_create_race   [  90% ] 10 VUs  04.4s/30s  09/10 iters, 1 per VU

running (0m08.0s), 01/10 VUs, 9 complete and 0 interrupted iterations
peak_create_race   [  90% ] 10 VUs  05.4s/30s  09/10 iters, 1 per VU

running (0m09.0s), 01/10 VUs, 9 complete and 0 interrupted iterations
peak_create_race   [  90% ] 10 VUs  06.4s/30s  09/10 iters, 1 per VU

running (0m10.0s), 01/10 VUs, 9 complete and 0 interrupted iterations
peak_create_race   [  90% ] 10 VUs  07.4s/30s  09/10 iters, 1 per VU
time="2026-08-12T16:02:37+09:00" level=warning msg="Request Failed" error="Post \"http://15.164.48.39:8080/api/reservations/prepare\": dial: i/o timeout"
time="2026-08-12T16:02:37+09:00" level=info msg="teardown 검증 성공: 회차 619는 경쟁 종료 후에도 CREATE 배타 선점이 유지된다(정합성 위반 없음)." source=console
[31m     ✗ peak_create_race: 성공(200) 또는 예상된 경쟁 실패(409)
      ↳  90% — ✓ 9 / ✗ 1[0m

     █ teardown

[32m       ✓ peak_create_race teardown: 경쟁 종료 후에도 CREATE 배타 선점이 유지된다[0m

   [31m✗[0m checks[2m.........................:[0m [36m90.90%[0m [36;2m✓ 10[0m       [36;2m✗ 1[0m   
     data_received[2m..................:[0m [36m24 kB[0m  [36;2m2.3 kB/s[0m
     data_sent[2m......................:[0m [36m12 kB[0m  [36;2m1.2 kB/s[0m
     http_req_blocked[2m...............:[0m avg=[36m2.16ms[0m   min=[36m0s[0m      med=[36m3µs[0m      max=[36m12.75ms[0m  p(90)=[36m7.3ms[0m    p(95)=[36m8.56ms[0m   p(99)=[36m11.19ms[0m 
     http_req_connecting[2m............:[0m avg=[36m2.15ms[0m   min=[36m0s[0m      med=[36m0s[0m       max=[36m12.69ms[0m  p(90)=[36m7.26ms[0m   p(95)=[36m8.41ms[0m   p(99)=[36m11.14ms[0m 
     http_req_duration[2m..............:[0m avg=[36m75.73ms[0m  min=[36m0s[0m      med=[36m102.91ms[0m max=[36m115.23ms[0m p(90)=[36m108.98ms[0m p(95)=[36m109.92ms[0m p(99)=[36m113.95ms[0m
       { expected_response:true }[2m...:[0m avg=[36m90.86ms[0m  min=[36m12.75ms[0m med=[36m105.29ms[0m max=[36m115.23ms[0m p(90)=[36m109.24ms[0m p(95)=[36m111ms[0m    p(99)=[36m114.28ms[0m
     http_req_failed[2m................:[0m [36m25.64%[0m [36;2m✓ 10[0m       [36;2m✗ 29[0m  
     http_req_receiving[2m.............:[0m avg=[36m65.33µs[0m  min=[36m0s[0m      med=[36m57µs[0m     max=[36m231µs[0m    p(90)=[36m98.2µs[0m   p(95)=[36m107.69µs[0m p(99)=[36m186.53µs[0m
     http_req_sending[2m...............:[0m avg=[36m36.07µs[0m  min=[36m0s[0m      med=[36m17µs[0m     max=[36m203µs[0m    p(90)=[36m61.8µs[0m   p(95)=[36m162.39µs[0m p(99)=[36m199.2µs[0m 
     http_req_tls_handshaking[2m.......:[0m avg=[36m0s[0m       min=[36m0s[0m      med=[36m0s[0m       max=[36m0s[0m       p(90)=[36m0s[0m       p(95)=[36m0s[0m       p(99)=[36m0s[0m      
     http_req_waiting[2m...............:[0m avg=[36m75.63ms[0m  min=[36m0s[0m      med=[36m102.85ms[0m max=[36m115.14ms[0m p(90)=[36m108.86ms[0m p(95)=[36m109.69ms[0m p(99)=[36m113.86ms[0m
     http_reqs[2m......................:[0m [36m39[0m     [36;2m3.742765/s[0m
     iteration_duration[2m.............:[0m avg=[36m818.38ms[0m min=[36m32.14ms[0m med=[36m46.99ms[0m  max=[36m7.77s[0m    p(90)=[36m828.61ms[0m p(95)=[36m4.3s[0m     p(99)=[36m7.08s[0m   
     iterations[2m.....................:[0m [36m10[0m     [36;2m0.959683/s[0m
   [31m✗[0m peak_create_race_conflict[2m......:[0m [36m8[0m      [36;2m0.767747/s[0m
     peak_create_race_duration[2m......:[0m avg=[36m33.1628[0m  min=[36m0[0m       med=[36m36.032[0m   max=[36m46.036[0m   p(90)=[36m43.7374[0m  p(95)=[36m44.8867[0m  p(99)=[36m45.80614[0m
   [32m✓[0m peak_create_race_success[2m.......:[0m [36m1[0m      [36;2m0.095968/s[0m
   [31m✗[0m peak_create_race_unexpected[2m....:[0m [36m1[0m      [36;2m0.095968/s[0m
     vus[2m............................:[0m [36m1[0m      [36;2mmin=0[0m      [36;2mmax=1[0m 
     vus_max[2m........................:[0m [36m10[0m     [36;2mmin=10[0m     [36;2mmax=10[0m

running (0m10.4s), 00/10 VUs, 10 complete and 0 interrupted iterations
peak_create_race ✓ [ 100% ] 10 VUs  07.8s/30s  10/10 iters, 1 per VU
time="2026-08-12T16:02:37+09:00" level=error msg="thresholds on metrics 'checks, peak_create_race_conflict, peak_create_race_unexpected' have been crossed"
