
         /\      Grafana   /‾‾/  
    /\  /  \     |\  __   /  /   
   /  \/    \    | |/ /  /   ‾‾\ 
  /          \   |   (  |  (‾)  |
 / __________ \  |_|\_\  \_____/ 


     execution: local
        script: k6/scenarios/peak-reservation-create-race.js
        output: -

     scenarios: (100.00%) 1 scenario, 200 max VUs, 1m0s max duration (incl. graceful stop):
              * peak_create_race: 1 iterations for each of 200 VUs (maxDuration: 30s, gracefulStop: 30s)


Run                [ 100% ] setup()
peak_create_race   [   0% ]

Run                [ 100% ] setup()
peak_create_race   [   0% ]

Run                [ 100% ] setup()
peak_create_race   [   0% ]

Run                [ 100% ] setup()
peak_create_race   [   0% ]

Run                [ 100% ] setup()
peak_create_race   [   0% ]

Run                [ 100% ] setup()
peak_create_race   [   0% ]

Run                [ 100% ] setup()
peak_create_race   [   0% ]

Run                [ 100% ] setup()
peak_create_race   [   0% ]

Run                [ 100% ] setup()
peak_create_race   [   0% ]

Run                [ 100% ] setup()
peak_create_race   [   0% ]

Run                [ 100% ] setup()
peak_create_race   [   0% ]

Run                [ 100% ] setup()
peak_create_race   [   0% ]

Run                [ 100% ] setup()
peak_create_race   [   0% ]

Run                [ 100% ] setup()
peak_create_race   [   0% ]

Run                [ 100% ] setup()
peak_create_race   [   0% ]

Run                [ 100% ] setup()
peak_create_race   [   0% ]

Run                [ 100% ] setup()
peak_create_race   [   0% ]

Run                [ 100% ] setup()
peak_create_race   [   0% ]

Run                [ 100% ] setup()
peak_create_race   [   0% ]

Run                [ 100% ] setup()
peak_create_race   [   0% ]

Run                [ 100% ] setup()
peak_create_race   [   0% ]

Run                [ 100% ] setup()
peak_create_race   [   0% ]

Run                [ 100% ] setup()
peak_create_race   [   0% ]

Run                [ 100% ] setup()
peak_create_race   [   0% ]

Run                [ 100% ] setup()
peak_create_race   [   0% ]

Run                [ 100% ] setup()
peak_create_race   [   0% ]

Run                [ 100% ] setup()
peak_create_race   [   0% ]

Run                [ 100% ] setup()
peak_create_race   [   0% ]

Run                [ 100% ] setup()
peak_create_race   [   0% ]

Run                [ 100% ] setup()
peak_create_race   [   0% ]

Run                [ 100% ] setup()
peak_create_race   [   0% ]

Run                [ 100% ] setup()
peak_create_race   [   0% ]

Run                [ 100% ] setup()
peak_create_race   [   0% ]

Run                [ 100% ] setup()
peak_create_race   [   0% ]

Run                [ 100% ] setup()
peak_create_race   [   0% ]

Run                [ 100% ] setup()
peak_create_race   [   0% ]

Run                [ 100% ] setup()
peak_create_race   [   0% ]

Run                [ 100% ] setup()
peak_create_race   [   0% ]

running (0m39.0s), 176/200 VUs, 24 complete and 0 interrupted iterations
peak_create_race   [  12% ] 200 VUs  00.2s/30s  024/200 iters, 1 per VU
time="2026-08-12T15:08:55+09:00" level=info msg="teardown 검증 성공: 회차 603는 경쟁 종료 후에도 CREATE 배타 선점이 유지된다(정합성 위반 없음)." source=console


  █ THRESHOLDS 

    checks
    ✓ 'rate==1.0' rate=100.00%

    peak_create_race_conflict
    ✓ 'count==199' count=199

    peak_create_race_success
    ✓ 'count==1' count=1

    peak_create_race_unexpected
    ✓ 'count==0' count=0


  █ TOTAL RESULTS 

    checks_total.......: 201     5.088033/s
    checks_succeeded...: 100.00% 201 out of 201
    checks_failed......: 0.00%   0 out of 201

    ✓ peak_create_race: 성공(200) 또는 예상된 경쟁 실패(409)
    ✓ peak_create_race teardown: 경쟁 종료 후에도 CREATE 배타 선점이 유지된다

    CUSTOM
    peak_create_race_conflict......: 199    5.037406/s
    peak_create_race_success.......: 1      0.025314/s
    peak_create_race_unexpected....: 0      0/s

    HTTP
    http_req_duration..............: avg=179.59ms min=14.57ms med=96.87ms  max=633.96ms p(90)=458.55ms p(95)=553.79ms p(99)=619.21ms
      { expected_response:true }...: avg=94.61ms  min=15.7ms  med=94ms     max=131.34ms p(90)=103.48ms p(95)=109ms    p(99)=121.69ms
    http_req_failed................: 32.84% 200 out of 609
    http_reqs......................: 609    15.415982/s

    EXECUTION
    iteration_duration.............: avg=363.25ms min=40.93ms med=359.19ms max=660.22ms p(90)=592.42ms p(95)=623.31ms p(99)=643.07ms
    iterations.....................: 200    5.06272/s
    vus............................: 176    min=0          max=176
    vus_max........................: 200    min=200        max=200

    NETWORK
    data_received..................: 378 kB 9.6 kB/s
    data_sent......................: 195 kB 4.9 kB/s




running (0m39.5s), 000/200 VUs, 200 complete and 0 interrupted iterations
peak_create_race ✓ [ 100% ] 200 VUs  00.7s/30s  200/200 iters, 1 per VU
