
         /\      Grafana   /‾‾/  
    /\  /  \     |\  __   /  /   
   /  \/    \    | |/ /  /   ‾‾\ 
  /          \   |   (  |  (‾)  |
 / __________ \  |_|\_\  \_____/ 


     execution: local
        script: k6/scenarios/peak-reservation-create-race.js
        output: -

     scenarios: (100.00%) 1 scenario, 50 max VUs, 1m0s max duration (incl. graceful stop):
              * peak_create_race: 1 iterations for each of 50 VUs (maxDuration: 30s, gracefulStop: 30s)


Run                [ 100% ] setup()
peak_create_race   [   0% ]

Run                [ 100% ] setup()
peak_create_race   [   0% ]

Run                [ 100% ] setup()
peak_create_race   [   0% ]

Run                [ 100% ] setup()
peak_create_race   [   0% ]

Run                [ 100% ] setup()
peak_create_race   [   0% ]

Run                [ 100% ] setup()
peak_create_race   [   0% ]

Run                [ 100% ] setup()
peak_create_race   [   0% ]

Run                [ 100% ] setup()
peak_create_race   [   0% ]

Run                [ 100% ] setup()
peak_create_race   [   0% ]

Run                [ 100% ] setup()
peak_create_race   [   0% ]
time="2026-08-12T10:31:33+09:00" level=info msg="teardown 검증 성공: 회차 104는 경쟁 종료 후에도 CREATE 배타 선점이 유지된다(정합성 위반 없음)." source=console


  █ THRESHOLDS 

    checks
    ✓ 'rate==1.0' rate=100.00%

    peak_create_race_conflict
    ✓ 'count==49' count=49

    peak_create_race_success
    ✓ 'count==1' count=1

    peak_create_race_unexpected
    ✓ 'count==0' count=0


  █ TOTAL RESULTS 

    checks_total.......: 51      4.692894/s
    checks_succeeded...: 100.00% 51 out of 51
    checks_failed......: 0.00%   0 out of 51

    ✓ peak_create_race: 성공(200) 또는 예상된 경쟁 실패(409)
    ✓ peak_create_race teardown: 경쟁 종료 후에도 CREATE 배타 선점이 유지된다

    CUSTOM
    peak_create_race_conflict......: 49     4.508859/s
    peak_create_race_success.......: 1      0.092018/s
    peak_create_race_unexpected....: 0      0/s

    HTTP
    http_req_duration..............: avg=136.37ms min=15.21ms med=99.77ms  max=346.74ms p(90)=269.63ms p(95)=308.61ms
      { expected_response:true }...: avg=96.31ms  min=18.01ms med=96.64ms  max=190.1ms  p(90)=106.12ms p(95)=110.93ms
    http_req_failed................: 31.44% 50 out of 159
    http_reqs......................: 159    14.630787/s

    EXECUTION
    iteration_duration.............: avg=233.21ms min=77.36ms med=236.49ms max=357.94ms p(90)=339.1ms  p(95)=350.7ms 
    iterations.....................: 50     4.600876/s
    vus............................: 0      min=0         max=0 
    vus_max........................: 50     min=50        max=50

    NETWORK
    data_received..................: 98 kB  9.0 kB/s
    data_sent......................: 51 kB  4.7 kB/s




running (0m10.9s), 00/50 VUs, 50 complete and 0 interrupted iterations
peak_create_race ✓ [ 100% ] 50 VUs  00.4s/30s  50/50 iters, 1 per VU
