
         /\      Grafana   /‾‾/  
    /\  /  \     |\  __   /  /   
   /  \/    \    | |/ /  /   ‾‾\ 
  /          \   |   (  |  (‾)  |
 / __________ \  |_|\_\  \_____/ 


     execution: local
        script: k6/scenarios/peak-reservation-create-race.js
        output: -

     scenarios: (100.00%) 1 scenario, 2 max VUs, 1m0s max duration (incl. graceful stop):
              * peak_create_race: 1 iterations for each of 2 VUs (maxDuration: 30s, gracefulStop: 30s)

time="2026-08-12T16:02:24+09:00" level=info msg="teardown 검증 성공: 회차 615는 경쟁 종료 후에도 CREATE 배타 선점이 유지된다(정합성 위반 없음)." source=console
[32m     ✓ peak_create_race: 성공(200) 또는 예상된 경쟁 실패(409)[0m

     █ teardown

[32m       ✓ peak_create_race teardown: 경쟁 종료 후에도 CREATE 배타 선점이 유지된다[0m

   [32m✓[0m checks[2m.........................:[0m [36m100.00%[0m [36;2m✓ 3[0m         [36;2m✗ 0[0m 
     data_received[2m..................:[0m [36m9.2 kB[0m  [36;2m9.4 kB/s[0m
     data_sent[2m......................:[0m [36m5.1 kB[0m  [36;2m5.2 kB/s[0m
     http_req_blocked[2m...............:[0m avg=[36m1.84ms[0m  min=[36m2µs[0m     med=[36m5µs[0m      max=[36m7.49ms[0m   p(90)=[36m6.85ms[0m   p(95)=[36m7.19ms[0m   p(99)=[36m7.43ms[0m  
     http_req_connecting[2m............:[0m avg=[36m1.82ms[0m  min=[36m0s[0m      med=[36m0s[0m       max=[36m7.43ms[0m   p(90)=[36m6.8ms[0m    p(95)=[36m7.14ms[0m   p(99)=[36m7.37ms[0m  
     http_req_duration[2m..............:[0m avg=[36m64.82ms[0m min=[36m13ms[0m    med=[36m99.98ms[0m  max=[36m109.27ms[0m p(90)=[36m108.33ms[0m p(95)=[36m108.65ms[0m p(99)=[36m109.14ms[0m
       { expected_response:true }[2m...:[0m avg=[36m71.87ms[0m min=[36m14.97ms[0m med=[36m101.69ms[0m max=[36m109.27ms[0m p(90)=[36m108.36ms[0m p(95)=[36m108.74ms[0m p(99)=[36m109.16ms[0m
     http_req_failed[2m................:[0m [36m13.33%[0m  [36;2m✓ 2[0m         [36;2m✗ 13[0m
     http_req_receiving[2m.............:[0m avg=[36m63.86µs[0m min=[36m34µs[0m    med=[36m59µs[0m     max=[36m105µs[0m    p(90)=[36m82.8µs[0m   p(95)=[36m93.1µs[0m   p(99)=[36m102.61µs[0m
     http_req_sending[2m...............:[0m avg=[36m28.13µs[0m min=[36m9µs[0m     med=[36m16µs[0m     max=[36m74µs[0m     p(90)=[36m65.6µs[0m   p(95)=[36m71.2µs[0m   p(99)=[36m73.44µs[0m 
     http_req_tls_handshaking[2m.......:[0m avg=[36m0s[0m      min=[36m0s[0m      med=[36m0s[0m       max=[36m0s[0m       p(90)=[36m0s[0m       p(95)=[36m0s[0m       p(99)=[36m0s[0m      
     http_req_waiting[2m...............:[0m avg=[36m64.73ms[0m min=[36m12.85ms[0m med=[36m99.91ms[0m  max=[36m109.15ms[0m p(90)=[36m108.23ms[0m p(95)=[36m108.55ms[0m p(99)=[36m109.03ms[0m
     http_reqs[2m......................:[0m [36m15[0m      [36;2m15.315781/s[0m
     iteration_duration[2m.............:[0m avg=[36m28.83ms[0m min=[36m25.83ms[0m med=[36m28.83ms[0m  max=[36m31.84ms[0m  p(90)=[36m31.24ms[0m  p(95)=[36m31.54ms[0m  p(99)=[36m31.78ms[0m 
     iterations[2m.....................:[0m [36m2[0m       [36;2m2.042104/s[0m
   [32m✓[0m peak_create_race_conflict[2m......:[0m [36m1[0m       [36;2m1.021052/s[0m
     peak_create_race_duration[2m......:[0m avg=[36m22.006[0m  min=[36m18.971[0m  med=[36m22.006[0m   max=[36m25.041[0m   p(90)=[36m24.434[0m   p(95)=[36m24.7375[0m  p(99)=[36m24.9803[0m 
   [32m✓[0m peak_create_race_success[2m.......:[0m [36m1[0m       [36;2m1.021052/s[0m
   [32m✓[0m peak_create_race_unexpected[2m....:[0m [36m0[0m       [36;2m0/s[0m

running (0m01.0s), 0/2 VUs, 2 complete and 0 interrupted iterations
peak_create_race ✓ [ 100% ] 2 VUs  00.0s/30s  2/2 iters, 1 per VU
