
         /\      Grafana   /‾‾/  
    /\  /  \     |\  __   /  /   
   /  \/    \    | |/ /  /   ‾‾\ 
  /          \   |   (  |  (‾)  |
 / __________ \  |_|\_\  \_____/ 


     execution: local
        script: k6/scenarios/peak-reservation-create-race.js
        output: -

     scenarios: (100.00%) 1 scenario, 200 max VUs, 1m0s max duration (incl. graceful stop):
              * peak_create_race: 1 iterations for each of 200 VUs (maxDuration: 30s, gracefulStop: 30s)


Run                [ 100% ] setup()
peak_create_race   [   0% ]

Run                [ 100% ] setup()
peak_create_race   [   0% ]

Run                [ 100% ] setup()
peak_create_race   [   0% ]

Run                [ 100% ] setup()
peak_create_race   [   0% ]

Run                [ 100% ] setup()
peak_create_race   [   0% ]

Run                [ 100% ] setup()
peak_create_race   [   0% ]

Run                [ 100% ] setup()
peak_create_race   [   0% ]

Run                [ 100% ] setup()
peak_create_race   [   0% ]

Run                [ 100% ] setup()
peak_create_race   [   0% ]

Run                [ 100% ] setup()
peak_create_race   [   0% ]

Run                [ 100% ] setup()
peak_create_race   [   0% ]

Run                [ 100% ] setup()
peak_create_race   [   0% ]

Run                [ 100% ] setup()
peak_create_race   [   0% ]

Run                [ 100% ] setup()
peak_create_race   [   0% ]

Run                [ 100% ] setup()
peak_create_race   [   0% ]

Run                [ 100% ] setup()
peak_create_race   [   0% ]

Run                [ 100% ] setup()
peak_create_race   [   0% ]

Run                [ 100% ] setup()
peak_create_race   [   0% ]

Run                [ 100% ] setup()
peak_create_race   [   0% ]

Run                [ 100% ] setup()
peak_create_race   [   0% ]

Run                [ 100% ] setup()
peak_create_race   [   0% ]

Run                [ 100% ] setup()
peak_create_race   [   0% ]

Run                [ 100% ] setup()
peak_create_race   [   0% ]

Run                [ 100% ] setup()
peak_create_race   [   0% ]

Run                [ 100% ] setup()
peak_create_race   [   0% ]

Run                [ 100% ] setup()
peak_create_race   [   0% ]

Run                [ 100% ] setup()
peak_create_race   [   0% ]

Run                [ 100% ] setup()
peak_create_race   [   0% ]

Run                [ 100% ] setup()
peak_create_race   [   0% ]

Run                [ 100% ] setup()
peak_create_race   [   0% ]

Run                [ 100% ] setup()
peak_create_race   [   0% ]

Run                [ 100% ] setup()
peak_create_race   [   0% ]

Run                [ 100% ] setup()
peak_create_race   [   0% ]

Run                [ 100% ] setup()
peak_create_race   [   0% ]

Run                [ 100% ] setup()
peak_create_race   [   0% ]

Run                [ 100% ] setup()
peak_create_race   [   0% ]

Run                [ 100% ] setup()
peak_create_race   [   0% ]

Run                [ 100% ] setup()
peak_create_race   [   0% ]

Run                [ 100% ] setup()
peak_create_race   [   0% ]

Run                [ 100% ] setup()
peak_create_race   [   0% ]

Run                [ 100% ] setup()
peak_create_race   [   0% ]
time="2026-08-12T16:02:54+09:00" level=info msg="teardown 검증 성공: 회차 613는 경쟁 종료 후에도 CREATE 배타 선점이 유지된다(정합성 위반 없음)." source=console
[32m     ✓ peak_create_race: 성공(200) 또는 예상된 경쟁 실패(409)[0m

     █ teardown

[32m       ✓ peak_create_race teardown: 경쟁 종료 후에도 CREATE 배타 선점이 유지된다[0m

   [32m✓[0m checks[2m.........................:[0m [36m100.00%[0m [36;2m✓ 201[0m       [36;2m✗ 0[0m    
     data_received[2m..................:[0m [36m378 kB[0m  [36;2m9.0 kB/s[0m
     data_sent[2m......................:[0m [36m195 kB[0m  [36;2m4.7 kB/s[0m
     http_req_blocked[2m...............:[0m avg=[36m6.92ms[0m    min=[36m1µs[0m     med=[36m4µs[0m      max=[36m36.93ms[0m  p(90)=[36m23.01ms[0m  p(95)=[36m24.68ms[0m   p(99)=[36m26.2ms[0m   
     http_req_connecting[2m............:[0m avg=[36m6.88ms[0m    min=[36m0s[0m      med=[36m0s[0m       max=[36m36.9ms[0m   p(90)=[36m22.94ms[0m  p(95)=[36m24.65ms[0m   p(99)=[36m26.17ms[0m  
     http_req_duration[2m..............:[0m avg=[36m193.02ms[0m  min=[36m12.31ms[0m med=[36m105.6ms[0m  max=[36m700.01ms[0m p(90)=[36m487.26ms[0m p(95)=[36m588.03ms[0m  p(99)=[36m664.2ms[0m  
       { expected_response:true }[2m...:[0m avg=[36m100.38ms[0m  min=[36m13.05ms[0m med=[36m101.47ms[0m max=[36m248.04ms[0m p(90)=[36m109.99ms[0m p(95)=[36m112.66ms[0m  p(99)=[36m125.91ms[0m 
     http_req_failed[2m................:[0m [36m32.84%[0m  [36;2m✓ 200[0m       [36;2m✗ 409[0m  
     http_req_receiving[2m.............:[0m avg=[36m77.57µs[0m   min=[36m14µs[0m    med=[36m57µs[0m     max=[36m2.3ms[0m    p(90)=[36m118.4µs[0m  p(95)=[36m156.59µs[0m  p(99)=[36m397.99µs[0m 
     http_req_sending[2m...............:[0m avg=[36m75.69µs[0m   min=[36m5µs[0m     med=[36m16µs[0m     max=[36m3.09ms[0m   p(90)=[36m90µs[0m     p(95)=[36m488.59µs[0m  p(99)=[36m803.59µs[0m 
     http_req_tls_handshaking[2m.......:[0m avg=[36m0s[0m        min=[36m0s[0m      med=[36m0s[0m       max=[36m0s[0m       p(90)=[36m0s[0m       p(95)=[36m0s[0m        p(99)=[36m0s[0m       
     http_req_waiting[2m...............:[0m avg=[36m192.87ms[0m  min=[36m12.18ms[0m med=[36m105.49ms[0m max=[36m699.51ms[0m p(90)=[36m487.15ms[0m p(95)=[36m587.92ms[0m  p(99)=[36m664.14ms[0m 
     http_reqs[2m......................:[0m [36m609[0m     [36;2m14.536075/s[0m
     iteration_duration[2m.............:[0m avg=[36m404.21ms[0m  min=[36m46.29ms[0m med=[36m404.49ms[0m max=[36m724.96ms[0m p(90)=[36m642.9ms[0m  p(95)=[36m677.92ms[0m  p(99)=[36m703.61ms[0m 
     iterations[2m.....................:[0m [36m200[0m     [36;2m4.773752/s[0m
   [32m✓[0m peak_create_race_conflict[2m......:[0m [36m199[0m     [36;2m4.749883/s[0m
     peak_create_race_duration[2m......:[0m avg=[36m382.59859[0m min=[36m37.761[0m  med=[36m383.604[0m  max=[36m700.011[0m  p(90)=[36m620.1941[0m p(95)=[36m655.13055[0m p(99)=[36m684.47382[0m
   [32m✓[0m peak_create_race_success[2m.......:[0m [36m1[0m       [36;2m0.023869/s[0m
   [32m✓[0m peak_create_race_unexpected[2m....:[0m [36m0[0m       [36;2m0/s[0m
     vus[2m............................:[0m [36m0[0m       [36;2mmin=0[0m       [36;2mmax=0[0m  
     vus_max[2m........................:[0m [36m200[0m     [36;2mmin=200[0m     [36;2mmax=200[0m

running (0m41.9s), 000/200 VUs, 200 complete and 0 interrupted iterations
peak_create_race ✓ [ 100% ] 200 VUs  00.7s/30s  200/200 iters, 1 per VU
