
         /\      Grafana   /‾‾/  
    /\  /  \     |\  __   /  /   
   /  \/    \    | |/ /  /   ‾‾\ 
  /          \   |   (  |  (‾)  |
 / __________ \  |_|\_\  \_____/ 


     execution: local
        script: k6/scenarios/peak-reservation-create-race.js
        output: -

     scenarios: (100.00%) 1 scenario, 50 max VUs, 1m0s max duration (incl. graceful stop):
              * peak_create_race: 1 iterations for each of 50 VUs (maxDuration: 30s, gracefulStop: 30s)


Run                [ 100% ] setup()
peak_create_race   [   0% ]

Run                [ 100% ] setup()
peak_create_race   [   0% ]

Run                [ 100% ] setup()
peak_create_race   [   0% ]

Run                [ 100% ] setup()
peak_create_race   [   0% ]

Run                [ 100% ] setup()
peak_create_race   [   0% ]

Run                [ 100% ] setup()
peak_create_race   [   0% ]

Run                [ 100% ] setup()
peak_create_race   [   0% ]

Run                [ 100% ] setup()
peak_create_race   [   0% ]

Run                [ 100% ] setup()
peak_create_race   [   0% ]

Run                [ 100% ] setup()
peak_create_race   [   0% ]

Run                [ 100% ] setup()
peak_create_race   [   0% ]
time="2026-08-12T16:02:53+09:00" level=info msg="teardown 검증 성공: 회차 623는 경쟁 종료 후에도 CREATE 배타 선점이 유지된다(정합성 위반 없음)." source=console
[32m     ✓ peak_create_race: 성공(200) 또는 예상된 경쟁 실패(409)[0m

     █ teardown

[32m       ✓ peak_create_race teardown: 경쟁 종료 후에도 CREATE 배타 선점이 유지된다[0m

   [32m✓[0m checks[2m.........................:[0m [36m100.00%[0m [36;2m✓ 51[0m        [36;2m✗ 0[0m   
     data_received[2m..................:[0m [36m99 kB[0m   [36;2m8.7 kB/s[0m
     data_sent[2m......................:[0m [36m51 kB[0m   [36;2m4.5 kB/s[0m
     http_req_blocked[2m...............:[0m avg=[36m2.37ms[0m    min=[36m1µs[0m     med=[36m4µs[0m      max=[36m11.92ms[0m  p(90)=[36m7.44ms[0m   p(95)=[36m8ms[0m      p(99)=[36m9.43ms[0m   
     http_req_connecting[2m............:[0m avg=[36m2.35ms[0m    min=[36m0s[0m      med=[36m0s[0m       max=[36m11.85ms[0m  p(90)=[36m7.41ms[0m   p(95)=[36m7.92ms[0m   p(99)=[36m9.41ms[0m   
     http_req_duration[2m..............:[0m avg=[36m108.44ms[0m  min=[36m12.07ms[0m med=[36m105.02ms[0m max=[36m207.44ms[0m p(90)=[36m155.14ms[0m p(95)=[36m182.75ms[0m p(99)=[36m202.73ms[0m 
       { expected_response:true }[2m...:[0m avg=[36m101.34ms[0m  min=[36m13.32ms[0m med=[36m104.45ms[0m max=[36m125.67ms[0m p(90)=[36m110.6ms[0m  p(95)=[36m113.24ms[0m p(99)=[36m120.92ms[0m 
     http_req_failed[2m................:[0m [36m31.44%[0m  [36;2m✓ 50[0m        [36;2m✗ 109[0m 
     http_req_receiving[2m.............:[0m avg=[36m92.06µs[0m   min=[36m16µs[0m    med=[36m64µs[0m     max=[36m2.03ms[0m   p(90)=[36m116.2µs[0m  p(95)=[36m126.1µs[0m  p(99)=[36m950.99µs[0m 
     http_req_sending[2m...............:[0m avg=[36m27.57µs[0m   min=[36m5µs[0m     med=[36m16µs[0m     max=[36m340µs[0m    p(90)=[36m45.4µs[0m   p(95)=[36m78.19µs[0m  p(99)=[36m234.83µs[0m 
     http_req_tls_handshaking[2m.......:[0m avg=[36m0s[0m        min=[36m0s[0m      med=[36m0s[0m       max=[36m0s[0m       p(90)=[36m0s[0m       p(95)=[36m0s[0m       p(99)=[36m0s[0m       
     http_req_waiting[2m...............:[0m avg=[36m108.32ms[0m  min=[36m11.9ms[0m  med=[36m104.98ms[0m max=[36m207.36ms[0m p(90)=[36m155.09ms[0m p(95)=[36m182.71ms[0m p(99)=[36m202.66ms[0m 
     http_reqs[2m......................:[0m [36m159[0m     [36;2m14.083257/s[0m
     iteration_duration[2m.............:[0m avg=[36m132.09ms[0m  min=[36m40.97ms[0m med=[36m127.21ms[0m max=[36m215.03ms[0m p(90)=[36m201.55ms[0m p(95)=[36m208.27ms[0m p(99)=[36m213.07ms[0m 
     iterations[2m.....................:[0m [36m50[0m      [36;2m4.428697/s[0m
   [32m✓[0m peak_create_race_conflict[2m......:[0m [36m49[0m      [36;2m4.340123/s[0m
     peak_create_race_duration[2m......:[0m avg=[36m124.33642[0m min=[36m32.505[0m  med=[36m119.352[0m  max=[36m207.443[0m  p(90)=[36m192.1357[0m p(95)=[36m200.5705[0m p(99)=[36m205.68243[0m
   [32m✓[0m peak_create_race_success[2m.......:[0m [36m1[0m       [36;2m0.088574/s[0m
   [32m✓[0m peak_create_race_unexpected[2m....:[0m [36m0[0m       [36;2m0/s[0m
     vus[2m............................:[0m [36m0[0m       [36;2mmin=0[0m       [36;2mmax=0[0m 
     vus_max[2m........................:[0m [36m50[0m      [36;2mmin=50[0m      [36;2mmax=50[0m

running (0m11.3s), 00/50 VUs, 50 complete and 0 interrupted iterations
peak_create_race ✓ [ 100% ] 50 VUs  00.2s/30s  50/50 iters, 1 per VU
