
         /\      Grafana   /‾‾/  
    /\  /  \     |\  __   /  /   
   /  \/    \    | |/ /  /   ‾‾\ 
  /          \   |   (  |  (‾)  |
 / __________ \  |_|\_\  \_____/ 


     execution: local
        script: k6/scenarios/peak-reservation-create-race.js
        output: -

     scenarios: (100.00%) 1 scenario, 20 max VUs, 1m0s max duration (incl. graceful stop):
              * peak_create_race: 1 iterations for each of 20 VUs (maxDuration: 30s, gracefulStop: 30s)


Run                [ 100% ] setup()
peak_create_race   [   0% ]

Run                [ 100% ] setup()
peak_create_race   [   0% ]

Run                [ 100% ] setup()
peak_create_race   [   0% ]

Run                [ 100% ] setup()
peak_create_race   [   0% ]
time="2026-08-12T16:02:42+09:00" level=info msg="teardown 검증 성공: 회차 621는 경쟁 종료 후에도 CREATE 배타 선점이 유지된다(정합성 위반 없음)." source=console
[32m     ✓ peak_create_race: 성공(200) 또는 예상된 경쟁 실패(409)[0m

     █ teardown

[32m       ✓ peak_create_race teardown: 경쟁 종료 후에도 CREATE 배타 선점이 유지된다[0m

   [32m✓[0m checks[2m.........................:[0m [36m100.00%[0m [36;2m✓ 21[0m        [36;2m✗ 0[0m   
     data_received[2m..................:[0m [36m43 kB[0m   [36;2m8.9 kB/s[0m
     data_sent[2m......................:[0m [36m22 kB[0m   [36;2m4.6 kB/s[0m
     http_req_blocked[2m...............:[0m avg=[36m2.68ms[0m   min=[36m1µs[0m     med=[36m4µs[0m      max=[36m9.68ms[0m   p(90)=[36m8.94ms[0m   p(95)=[36m9.17ms[0m   p(99)=[36m9.52ms[0m  
     http_req_connecting[2m............:[0m avg=[36m2.67ms[0m   min=[36m0s[0m      med=[36m0s[0m       max=[36m9.66ms[0m   p(90)=[36m8.92ms[0m   p(95)=[36m9.13ms[0m   p(99)=[36m9.5ms[0m   
     http_req_duration[2m..............:[0m avg=[36m83.01ms[0m  min=[36m11.68ms[0m med=[36m102.4ms[0m  max=[36m110.82ms[0m p(90)=[36m108.06ms[0m p(95)=[36m109.71ms[0m p(99)=[36m110.57ms[0m
       { expected_response:true }[2m...:[0m avg=[36m96.09ms[0m  min=[36m13.44ms[0m med=[36m104.61ms[0m max=[36m110.82ms[0m p(90)=[36m108.84ms[0m p(95)=[36m110.23ms[0m p(99)=[36m110.64ms[0m
     http_req_failed[2m................:[0m [36m28.98%[0m  [36;2m✓ 20[0m        [36;2m✗ 49[0m  
     http_req_receiving[2m.............:[0m avg=[36m56.47µs[0m  min=[36m12µs[0m    med=[36m45µs[0m     max=[36m421µs[0m    p(90)=[36m95.8µs[0m   p(95)=[36m107µs[0m    p(99)=[36m225.83µs[0m
     http_req_sending[2m...............:[0m avg=[36m18.27µs[0m  min=[36m7µs[0m     med=[36m13µs[0m     max=[36m89µs[0m     p(90)=[36m30.8µs[0m   p(95)=[36m56.19µs[0m  p(99)=[36m70.63µs[0m 
     http_req_tls_handshaking[2m.......:[0m avg=[36m0s[0m       min=[36m0s[0m      med=[36m0s[0m       max=[36m0s[0m       p(90)=[36m0s[0m       p(95)=[36m0s[0m       p(99)=[36m0s[0m      
     http_req_waiting[2m...............:[0m avg=[36m82.94ms[0m  min=[36m11.55ms[0m med=[36m102.31ms[0m max=[36m110.74ms[0m p(90)=[36m107.99ms[0m p(95)=[36m109.61ms[0m p(99)=[36m110.49ms[0m
     http_reqs[2m......................:[0m [36m69[0m      [36;2m14.350908/s[0m
     iteration_duration[2m.............:[0m avg=[36m60.46ms[0m  min=[36m30.73ms[0m med=[36m60.72ms[0m  max=[36m88.74ms[0m  p(90)=[36m84.26ms[0m  p(95)=[36m84.61ms[0m  p(99)=[36m87.91ms[0m 
     iterations[2m.....................:[0m [36m20[0m      [36;2m4.159684/s[0m
   [32m✓[0m peak_create_race_conflict[2m......:[0m [36m19[0m      [36;2m3.951699/s[0m
     peak_create_race_duration[2m......:[0m avg=[36m51.53135[0m min=[36m22.955[0m  med=[36m51.447[0m   max=[36m79.359[0m   p(90)=[36m75.4133[0m  p(95)=[36m75.6559[0m  p(99)=[36m78.61838[0m
   [32m✓[0m peak_create_race_success[2m.......:[0m [36m1[0m       [36;2m0.207984/s[0m
   [32m✓[0m peak_create_race_unexpected[2m....:[0m [36m0[0m       [36;2m0/s[0m
     vus[2m............................:[0m [36m0[0m       [36;2mmin=0[0m       [36;2mmax=0[0m 
     vus_max[2m........................:[0m [36m20[0m      [36;2mmin=20[0m      [36;2mmax=20[0m

running (0m04.8s), 00/20 VUs, 20 complete and 0 interrupted iterations
peak_create_race ✓ [ 100% ] 20 VUs  00.1s/30s  20/20 iters, 1 per VU
