
         /\      Grafana   /‾‾/  
    /\  /  \     |\  __   /  /   
   /  \/    \    | |/ /  /   ‾‾\ 
  /          \   |   (  |  (‾)  |
 / __________ \  |_|\_\  \_____/ 


     execution: local
        script: k6/scenarios/peak-reservation-create-race.js
        output: -

     scenarios: (100.00%) 1 scenario, 2 max VUs, 1m0s max duration (incl. graceful stop):
              * peak_create_race: 1 iterations for each of 2 VUs (maxDuration: 30s, gracefulStop: 30s)

time="2026-08-12T15:07:36+09:00" level=info msg="teardown 검증 성공: 회차 591는 경쟁 종료 후에도 CREATE 배타 선점이 유지된다(정합성 위반 없음)." source=console


  █ THRESHOLDS 

    checks
    ✓ 'rate==1.0' rate=100.00%

    peak_create_race_conflict
    ✓ 'count==1' count=1

    peak_create_race_success
    ✓ 'count==1' count=1

    peak_create_race_unexpected
    ✓ 'count==0' count=0


  █ TOTAL RESULTS 

    checks_total.......: 3       3.104539/s
    checks_succeeded...: 100.00% 3 out of 3
    checks_failed......: 0.00%   0 out of 3

    ✓ peak_create_race: 성공(200) 또는 예상된 경쟁 실패(409)
    ✓ peak_create_race teardown: 경쟁 종료 후에도 CREATE 배타 선점이 유지된다

    CUSTOM
    peak_create_race_conflict......: 1      1.034846/s
    peak_create_race_success.......: 1      1.034846/s
    peak_create_race_unexpected....: 0      0/s

    HTTP
    http_req_duration..............: avg=61.48ms min=11.93ms med=88.21ms max=113.83ms p(90)=96.71ms p(95)=102.75ms p(99)=111.61ms
      { expected_response:true }...: avg=67.57ms min=16.47ms med=88.94ms max=113.83ms p(90)=97.35ms p(95)=104.33ms p(99)=111.93ms
    http_req_failed................: 13.33% 2 out of 15
    http_reqs......................: 15     15.522696/s

    EXECUTION
    iteration_duration.............: avg=35.49ms min=33.42ms med=35.49ms max=37.56ms  p(90)=37.15ms p(95)=37.35ms  p(99)=37.52ms 
    iterations.....................: 2      2.069693/s

    NETWORK
    data_received..................: 9.2 kB 9.6 kB/s
    data_sent......................: 5.1 kB 5.2 kB/s




running (0m01.0s), 0/2 VUs, 2 complete and 0 interrupted iterations
peak_create_race ✓ [ 100% ] 2 VUs  00.0s/30s  2/2 iters, 1 per VU
