
         /\      Grafana   /‾‾/  
    /\  /  \     |\  __   /  /   
   /  \/    \    | |/ /  /   ‾‾\ 
  /          \   |   (  |  (‾)  |
 / __________ \  |_|\_\  \_____/ 


     execution: local
        script: k6/scenarios/peak-reservation-create-race.js
        output: -

     scenarios: (100.00%) 1 scenario, 1000 max VUs, 1m0s max duration (incl. graceful stop):
              * peak_create_race: 1 iterations for each of 1000 VUs (maxDuration: 30s, gracefulStop: 30s)


Run                [ 100% ] setup()
peak_create_race   [   0% ]

Run                [ 100% ] setup()
peak_create_race   [   0% ]

Run                [ 100% ] setup()
peak_create_race   [   0% ]

Run                [ 100% ] setup()
peak_create_race   [   0% ]

Run                [ 100% ] setup()
peak_create_race   [   0% ]

Run                [ 100% ] setup()
peak_create_race   [   0% ]

Run                [ 100% ] setup()
peak_create_race   [   0% ]

Run                [ 100% ] setup()
peak_create_race   [   0% ]

Run                [ 100% ] setup()
peak_create_race   [   0% ]

Run                [ 100% ] setup()
peak_create_race   [   0% ]

Run                [ 100% ] setup()
peak_create_race   [   0% ]

Run                [ 100% ] setup()
peak_create_race   [   0% ]

Run                [ 100% ] setup()
peak_create_race   [   0% ]

Run                [ 100% ] setup()
peak_create_race   [   0% ]

Run                [ 100% ] setup()
peak_create_race   [   0% ]

Run                [ 100% ] setup()
peak_create_race   [   0% ]

Run                [ 100% ] setup()
peak_create_race   [   0% ]

Run                [ 100% ] setup()
peak_create_race   [   0% ]

Run                [ 100% ] setup()
peak_create_race   [   0% ]

Run                [ 100% ] setup()
peak_create_race   [   0% ]

Run                [ 100% ] setup()
peak_create_race   [   0% ]

Run                [ 100% ] setup()
peak_create_race   [   0% ]

Run                [ 100% ] setup()
peak_create_race   [   0% ]

Run                [ 100% ] setup()
peak_create_race   [   0% ]

Run                [ 100% ] setup()
peak_create_race   [   0% ]

Run                [ 100% ] setup()
peak_create_race   [   0% ]

Run                [ 100% ] setup()
peak_create_race   [   0% ]

Run                [ 100% ] setup()
peak_create_race   [   0% ]

Run                [ 100% ] setup()
peak_create_race   [   0% ]

Run                [ 100% ] setup()
peak_create_race   [   0% ]

Run                [ 100% ] setup()
peak_create_race   [   0% ]

Run                [ 100% ] setup()
peak_create_race   [   0% ]

Run                [ 100% ] setup()
peak_create_race   [   0% ]

Run                [ 100% ] setup()
peak_create_race   [   0% ]

Run                [ 100% ] setup()
peak_create_race   [   0% ]

Run                [ 100% ] setup()
peak_create_race   [   0% ]

Run                [ 100% ] setup()
peak_create_race   [   0% ]

Run                [ 100% ] setup()
peak_create_race   [   0% ]

Run                [ 100% ] setup()
peak_create_race   [   0% ]

Run                [ 100% ] setup()
peak_create_race   [   0% ]

Run                [ 100% ] setup()
peak_create_race   [   0% ]

Run                [ 100% ] setup()
peak_create_race   [   0% ]

Run                [ 100% ] setup()
peak_create_race   [   0% ]

Run                [ 100% ] setup()
peak_create_race   [   0% ]

Run                [ 100% ] setup()
peak_create_race   [   0% ]

Run                [ 100% ] setup()
peak_create_race   [   0% ]

Run                [ 100% ] setup()
peak_create_race   [   0% ]

Run                [ 100% ] setup()
peak_create_race   [   0% ]

Run                [ 100% ] setup()
peak_create_race   [   0% ]

Run                [ 100% ] setup()
peak_create_race   [   0% ]

Run                [ 100% ] setup()
peak_create_race   [   0% ]

Run                [ 100% ] setup()
peak_create_race   [   0% ]

Run                [ 100% ] setup()
peak_create_race   [   0% ]

Run                [ 100% ] setup()
peak_create_race   [   0% ]

Run                [ 100% ] setup()
peak_create_race   [   0% ]

Run                [ 100% ] setup()
peak_create_race   [   0% ]

Run                [ 100% ] setup()
peak_create_race   [   0% ]

Run                [ 100% ] setup()
peak_create_race   [   0% ]

Run                [ 100% ] setup()
peak_create_race   [   0% ]

Run                [ 100% ] setup()
peak_create_race   [   0% ]

Run                [ 100% ] setup()
peak_create_race   [   0% ]

Run                [ 100% ] setup()
peak_create_race   [   0% ]

Run                [ 100% ] setup()
peak_create_race   [   0% ]

Run                [ 100% ] setup()
peak_create_race   [   0% ]

Run                [ 100% ] setup()
peak_create_race   [   0% ]

Run                [ 100% ] setup()
peak_create_race   [   0% ]

Run                [ 100% ] setup()
peak_create_race   [   0% ]

Run                [ 100% ] setup()
peak_create_race   [   0% ]

Run                [ 100% ] setup()
peak_create_race   [   0% ]

Run                [ 100% ] setup()
peak_create_race   [   0% ]

Run                [ 100% ] setup()
peak_create_race   [   0% ]

Run                [ 100% ] setup()
peak_create_race   [   0% ]

Run                [ 100% ] setup()
peak_create_race   [   0% ]

Run                [ 100% ] setup()
peak_create_race   [   0% ]

Run                [ 100% ] setup()
peak_create_race   [   0% ]

Run                [ 100% ] setup()
peak_create_race   [   0% ]

Run                [ 100% ] setup()
peak_create_race   [   0% ]

Run                [ 100% ] setup()
peak_create_race   [   0% ]

Run                [ 100% ] setup()
peak_create_race   [   0% ]

Run                [ 100% ] setup()
peak_create_race   [   0% ]

Run                [ 100% ] setup()
peak_create_race   [   0% ]

Run                [ 100% ] setup()
peak_create_race   [   0% ]

Run                [ 100% ] setup()
peak_create_race   [   0% ]

Run                [ 100% ] setup()
peak_create_race   [   0% ]

Run                [ 100% ] setup()
peak_create_race   [   0% ]

Run                [ 100% ] setup()
peak_create_race   [   0% ]

Run                [ 100% ] setup()
peak_create_race   [   0% ]

Run                [ 100% ] setup()
peak_create_race   [   0% ]

Run                [ 100% ] setup()
peak_create_race   [   0% ]

Run                [ 100% ] setup()
peak_create_race   [   0% ]

Run                [ 100% ] setup()
peak_create_race   [   0% ]

Run                [ 100% ] setup()
peak_create_race   [   0% ]

Run                [ 100% ] setup()
peak_create_race   [   0% ]

Run                [ 100% ] setup()
peak_create_race   [   0% ]

Run                [ 100% ] setup()
peak_create_race   [   0% ]

Run                [ 100% ] setup()
peak_create_race   [   0% ]

Run                [ 100% ] setup()
peak_create_race   [   0% ]

Run                [ 100% ] setup()
peak_create_race   [   0% ]

Run                [ 100% ] setup()
peak_create_race   [   0% ]

Run                [ 100% ] setup()
peak_create_race   [   0% ]

Run                [ 100% ] setup()
peak_create_race   [   0% ]

Run                [ 100% ] setup()
peak_create_race   [   0% ]

Run                [ 100% ] setup()
peak_create_race   [   0% ]

Run                [ 100% ] setup()
peak_create_race   [   0% ]

Run                [ 100% ] setup()
peak_create_race   [   0% ]

Run                [ 100% ] setup()
peak_create_race   [   0% ]

Run                [ 100% ] setup()
peak_create_race   [   0% ]

Run                [ 100% ] setup()
peak_create_race   [   0% ]

Run                [ 100% ] setup()
peak_create_race   [   0% ]

Run                [ 100% ] setup()
peak_create_race   [   0% ]

Run                [ 100% ] setup()
peak_create_race   [   0% ]

Run                [ 100% ] setup()
peak_create_race   [   0% ]

Run                [ 100% ] setup()
peak_create_race   [   0% ]

Run                [ 100% ] setup()
peak_create_race   [   0% ]

Run                [ 100% ] setup()
peak_create_race   [   0% ]

Run                [ 100% ] setup()
peak_create_race   [   0% ]

Run                [ 100% ] setup()
peak_create_race   [   0% ]

Run                [ 100% ] setup()
peak_create_race   [   0% ]

Run                [ 100% ] setup()
peak_create_race   [   0% ]

Run                [ 100% ] setup()
peak_create_race   [   0% ]

Run                [ 100% ] setup()
peak_create_race   [   0% ]

Run                [ 100% ] setup()
peak_create_race   [   0% ]

Run                [ 100% ] setup()
peak_create_race   [   0% ]

Run                [ 100% ] setup()
peak_create_race   [   0% ]

Run                [ 100% ] setup()
peak_create_race   [   0% ]

Run                [ 100% ] setup()
peak_create_race   [   0% ]

Run                [ 100% ] setup()
peak_create_race   [   0% ]

Run                [ 100% ] setup()
peak_create_race   [   0% ]

Run                [ 100% ] setup()
peak_create_race   [   0% ]

Run                [ 100% ] setup()
peak_create_race   [   0% ]

Run                [ 100% ] setup()
peak_create_race   [   0% ]

Run                [ 100% ] setup()
peak_create_race   [   0% ]

Run                [ 100% ] setup()
peak_create_race   [   0% ]

Run                [ 100% ] setup()
peak_create_race   [   0% ]

Run                [ 100% ] setup()
peak_create_race   [   0% ]

Run                [ 100% ] setup()
peak_create_race   [   0% ]

Run                [ 100% ] setup()
peak_create_race   [   0% ]

Run                [ 100% ] setup()
peak_create_race   [   0% ]

Run                [ 100% ] setup()
peak_create_race   [   0% ]

Run                [ 100% ] setup()
peak_create_race   [   0% ]

Run                [ 100% ] setup()
peak_create_race   [   0% ]

Run                [ 100% ] setup()
peak_create_race   [   0% ]

Run                [ 100% ] setup()
peak_create_race   [   0% ]

Run                [ 100% ] setup()
peak_create_race   [   0% ]

Run                [ 100% ] setup()
peak_create_race   [   0% ]

Run                [ 100% ] setup()
peak_create_race   [   0% ]

Run                [ 100% ] setup()
peak_create_race   [   0% ]

Run                [ 100% ] setup()
peak_create_race   [   0% ]

Run                [ 100% ] setup()
peak_create_race   [   0% ]

Run                [ 100% ] setup()
peak_create_race   [   0% ]

Run                [ 100% ] setup()
peak_create_race   [   0% ]

Run                [ 100% ] setup()
peak_create_race   [   0% ]

Run                [ 100% ] setup()
peak_create_race   [   0% ]

Run                [ 100% ] setup()
peak_create_race   [   0% ]

Run                [ 100% ] setup()
peak_create_race   [   0% ]

Run                [ 100% ] setup()
peak_create_race   [   0% ]

Run                [ 100% ] setup()
peak_create_race   [   0% ]

Run                [ 100% ] setup()
peak_create_race   [   0% ]

Run                [ 100% ] setup()
peak_create_race   [   0% ]

Run                [ 100% ] setup()
peak_create_race   [   0% ]

Run                [ 100% ] setup()
peak_create_race   [   0% ]

Run                [ 100% ] setup()
peak_create_race   [   0% ]

Run                [ 100% ] setup()
peak_create_race   [   0% ]

Run                [ 100% ] setup()
peak_create_race   [   0% ]

Run                [ 100% ] setup()
peak_create_race   [   0% ]

Run                [ 100% ] setup()
peak_create_race   [   0% ]

Run                [ 100% ] setup()
peak_create_race   [   0% ]

Run                [ 100% ] setup()
peak_create_race   [   0% ]

Run                [ 100% ] setup()
peak_create_race   [   0% ]

Run                [ 100% ] setup()
peak_create_race   [   0% ]

Run                [ 100% ] setup()
peak_create_race   [   0% ]

Run                [ 100% ] setup()
peak_create_race   [   0% ]

Run                [ 100% ] setup()
peak_create_race   [   0% ]

Run                [ 100% ] setup()
peak_create_race   [   0% ]

Run                [ 100% ] setup()
peak_create_race   [   0% ]

Run                [ 100% ] setup()
peak_create_race   [   0% ]

Run                [ 100% ] setup()
peak_create_race   [   0% ]

Run                [ 100% ] setup()
peak_create_race   [   0% ]

Run                [ 100% ] setup()
peak_create_race   [   0% ]

Run                [ 100% ] setup()
peak_create_race   [   0% ]


  █ THRESHOLDS 

    checks
    ✓ 'rate==1.0' rate=0.00%

    peak_create_race_conflict
    ✗ 'count==999' count=0

    peak_create_race_success
    ✗ 'count==1' count=0

    peak_create_race_unexpected
    ✓ 'count==0' count=0


  █ TOTAL RESULTS 

    checks_total.......: 0     0/s
    checks_succeeded...: 0.00% 0 out of 0
    checks_failed......: 0.00% 0 out of 0


    CUSTOM
    peak_create_race_conflict......: 0      0/s
    peak_create_race_success.......: 0      0/s
    peak_create_race_unexpected....: 0      0/s

    HTTP
    http_req_duration..............: avg=102.83ms min=12.63ms med=94.5ms max=367.13ms p(90)=127.27ms p(95)=133.62ms
      { expected_response:true }...: avg=102.83ms min=12.63ms med=94.5ms max=367.13ms p(90)=127.27ms p(95)=133.62ms
    http_req_failed................: 0.00%  0 out of 1744
    http_reqs......................: 1744   9.68903/s

    EXECUTION
    vus............................: 0      min=0         max=0   
    vus_max........................: 1000   min=1000      max=1000

    NETWORK
    data_received..................: 1.2 MB 6.5 kB/s
    data_sent......................: 460 kB 2.6 kB/s




Run                [ 100% ] setup()
peak_create_race   [   0% ]
time="2026-08-12T11:28:01+09:00" level=error msg="setup() execution timed out after 180 seconds" hint="You can increase the time limit via the setupTimeout option"
