
         /\      Grafana   /‾‾/  
    /\  /  \     |\  __   /  /   
   /  \/    \    | |/ /  /   ‾‾\ 
  /          \   |   (  |  (‾)  |
 / __________ \  |_|\_\  \_____/ 


     execution: local
        script: k6/scenarios/peak-reservation-create-race.js
        output: -

     scenarios: (100.00%) 1 scenario, 10 max VUs, 1m0s max duration (incl. graceful stop):
              * peak_create_race: 1 iterations for each of 10 VUs (maxDuration: 30s, gracefulStop: 30s)


Run                [ 100% ] setup()
peak_create_race   [   0% ]

Run                [ 100% ] setup()
peak_create_race   [   0% ]
time="2026-08-12T10:31:17+09:00" level=info msg="teardown 검증 성공: 회차 100는 경쟁 종료 후에도 CREATE 배타 선점이 유지된다(정합성 위반 없음)." source=console


  █ THRESHOLDS 

    checks
    ✓ 'rate==1.0' rate=100.00%

    peak_create_race_conflict
    ✓ 'count==9' count=9

    peak_create_race_success
    ✓ 'count==1' count=1

    peak_create_race_unexpected
    ✓ 'count==0' count=0


  █ TOTAL RESULTS 

    checks_total.......: 11      3.977521/s
    checks_succeeded...: 100.00% 11 out of 11
    checks_failed......: 0.00%   0 out of 11

    ✓ peak_create_race: 성공(200) 또는 예상된 경쟁 실패(409)
    ✓ peak_create_race teardown: 경쟁 종료 후에도 CREATE 배타 선점이 유지된다

    CUSTOM
    peak_create_race_conflict......: 9      3.254335/s
    peak_create_race_success.......: 1      0.361593/s
    peak_create_race_unexpected....: 0      0/s

    HTTP
    http_req_duration..............: avg=90.77ms  min=22.07ms med=99.54ms  max=137.88ms p(90)=117.39ms p(95)=121.73ms
      { expected_response:true }...: avg=90.45ms  min=22.07ms med=99.54ms  max=137.88ms p(90)=106.46ms p(95)=113.41ms
    http_req_failed................: 25.64% 10 out of 39
    http_reqs......................: 39     14.102118/s

    EXECUTION
    iteration_duration.............: avg=104.23ms min=71.65ms med=105.08ms max=132.42ms p(90)=129.35ms p(95)=130.88ms
    iterations.....................: 10     3.615928/s
    vus............................: 0      min=0        max=0 
    vus_max........................: 10     min=10       max=10

    NETWORK
    data_received..................: 24 kB  8.7 kB/s
    data_sent......................: 13 kB  4.6 kB/s




running (0m02.8s), 00/10 VUs, 10 complete and 0 interrupted iterations
peak_create_race ✓ [ 100% ] 10 VUs  00.1s/30s  10/10 iters, 1 per VU
